Component: ARM Compiler 5.06 update 7 (build 960) Tool: armlink [4d3601]

==============================================================================

Section Cross References

    main.o(i.HAL_TIM_PeriodElapsedCallback) refers to stm32f4xx_hal.o(i.HAL_IncTick) for HAL_IncTick
    main.o(i.SystemClock_Config) refers to rt_memclr_w.o(.text) for __aeabi_memclr4
    main.o(i.SystemClock_Config) refers to stm32f4xx_hal_rcc.o(i.HAL_RCC_OscConfig) for HAL_RCC_OscConfig
    main.o(i.SystemClock_Config) refers to main.o(i.Error_Handler) for Error_Handler
    main.o(i.SystemClock_Config) refers to stm32f4xx_hal_rcc.o(i.HAL_RCC_ClockConfig) for HAL_RCC_ClockConfig
    main.o(i.main) refers to stm32f4xx_hal.o(i.HAL_Init) for HAL_Init
    main.o(i.main) refers to main.o(i.SystemClock_Config) for SystemClock_Config
    main.o(i.main) refers to gpio.o(i.MX_GPIO_Init) for MX_GPIO_Init
    main.o(i.main) refers to dma.o(i.MX_DMA_Init) for MX_DMA_Init
    main.o(i.main) refers to can.o(i.MX_CAN1_Init) for MX_CAN1_Init
    main.o(i.main) refers to can.o(i.MX_CAN2_Init) for MX_CAN2_Init
    main.o(i.main) refers to spi.o(i.MX_SPI1_Init) for MX_SPI1_Init
    main.o(i.main) refers to usart.o(i.MX_USART3_UART_Init) for MX_USART3_UART_Init
    main.o(i.main) refers to usart.o(i.MX_USART6_UART_Init) for MX_USART6_UART_Init
    main.o(i.main) refers to tim.o(i.MX_TIM10_Init) for MX_TIM10_Init
    main.o(i.main) refers to tim.o(i.MX_TIM4_Init) for MX_TIM4_Init
    main.o(i.main) refers to segger_sysview_config_freertos.o(i.SEGGER_SYSVIEW_Conf) for SEGGER_SYSVIEW_Conf
    main.o(i.main) refers to bsp_dwt.o(i.DWT_Init) for DWT_Init
    main.o(i.main) refers to bmi088driver.o(i.BMI088_init) for BMI088_init
    main.o(i.main) refers to freertos.o(i.MX_FREERTOS_Init) for MX_FREERTOS_Init
    main.o(i.main) refers to cmsis_os.o(i.osKernelStart) for osKernelStart
    main.o(i.main) refers to spi.o(.bss) for hspi1
    gpio.o(i.MX_GPIO_Init) refers to rt_memclr_w.o(.text) for __aeabi_memclr4
    gpio.o(i.MX_GPIO_Init) refers to stm32f4xx_hal_gpio.o(i.HAL_GPIO_WritePin) for HAL_GPIO_WritePin
    gpio.o(i.MX_GPIO_Init) refers to stm32f4xx_hal_gpio.o(i.HAL_GPIO_Init) for HAL_GPIO_Init
    gpio.o(i.MX_GPIO_Init) refers to stm32f4xx_hal_cortex.o(i.HAL_NVIC_SetPriority) for HAL_NVIC_SetPriority
    gpio.o(i.MX_GPIO_Init) refers to stm32f4xx_hal_cortex.o(i.HAL_NVIC_EnableIRQ) for HAL_NVIC_EnableIRQ
    freertos.o(i.MX_FREERTOS_Init) refers to rt_memcpy_w.o(.text) for __aeabi_memcpy4
    freertos.o(i.MX_FREERTOS_Init) refers to cmsis_os.o(i.osThreadCreate) for osThreadCreate
    freertos.o(i.MX_FREERTOS_Init) refers to freertos.o(.constdata) for .constdata
    freertos.o(i.MX_FREERTOS_Init) refers to freertos.o(.data) for defaultTaskHandle
    freertos.o(i.StartDefaultTask) refers to usb_device.o(i.MX_USB_DEVICE_Init) for MX_USB_DEVICE_Init
    freertos.o(i.StartDefaultTask) refers to cmsis_os.o(i.osDelay) for osDelay
    freertos.o(i.vApplicationGetIdleTaskMemory) refers to freertos.o(.bss) for xIdleTaskTCBBuffer
    freertos.o(.constdata) refers to freertos.o(.conststring) for .conststring
    freertos.o(.constdata) refers to freertos.o(i.StartDefaultTask) for StartDefaultTask
    freertos.o(.constdata) refers to init_task.o(i.Init_Task) for Init_Task
    can.o(i.HAL_CAN_MspDeInit) refers to stm32f4xx_hal_gpio.o(i.HAL_GPIO_DeInit) for HAL_GPIO_DeInit
    can.o(i.HAL_CAN_MspDeInit) refers to stm32f4xx_hal_cortex.o(i.HAL_NVIC_DisableIRQ) for HAL_NVIC_DisableIRQ
    can.o(i.HAL_CAN_MspDeInit) refers to can.o(.data) for HAL_RCC_CAN1_CLK_ENABLED
    can.o(i.HAL_CAN_MspInit) refers to rt_memclr_w.o(.text) for __aeabi_memclr4
    can.o(i.HAL_CAN_MspInit) refers to stm32f4xx_hal_gpio.o(i.HAL_GPIO_Init) for HAL_GPIO_Init
    can.o(i.HAL_CAN_MspInit) refers to stm32f4xx_hal_cortex.o(i.HAL_NVIC_SetPriority) for HAL_NVIC_SetPriority
    can.o(i.HAL_CAN_MspInit) refers to stm32f4xx_hal_cortex.o(i.HAL_NVIC_EnableIRQ) for HAL_NVIC_EnableIRQ
    can.o(i.HAL_CAN_MspInit) refers to can.o(.data) for HAL_RCC_CAN1_CLK_ENABLED
    can.o(i.MX_CAN1_Init) refers to stm32f4xx_hal_can.o(i.HAL_CAN_Init) for HAL_CAN_Init
    can.o(i.MX_CAN1_Init) refers to main.o(i.Error_Handler) for Error_Handler
    can.o(i.MX_CAN1_Init) refers to can.o(.bss) for hcan1
    can.o(i.MX_CAN2_Init) refers to stm32f4xx_hal_can.o(i.HAL_CAN_Init) for HAL_CAN_Init
    can.o(i.MX_CAN2_Init) refers to main.o(i.Error_Handler) for Error_Handler
    can.o(i.MX_CAN2_Init) refers to can.o(.bss) for hcan2
    dma.o(i.MX_DMA_Init) refers to stm32f4xx_hal_cortex.o(i.HAL_NVIC_SetPriority) for HAL_NVIC_SetPriority
    dma.o(i.MX_DMA_Init) refers to stm32f4xx_hal_cortex.o(i.HAL_NVIC_EnableIRQ) for HAL_NVIC_EnableIRQ
    spi.o(i.HAL_SPI_MspDeInit) refers to stm32f4xx_hal_gpio.o(i.HAL_GPIO_DeInit) for HAL_GPIO_DeInit
    spi.o(i.HAL_SPI_MspDeInit) refers to stm32f4xx_hal_dma.o(i.HAL_DMA_DeInit) for HAL_DMA_DeInit
    spi.o(i.HAL_SPI_MspInit) refers to rt_memclr_w.o(.text) for __aeabi_memclr4
[...]
    SEGGER_SYSVIEW_TickCnt                   0x200003cc   Data           4  segger_sysview.o(.data)
    SEGGER_SYSVIEW_InterruptId               0x200003d0   Data           4  segger_sysview.o(.data)
    hcan1                                    0x2000063c   Data          40  can.o(.bss)
    hcan2                                    0x20000664   Data          40  can.o(.bss)
    hspi1                                    0x2000068c   Data          88  spi.o(.bss)
    hdma_spi1_rx                             0x200006e4   Data          96  spi.o(.bss)
    hdma_spi1_tx                             0x20000744   Data          96  spi.o(.bss)
    htim4                                    0x200007a4   Data          72  tim.o(.bss)
    htim10                                   0x200007ec   Data          72  tim.o(.bss)
    huart3                                   0x20000834   Data          68  usart.o(.bss)
    huart6                                   0x20000878   Data          68  usart.o(.bss)
    hdma_usart3_rx                           0x200008bc   Data          96  usart.o(.bss)
    hdma_usart6_rx                           0x2000091c   Data          96  usart.o(.bss)
    hdma_usart6_tx                           0x2000097c   Data          96  usart.o(.bss)
    htim1                                    0x200009dc   Data          72  stm32f4xx_hal_timebase_tim.o(.bss)
    Sbus_RX_Buffer                           0x20000a3c   Data          72  bsp_dr16.o(.bss)
    CAN_Encoder                              0x20000a84   Data         550  bsp_motor_encoder.o(.bss)
    Referee_RX_Buffer                        0x20000caa   Data         512  bsp_referee.o(.bss)
    Referee_Data                             0x20000eaa   Data         256  bsp_referee.o(.bss)
    referee                                  0x20000faa   Data         503  bsp_referee.o(.bss)
    Gimbal_Control                           0x200011d8   Data        3408  gimbal_task.o(.bss)
    INS                                      0x20001f28   Data         128  imu_task.o(.bss)
    IMU_Param                                0x20001fa8   Data          28  imu_task.o(.bss)
    TempCtrl                                 0x20001fc4   Data         144  imu_task.o(.bss)
    gyroDiff                                 0x20002054   Data          12  bmi088driver.o(.bss)
    BMI088                                   0x20002060   Data          52  bmi088driver.o(.bss)
    QEKF_INS                                 0x20002098   Data         472  quaternionekf.o(.bss)
    IMU_QuaternionEKF_K                      0x20002270   Data          72  quaternionekf.o(.bss)
    IMU_QuaternionEKF_H                      0x200022b8   Data          72  quaternionekf.o(.bss)
    hUsbDeviceFS                             0x20002300   Data         732  usb_device.o(.bss)
    USBD_StrDesc                             0x200025dc   Data         512  usbd_desc.o(.bss)
    UserRxBufferFS                           0x200027dc   Data        2048  usbd_cdc_if.o(.bss)
    UserTxBufferFS                           0x20002fdc   Data        2048  usbd_cdc_if.o(.bss)
    hpcd_USB_OTG_FS                          0x200037dc   Data        1292  usbd_conf.o(.bss)
    _SEGGER_RTT                              0x20007bf8   Data         168  segger_rtt.o(.bss)
    __libspace_start                         0x2000865c   Data          96  libspace.o(.bss)
    __temporary_stack_top$libspace           0x200086bc   Data           0  libspace.o(.bss)



==============================================================================

Memory Map of the image

  Image Entry point : 0x08000189

  Load Region LR_IROM1 (Base: 0x08000000, Size: 0x00012cfc, Max: 0x00100000, ABSOLUTE, COMPRESSED[0x00012a48])

    Execution Region ER_IROM1 (Exec base: 0x08000000, Load base: 0x08000000, Size: 0x00012914, Max: 0x00100000, ABSOLUTE)

    Exec Addr    Load Addr    Size         Type   Attr      Idx    E Section Name        Object

    0x08000000   0x08000000   0x00000188   Data   RO         3152    RESET               startup_stm32f407xx.o
    0x08000188   0x08000188   0x00000008   Code   RO        10198  * !!!main             c_w.l(__main.o)
    0x08000190   0x08000190   0x00000034   Code   RO        10531    !!!scatter          c_w.l(__scatter.o)
    0x080001c4   0x080001c4   0x0000005a   Code   RO        10529    !!dczerorl2         c_w.l(__dczerorl2.o)
    0x0800021e   0x0800021e   0x00000002   PAD
    0x08000220   0x08000220   0x0000001c   Code   RO        10533    !!handler_zi        c_w.l(__scatter_zi.o)
    0x0800023c   0x0800023c   0x00000002   Code   RO        10466    .ARM.Collect$$libinit$$00000000  c_w.l(libinit.o)
    0x0800023e   0x0800023e   0x00000004   Code   RO        10308    .ARM.Collect$$libinit$$00000001  c_w.l(libinit2.o)
    0x08000242   0x08000242   0x00000000   Code   RO        10311    .ARM.Collect$$libinit$$00000004  c_w.l(libinit2.o)
    0x08000242   0x08000242   0x00000008   Code   RO        10312    .ARM.Collect$$libinit$$00000005  c_w.l(libinit2.o)
    0x0800024a   0x0800024a   0x00000000   Code   RO        10314    .ARM.Collect$$libinit$$0000000A  c_w.l(libinit2.o)
    0x0800024a   0x0800024a   0x00000000   Code   RO        10316    .ARM.Collect$$libinit$$0000000C  c_w.l(libinit2.o)
    0x0800024a   0x0800024a   0x00000000   Code   RO        10318    .ARM.Collect$$libinit$$0000000E  c_w.l(libinit2.o)
    0x0800024a   0x0800024a   0x00000000   Code   RO        10321    .ARM.Collect$$libinit$$00000011  c_w.l(libinit2.o)
    0x0800024a   0x0800024a   0x00000000   Code   RO        10323    .ARM.Collect$$libinit$$00000013  c_w.l(libinit2.o)
    0x0800024a   0x0800024a   0x00000000   Code   RO        10325    .ARM.Collect$$libinit$$00000015  c_w.l(libinit2.o)
    0x0800024a   0x0800024a   0x00000000   Code   RO        10327    .ARM.Collect$$libinit$$00000017  c_w.l(libinit2.o)
    0x0800024a   0x0800024a   0x00000000   Code   RO        10329    .ARM.Collect$$libinit$$00000019  c_w.l(libinit2.o)
    0x0800024a   0x0800024a   0x00000000   Code   RO        10331    .ARM.Collect$$libinit$$0000001B  c_w.l(libinit2.o)
    0x0800024a   0x0800024a   0x00000000   Code   RO        10333    .ARM.Collect$$libinit$$0000001D  c_w.l(libinit2.o)
    0x0800024a   0x0800024a   0x00000000   Code   RO        10335    .ARM.Collect$$libinit$$0000001F  c_w.l(libinit2.o)
    0x0800024a   0x0800024a   0x00000000   Code   RO        10337    .ARM.Collect$$libinit$$00000021  c_w.l(libinit2.o)
    0x0800024a   0x0800024a   0x00000000   Code   RO        10339    .ARM.Collect$$libinit$$00000023  c_w.l(libinit2.o)
    0x0800024a   0x0800024a   0x00000000   Code   RO        10341    .ARM.Collect$$libinit$$00000025  c_w.l(libinit2.o)
    0x0800024a   0x0800024a   0x00000000   Code   RO        10345    .ARM.Collect$$libinit$$0000002C  c_w.l(libinit2.o)
    0x0800024a   0x0800024a   0x00000000   Code   RO        10347    .ARM.Collect$$libinit$$0000002E  c_w.l(libinit2.o)
    0x0800024a   0x0800024a   0x00000000   Code   RO        10349    .ARM.Collect$$libinit$$00000030  c_w.l(libinit2.o)
    0x0800024a   0x0800024a   0x00000000   Code   RO        10351    .ARM.Collect$$libinit$$00000032  c_w.l(libinit2.o)
    0x0800024a   0x0800024a   0x00000002   Code   RO        10352    .ARM.Collect$$libinit$$00000033  c_w.l(libinit2.o)
    0x0800024c   0x0800024c   0x00000002   Code   RO        10526    .ARM.Collect$$libshutdown$$00000000  c_w.l(libshutdown.o)
    0x0800024e   0x0800024e   0x00000000   Code   RO        10482    .ARM.Collect$$libshutdown$$00000002  c_w.l(libshutdown2.o)
    0x0800024e   0x0800024e   0x00000000   Code   RO        10484    .ARM.Collect$$libshutdown$$00000004  c_w.l(libshutdown2.o)
    0x0800024e   0x0800024e   0x00000000   Code   RO        10486    .ARM.Collect$$libshutdown$$00000006  c_w.l(libshutdown2.o)
    0x0800024e   0x0800024e   0x00000000   Code   RO        10489    .ARM.Collect$$libshutdown$$00000009  c_w.l(libshutdown2.o)
    0x0800024e   0x0800024e   0x00000000   Code   RO        10492    .ARM.Collect$$libshutdown$$0000000C  c_w.l(libshutdown2.o)
    0x0800024e   0x0800024e   0x00000000   Code   RO        10494    .ARM.Collect$$libshutdown$$0000000E  c_w.l(libshutdown2.o)
    0x0800024e   0x0800024e   0x00000000   Code   RO        10497    .ARM.Collect$$libshutdown$$00000011  c_w.l(libshutdown2.o)
    0x0800024e   0x0800024e   0x00000002   Code   RO        10498    .ARM.Collect$$libshutdown$$00000012  c_w.l(libshutdown2.o)
    0x08000250   0x08000250   0x00000000   Code   RO        10272    .ARM.Collect$$rtentry$$00000000  c_w.l(__rtentry.o)
    0x08000250   0x08000250   0x00000000   Code   RO        10394    .ARM.Collect$$rtentry$$00000002  c_w.l(__rtentry2.o)
    0x08000250   0x08000250   0x00000006   Code   RO        10406    .ARM.Collect$$rtentry$$00000004  c_w.l(__rtentry4.o)
    0x08000256   0x08000256   0x00000000   Code   RO        10396    .ARM.Collect$$rtentry$$00000009  c_w.l(__rtentry2.o)
    0x08000256   0x08000256   0x00000004   Code   RO        10397    .ARM.Collect$$rtentry$$0000000A  c_w.l(__rtentry2.o)
    0x0800025a   0x0800025a   0x00000000   Code   RO        10399    .ARM.Collect$$rtentry$$0000000C  c_w.l(__rtentry2.o)
    0x0800025a   0x0800025a   0x00000008   Code   RO        10400    .ARM.Collect$$rtentry$$0000000D  c_w.l(__rtentry2.o)
    0x08000262   0x08000262   0x00000002   Code   RO        10469    .ARM.Collect$$rtexit$$00000000  c_w.l(rtexit.o)
    0x08000264   0x08000264   0x00000000   Code   RO        10502    .ARM.Collect$$rtexit$$00000002  c_w.l(rtexit2.o)
    0x08000264   0x08000264   0x00000004   Code   RO        10503    .ARM.Collect$$rtexit$$00000003  c_w.l(rtexit2.o)
    0x08000268   0x08000268   0x00000006   Code   RO        10504    .ARM.Collect$$rtexit$$00000004  c_w.l(rtexit2.o)
    0x0800026e   0x0800026e   0x00000002   PAD
    0x08000270   0x08000270   0x000000be   Code   RO         8491    .emb_text           port.o
    0x0800032e   0x0800032e   0x00000002   PAD
    0x08000330   0x08000330   0x00000000   Code   RO        10417    .emb_text           c_w.l(maybetermalloc1.o)
    0x08000330   0x08000330   0x00000040   Code   RO         3153    .text               startup_stm32f407xx.o
    0x08000370   0x08000370   0x00000078   Code   RO         9817    .text               arm_cortexM4lf_math.lib(arm_cos_f32.o)
    0x080003e8   0x080003e8   0x00000094   Code   RO         9867    .text               arm_cortexM4lf_math.lib(arm_sin_f32.o)
    0x0800047c   0x0800047c   0x00000108   Code   RO         9891    .text               arm_cortexM4lf_math.lib(arm_mat_add_f32.o)
    0x08000584   0x08000584   0x00000008   Code   RO         9915    .text               arm_cortexM4lf_math.lib(arm_mat_init_f32.o)
    0x0800058c   0x0800058c   0x00000530   Code   RO         9939    .text               arm_cortexM4lf_math.lib(arm_mat_inverse_f32.o)
    0x08000abc   0x08000abc   0x0000013c   Code   RO         9963    .text               arm_cortexM4lf_math.lib(arm_mat_mult_f32.o)
    0x08000bf8   0x08000bf8   0x00000108   Code   RO         9987    .text               arm_cortexM4lf_math.lib(arm_mat_sub_f32.o)
    0x08000d00   0x08000d00   0x00000114   Code   RO        10011    .text               arm_cortexM4lf_math.lib(arm_mat_trans_f32.o)
    0x08000e14   0x08000e14   0x00000018   Code   RO        10116    .text               c_w.l(stats.o)
    0x08000e2c   0x08000e2c   0x0000005e   Code   RO        10122    .text               c_w.l(h1_alloc.o)
    0x08000e8a   0x08000e8a   0x0000004e   Code   RO        10124    .text               c_w.l(h1_free.o)
    0x08000ed8   0x08000ed8   0x000000ee   Code   RO        10180    .text               c_w.l(lludivv7m.o)
    0x08000fc6   0x08000fc6   0x00000058   Code   RO        10182    .text               c_w.l(memcmp.o)
    0x0800101e   0x0800101e   0x0000008a   Code   RO        10186    .text               c_w.l(rt_memcpy_v6.o)
    0x080010a8   0x080010a8   0x00000064   Code   RO        10188    .text               c_w.l(rt_memcpy_w.o)
    0x0800110c   0x0800110c   0x00000044   Code   RO        10192    .text               c_w.l(rt_memclr.o)
    0x08001150   0x08001150   0x0000004e   Code   RO        10194    .text               c_w.l(rt_memclr_w.o)
    0x0800119e   0x0800119e   0x00000006   Code   RO        10196    .text               c_w.l(heapauxi.o)
    0x080011a4   0x080011a4   0x00000008   Code   RO        10280    .text               c_w.l(rt_heap_descriptor_intlibspace.o)
    0x080011ac   0x080011ac   0x00000004   Code   RO        10282    .text               c_w.l(hguard.o)
    0x080011b0   0x080011b0   0x0000008a   Code   RO        10284    .text               c_w.l(init_alloc.o)
    0x0800123a   0x0800123a   0x0000000e   Code   RO        10288    .text               c_w.l(h1_init.o)
    0x08001248   0x08001248   0x000000e0   Code   RO        10292    .text               c_w.l(h1_stats.o)
    0x08001328   0x08001328   0x00000016   Code   RO        10304    .text               c_w.l(_rserrno.o)
    0x0800133e   0x0800133e   0x00000002   PAD
    0x08001340   0x08001340   0x00000008   Code   RO        10390    .text               c_w.l(libspace.o)
    0x08001348   0x08001348   0x00000008   Code   RO        10413    .text               c_w.l(rt_errno_addr_intlibspace.o)
    0x08001350   0x08001350   0x00000034   Code   RO        10419    .text               c_w.l(h1_extend.o)
    0x08001384   0x08001384   0x00000030   Code   RO        10423    .text               c_w.l(_fptrap.o)
    0x080013b4   0x080013b4   0x0000000e   Code   RO        10425    .text               c_w.l(defsig_rtmem_outer.o)
    0x080013c2   0x080013c2   0x00000002   Code   RO        10438    .text               c_w.l(use_no_semi.o)
    0x080013c4   0x080013c4   0x00000000   Code   RO        10440    .text               c_w.l(indicate_semi.o)
    0x080013c4   0x080013c4   0x0000004a   Code   RO        10441    .text               c_w.l(sys_stackheap_outer.o)
    0x0800140e   0x0800140e   0x00000012   Code   RO        10447    .text               c_w.l(exit.o)
    0x08001420   0x08001420   0x0000000a   Code   RO        10449    .text               c_w.l(defsig_exit.o)
    0x0800142a   0x0800142a   0x0000000e   Code   RO        10451    .text               c_w.l(defsig_fpe_outer.o)
    0x08001438   0x08001438   0x00000050   Code   RO        10455    .text               c_w.l(defsig_rtmem_inner.o)
    0x08001488   0x08001488   0x0000000c   Code   RO        10467    .text               c_w.l(sys_exit.o)
    0x08001494   0x08001494   0x00000032   Code   RO        10477    .text               c_w.l(defsig_general.o)
    0x080014c6   0x080014c6   0x00000002   PAD
    0x080014c8   0x080014c8   0x000000ac   Code   RO        10479    .text               c_w.l(defsig_fpe_inner.o)
    0x08001574   0x08001574   0x0000000e   Code   RO        10499    .text               c_w.l(sys_wrch.o)
    0x08001582   0x08001582   0x00000002   PAD
    0x08001584   0x08001584   0x00000014   Code   RO         2189    i.BMI088_ACCEL_NS_H  bmi088middleware.o
    0x08001598   0x08001598   0x00000014   Code   RO         2190    i.BMI088_ACCEL_NS_L  bmi088middleware.o
    0x080015ac   0x080015ac   0x00000014   Code   RO         2191    i.BMI088_GYRO_NS_H  bmi088middleware.o
    0x080015c0   0x080015c0   0x00000014   Code   RO         2192    i.BMI088_GYRO_NS_L  bmi088middleware.o
    0x080015d4   0x080015d4   0x0000027c   Code   RO         2104    i.BMI088_Read       bmi088driver.o
    0x08001850   0x08001850   0x0000009c   Code   RO         2105    i.BMI088_init       bmi088driver.o
    0x080018ec   0x080018ec   0x00000026   Code   RO         2106    i.BMI088_read_muli_reg  bmi088driver.o
    0x08001912   0x08001912   0x00000018   Code   RO         2107    i.BMI088_read_single_reg  bmi088driver.o
    0x0800192a   0x0800192a   0x00000002   PAD
    0x0800192c   0x0800192c   0x00000024   Code   RO         2193    i.BMI088_read_write_byte  bmi088middleware.o
    0x08001950   0x08001950   0x00000014   Code   RO         2108    i.BMI088_write_single_reg  bmi088driver.o
    0x08001964   0x08001964   0x00000058   Code   RO          949    i.Block_Detect      bsp_motor_encoder.o
    0x080019bc   0x080019bc   0x0000015a   Code   RO         1812    i.BodyFrameToEarthFrame  imu_task.o
    0x08001b16   0x08001b16   0x00000004   Code   RO          567    i.BusFault_Handler  stm32f4xx_it.o
    0x08001b1a   0x08001b1a   0x00000002   PAD
    0x08001b1c   0x08001b1c   0x00000010   Code   RO          568    i.CAN1_RX0_IRQHandler  stm32f4xx_it.o
    0x08001b2c   0x08001b2c   0x0000003c   Code   RO         1346    i.CAN1_filter_config  can1_receive.o
    0x08001b68   0x08001b68   0x00000010   Code   RO          569    i.CAN2_RX0_IRQHandler  stm32f4xx_it.o
    0x08001b78   0x08001b78   0x00000044   Code   RO         1525    i.CAN2_filter_config  can2_receive.o
    0x08001bbc   0x08001bbc   0x000000d0   Code   RO          951    i.CAN_DATA_Encoder_Deal  bsp_motor_encoder.o
    0x08001c8c   0x08001c8c   0x00000044   Code   RO         3276    i.CDC_Control_FS    usbd_cdc_if.o
    0x08001cd0   0x08001cd0   0x00000004   Code   RO         3277    i.CDC_DeInit_FS     usbd_cdc_if.o
    0x08001cd4   0x08001cd4   0x00000024   Code   RO         3278    i.CDC_Init_FS       usbd_cdc_if.o
    0x08001cf8   0x08001cf8   0x00000038   Code   RO         3279    i.CDC_Receive_FS    usbd_cdc_if.o
    0x08001d30   0x08001d30   0x0000000c   Code   RO         3280    i.CDC_TransmitCplt_FS  usbd_cdc_if.o
    0x08001d3c   0x08001d3c   0x00000038   Code   RO         3281    i.CDC_Transmit_FS   usbd_cdc_if.o
    0x08001d74   0x08001d74   0x00000544   Code   RO         2109    i.Calibrate_MPU_Offset  bmi088driver.o
    0x080022b8   0x080022b8   0x000000cc   Code   RO         2956    i.Changing_Integration_Rate  pid.o
    0x08002384   0x08002384   0x00000010   Code   RO          570    i.DMA1_Stream1_IRQHandler  stm32f4xx_it.o
    0x08002394   0x08002394   0x00000010   Code   RO          571    i.DMA2_Stream0_IRQHandler  stm32f4xx_it.o
    0x080023a4   0x080023a4   0x00000010   Code   RO          572    i.DMA2_Stream1_IRQHandler  stm32f4xx_it.o
    0x080023b4   0x080023b4   0x00000010   Code   RO          573    i.DMA2_Stream3_IRQHandler  stm32f4xx_it.o
    0x080023c4   0x080023c4   0x00000010   Code   RO          574    i.DMA2_Stream6_IRQHandler  stm32f4xx_it.o
    0x080023d4   0x080023d4   0x00000034   Code   RO         4643    i.DMA_CalcBaseAndBitshift  stm32f4xx_hal_dma.o
    0x08002408   0x08002408   0x000000aa   Code   RO         4644    i.DMA_CheckFifoParam  stm32f4xx_hal_dma.o
    0x080024b2   0x080024b2   0x00000002   PAD
    0x080024b4   0x080024b4   0x00000030   Code   RO         2243    i.DWT_CNT_Update    bsp_dwt.o
    0x080024e4   0x080024e4   0x0000003c   Code   RO         2244    i.DWT_Delay         bsp_dwt.o
    0x08002520   0x08002520   0x0000004c   Code   RO         2245    i.DWT_GetDeltaT     bsp_dwt.o
    0x0800256c   0x0800256c   0x00000054   Code   RO         2248    i.DWT_GetTimeline_s  bsp_dwt.o
    0x080025c0   0x080025c0   0x00000068   Code   RO         2250    i.DWT_Init          bsp_dwt.o
    0x08002628   0x08002628   0x000000d0   Code   RO         2251    i.DWT_SysTimeUpdate  bsp_dwt.o
    0x080026f8   0x080026f8   0x00000002   Code   RO          575    i.DebugMon_Handler  stm32f4xx_it.o
    0x080026fa   0x080026fa   0x00000002   PAD
    0x080026fc   0x080026fc   0x0000001c   Code   RO          841    i.ECF_RC_Init       bsp_dr16.o
    0x08002718   0x08002718   0x00000010   Code   RO          842    i.ECF_RC_UART_Handler  bsp_dr16.o
    0x08002728   0x08002728   0x0000000a   Code   RO          576    i.EXTI4_IRQHandler  stm32f4xx_it.o
    0x08002732   0x08002732   0x0000000a   Code   RO          577    i.EXTI9_5_IRQHandler  stm32f4xx_it.o
    0x0800273c   0x0800273c   0x0000015a   Code   RO         1813    i.EarthFrameToBodyFrame  imu_task.o
    0x08002896   0x08002896   0x00000002   PAD
    0x08002898   0x08002898   0x0000002c   Code   RO          952    i.EncoderValZero    bsp_motor_encoder.o
    0x080028c4   0x080028c4   0x00000084   Code   RO          953    i.Encoder_Init      bsp_motor_encoder.o
    0x08002948   0x08002948   0x0000000e   Code   RO          954    i.Encoder_Struct_Zero  bsp_motor_encoder.o
    0x08002956   0x08002956   0x00000006   Code   RO            4    i.Error_Handler     main.o
    0x0800295c   0x0800295c   0x00000034   Code   RO         3195    i.Get_SerialNum     usbd_desc.o
    0x08002990   0x08002990   0x00000008   Code   RO         1116    i.Get_referee_Address  bsp_referee.o
    0x08002998   0x08002998   0x00000110   Code   RO         1594    i.Gimbal_Init       gimbal_task.o
    0x08002aa8   0x08002aa8   0x00000038   Code   RO         1595    i.Gimbal_Task       gimbal_task.o
    0x08002ae0   0x08002ae0   0x00000018   Code   RO         1596    i.Gimbal_Work       gimbal_task.o
    0x08002af8   0x08002af8   0x0000002a   Code   RO         5322    i.HAL_CAN_ActivateNotification  stm32f4xx_hal_can.o
    0x08002b22   0x08002b22   0x00000156   Code   RO         5323    i.HAL_CAN_AddTxMessage  stm32f4xx_hal_can.o
    0x08002c78   0x08002c78   0x00000124   Code   RO         5324    i.HAL_CAN_ConfigFilter  stm32f4xx_hal_can.o
    0x08002d9c   0x08002d9c   0x00000002   Code   RO         5327    i.HAL_CAN_ErrorCallback  stm32f4xx_hal_can.o
    0x08002d9e   0x08002d9e   0x0000017a   Code   RO         5330    i.HAL_CAN_GetRxMessage  stm32f4xx_hal_can.o
    0x08002f18   0x08002f18   0x0000024e   Code   RO         5334    i.HAL_CAN_IRQHandler  stm32f4xx_hal_can.o
    0x08003166   0x08003166   0x00000174   Code   RO         5335    i.HAL_CAN_Init      stm32f4xx_hal_can.o
    0x080032da   0x080032da   0x00000002   PAD
    0x080032dc   0x080032dc   0x00000160   Code   RO          351    i.HAL_CAN_MspInit   can.o
    0x0800343c   0x0800343c   0x00000002   Code   RO         5342    i.HAL_CAN_RxFifo0FullCallback  stm32f4xx_hal_can.o
    0x0800343e   0x0800343e   0x00000002   PAD
    0x08003440   0x08003440   0x00000028   Code   RO         1347    i.HAL_CAN_RxFifo0MsgPendingCallback  can1_receive.o
    0x08003468   0x08003468   0x00000002   Code   RO         5344    i.HAL_CAN_RxFifo1FullCallback  stm32f4xx_hal_can.o
    0x0800346a   0x0800346a   0x00000002   Code   RO         5345    i.HAL_CAN_RxFifo1MsgPendingCallback  stm32f4xx_hal_can.o
    0x0800346c   0x0800346c   0x00000002   Code   RO         5346    i.HAL_CAN_SleepCallback  stm32f4xx_hal_can.o
    0x0800346e   0x0800346e   0x0000005e   Code   RO         5347    i.HAL_CAN_Start     stm32f4xx_hal_can.o
    0x080034cc   0x080034cc   0x00000002   Code   RO         5349    i.HAL_CAN_TxMailbox0AbortCallback  stm32f4xx_hal_can.o
    0x080034ce   0x080034ce   0x00000002   Code   RO         5350    i.HAL_CAN_TxMailbox0CompleteCallback  stm32f4xx_hal_can.o
    0x080034d0   0x080034d0   0x00000002   Code   RO         5351    i.HAL_CAN_TxMailbox1AbortCallback  stm32f4xx_hal_can.o
    0x080034d2   0x080034d2   0x00000002   Code   RO         5352    i.HAL_CAN_TxMailbox1CompleteCallback  stm32f4xx_hal_can.o
    0x080034d4   0x080034d4   0x00000002   Code   RO         5353    i.HAL_CAN_TxMailbox2AbortCallback  stm32f4xx_hal_can.o
    0x080034d6   0x080034d6   0x00000002   Code   RO         5354    i.HAL_CAN_TxMailbox2CompleteCallback  stm32f4xx_hal_can.o
    0x080034d8   0x080034d8   0x00000002   Code   RO         5356    i.HAL_CAN_WakeUpFromRxMsgCallback  stm32f4xx_hal_can.o
    0x080034da   0x080034da   0x000000ac   Code   RO         4646    i.HAL_DMA_Abort     stm32f4xx_hal_dma.o
    0x08003586   0x08003586   0x00000028   Code   RO         4647    i.HAL_DMA_Abort_IT  stm32f4xx_hal_dma.o
    0x080035ae   0x080035ae   0x00000002   PAD
    0x080035b0   0x080035b0   0x00000240   Code   RO         4651    i.HAL_DMA_IRQHandler  stm32f4xx_hal_dma.o
    0x080037f0   0x080037f0   0x000000ec   Code   RO         4652    i.HAL_DMA_Init      stm32f4xx_hal_dma.o
    0x080038dc   0x080038dc   0x00000028   Code   RO         5070    i.HAL_Delay         stm32f4xx_hal.o
    0x08003904   0x08003904   0x00000002   Code   RO         4537    i.HAL_GPIO_EXTI_Callback  stm32f4xx_hal_gpio.o
    0x08003906   0x08003906   0x00000002   PAD
    0x08003908   0x08003908   0x0000001c   Code   RO         4538    i.HAL_GPIO_EXTI_IRQHandler  stm32f4xx_hal_gpio.o
    0x08003924   0x08003924   0x000001f4   Code   RO         4539    i.HAL_GPIO_Init     stm32f4xx_hal_gpio.o
    0x08003b18   0x08003b18   0x0000000c   Code   RO         4543    i.HAL_GPIO_WritePin  stm32f4xx_hal_gpio.o
    0x08003b24   0x08003b24   0x0000000c   Code   RO         5076    i.HAL_GetTick       stm32f4xx_hal.o
    0x08003b30   0x08003b30   0x00000018   Code   RO         5082    i.HAL_IncTick       stm32f4xx_hal.o
    0x08003b48   0x08003b48   0x0000003c   Code   RO         5083    i.HAL_Init          stm32f4xx_hal.o
    0x08003b84   0x08003b84   0x000000a0   Code   RO          727    i.HAL_InitTick      stm32f4xx_hal_timebase_tim.o
    0x08003c24   0x08003c24   0x00000054   Code   RO          703    i.HAL_MspInit       stm32f4xx_hal_msp.o
    0x08003c78   0x08003c78   0x00000020   Code   RO         4928    i.HAL_NVIC_EnableIRQ  stm32f4xx_hal_cortex.o
    0x08003c98   0x08003c98   0x0000007c   Code   RO         4934    i.HAL_NVIC_SetPriority  stm32f4xx_hal_cortex.o
    0x08003d14   0x08003d14   0x00000028   Code   RO         4935    i.HAL_NVIC_SetPriorityGrouping  stm32f4xx_hal_cortex.o
    0x08003d3c   0x08003d3c   0x00000002   Code   RO         3787    i.HAL_PCDEx_LPM_Callback  stm32f4xx_hal_pcd_ex.o
    0x08003d3e   0x08003d3e   0x0000000a   Code   RO         3788    i.HAL_PCDEx_SetRxFiFo  stm32f4xx_hal_pcd_ex.o
    0x08003d48   0x08003d48   0x0000004e   Code   RO         3789    i.HAL_PCDEx_SetTxFiFo  stm32f4xx_hal_pcd_ex.o
    0x08003d96   0x08003d96   0x0000000e   Code   RO         3336    i.HAL_PCD_ConnectCallback  usbd_conf.o
    0x08003da4   0x08003da4   0x00000020   Code   RO         3337    i.HAL_PCD_DataInStageCallback  usbd_conf.o
    0x08003dc4   0x08003dc4   0x00000020   Code   RO         3338    i.HAL_PCD_DataOutStageCallback  usbd_conf.o
    0x08003de4   0x08003de4   0x0000000e   Code   RO         3339    i.HAL_PCD_DisconnectCallback  usbd_conf.o
    0x08003df2   0x08003df2   0x00000042   Code   RO         3552    i.HAL_PCD_EP_Abort  stm32f4xx_hal_pcd.o
    0x08003e34   0x08003e34   0x0000006a   Code   RO         3553    i.HAL_PCD_EP_Close  stm32f4xx_hal_pcd.o
    0x08003e9e   0x08003e9e   0x0000007c   Code   RO         3554    i.HAL_PCD_EP_ClrStall  stm32f4xx_hal_pcd.o
    0x08003f1a   0x08003f1a   0x00000016   Code   RO         3556    i.HAL_PCD_EP_GetRxCount  stm32f4xx_hal_pcd.o
    0x08003f30   0x08003f30   0x0000008c   Code   RO         3557    i.HAL_PCD_EP_Open   stm32f4xx_hal_pcd.o
    0x08003fbc   0x08003fbc   0x00000058   Code   RO         3558    i.HAL_PCD_EP_Receive  stm32f4xx_hal_pcd.o
    0x08004014   0x08004014   0x0000008a   Code   RO         3559    i.HAL_PCD_EP_SetStall  stm32f4xx_hal_pcd.o
    0x0800409e   0x0800409e   0x0000005a   Code   RO         3560    i.HAL_PCD_EP_Transmit  stm32f4xx_hal_pcd.o
    0x080040f8   0x080040f8   0x000006ca   Code   RO         3562    i.HAL_PCD_IRQHandler  stm32f4xx_hal_pcd.o
    0x080047c2   0x080047c2   0x00000012   Code   RO         3340    i.HAL_PCD_ISOINIncompleteCallback  usbd_conf.o
    0x080047d4   0x080047d4   0x00000012   Code   RO         3341    i.HAL_PCD_ISOOUTIncompleteCallback  usbd_conf.o
    0x080047e6   0x080047e6   0x00000166   Code   RO         3565    i.HAL_PCD_Init      stm32f4xx_hal_pcd.o
    0x0800494c   0x0800494c   0x000000a8   Code   RO         3343    i.HAL_PCD_MspInit   usbd_conf.o
    0x080049f4   0x080049f4   0x00000030   Code   RO         3344    i.HAL_PCD_ResetCallback  usbd_conf.o
    0x08004a24   0x08004a24   0x0000000e   Code   RO         3345    i.HAL_PCD_ResumeCallback  usbd_conf.o
    0x08004a32   0x08004a32   0x0000000e   Code   RO         3346    i.HAL_PCD_SOFCallback  usbd_conf.o
    0x08004a40   0x08004a40   0x00000036   Code   RO         3571    i.HAL_PCD_SetAddress  stm32f4xx_hal_pcd.o
    0x08004a76   0x08004a76   0x00000012   Code   RO         3347    i.HAL_PCD_SetupStageCallback  usbd_conf.o
    0x08004a88   0x08004a88   0x0000004a   Code   RO         3574    i.HAL_PCD_Start     stm32f4xx_hal_pcd.o
    0x08004ad2   0x08004ad2   0x00000002   PAD
    0x08004ad4   0x08004ad4   0x00000034   Code   RO         3348    i.HAL_PCD_SuspendCallback  usbd_conf.o
    0x08004b08   0x08004b08   0x00000184   Code   RO         4140    i.HAL_RCC_ClockConfig  stm32f4xx_hal_rcc.o
    0x08004c8c   0x08004c8c   0x00000044   Code   RO         4144    i.HAL_RCC_GetClockConfig  stm32f4xx_hal_rcc.o
    0x08004cd0   0x08004cd0   0x0000000c   Code   RO         4145    i.HAL_RCC_GetHCLKFreq  stm32f4xx_hal_rcc.o
    0x08004cdc   0x08004cdc   0x00000020   Code   RO         4147    i.HAL_RCC_GetPCLK1Freq  stm32f4xx_hal_rcc.o
    0x08004cfc   0x08004cfc   0x00000020   Code   RO         4148    i.HAL_RCC_GetPCLK2Freq  stm32f4xx_hal_rcc.o
    0x08004d1c   0x08004d1c   0x000000b0   Code   RO         4149    i.HAL_RCC_GetSysClockFreq  stm32f4xx_hal_rcc.o
    0x08004dcc   0x08004dcc   0x0000049c   Code   RO         4152    i.HAL_RCC_OscConfig  stm32f4xx_hal_rcc.o
    0x08005268   0x08005268   0x000000c8   Code   RO         5566    i.HAL_SPI_Init      stm32f4xx_hal_spi.o
    0x08005330   0x08005330   0x00000158   Code   RO          424    i.HAL_SPI_MspInit   spi.o
    0x08005488   0x08005488   0x0000022a   Code   RO         5575    i.HAL_SPI_TransmitReceive  stm32f4xx_hal_spi.o
    0x080056b2   0x080056b2   0x00000002   Code   RO         6594    i.HAL_TIMEx_BreakCallback  stm32f4xx_hal_tim_ex.o
    0x080056b4   0x080056b4   0x00000002   Code   RO         6595    i.HAL_TIMEx_CommutCallback  stm32f4xx_hal_tim_ex.o
    0x080056b6   0x080056b6   0x00000002   PAD
    0x080056b8   0x080056b8   0x000000b4   Code   RO         6613    i.HAL_TIMEx_MasterConfigSynchronization  stm32f4xx_hal_tim_ex.o
    0x0800576c   0x0800576c   0x00000066   Code   RO         5879    i.HAL_TIM_Base_Init  stm32f4xx_hal_tim.o
    0x080057d2   0x080057d2   0x00000002   PAD
    0x080057d4   0x080057d4   0x00000078   Code   RO          466    i.HAL_TIM_Base_MspInit  tim.o
    0x0800584c   0x0800584c   0x0000009c   Code   RO         5882    i.HAL_TIM_Base_Start  stm32f4xx_hal_tim.o
    0x080058e8   0x080058e8   0x000000a8   Code   RO         5884    i.HAL_TIM_Base_Start_IT  stm32f4xx_hal_tim.o
    0x08005990   0x08005990   0x0000010c   Code   RO         5888    i.HAL_TIM_ConfigClockSource  stm32f4xx_hal_tim.o
    0x08005a9c   0x08005a9c   0x00000002   Code   RO         5913    i.HAL_TIM_IC_CaptureCallback  stm32f4xx_hal_tim.o
    0x08005a9e   0x08005a9e   0x00000196   Code   RO         5927    i.HAL_TIM_IRQHandler  stm32f4xx_hal_tim.o
    0x08005c34   0x08005c34   0x000000b0   Code   RO          467    i.HAL_TIM_MspPostInit  tim.o
    0x08005ce4   0x08005ce4   0x00000002   Code   RO         5930    i.HAL_TIM_OC_DelayElapsedCallback  stm32f4xx_hal_tim.o
    0x08005ce6   0x08005ce6   0x00000104   Code   RO         5951    i.HAL_TIM_PWM_ConfigChannel  stm32f4xx_hal_tim.o
    0x08005dea   0x08005dea   0x00000066   Code   RO         5954    i.HAL_TIM_PWM_Init  stm32f4xx_hal_tim.o
    0x08005e50   0x08005e50   0x00000002   Code   RO         5956    i.HAL_TIM_PWM_MspInit  stm32f4xx_hal_tim.o
    0x08005e52   0x08005e52   0x00000002   Code   RO         5957    i.HAL_TIM_PWM_PulseFinishedCallback  stm32f4xx_hal_tim.o
    0x08005e54   0x08005e54   0x0000010c   Code   RO         5959    i.HAL_TIM_PWM_Start  stm32f4xx_hal_tim.o
    0x08005f60   0x08005f60   0x00000018   Code   RO            5    i.HAL_TIM_PeriodElapsedCallback  main.o
    0x08005f78   0x08005f78   0x00000002   Code   RO         5970    i.HAL_TIM_TriggerCallback  stm32f4xx_hal_tim.o
    0x08005f7a   0x08005f7a   0x00000002   Code   RO         6872    i.HAL_UARTEx_RxEventCallback  stm32f4xx_hal_uart.o
    0x08005f7c   0x08005f7c   0x00000002   Code   RO         6886    i.HAL_UART_ErrorCallback  stm32f4xx_hal_uart.o
    0x08005f7e   0x08005f7e   0x00000002   PAD
    0x08005f80   0x08005f80   0x000002e0   Code   RO         6889    i.HAL_UART_IRQHandler  stm32f4xx_hal_uart.o
    0x08006260   0x08006260   0x00000072   Code   RO         6890    i.HAL_UART_Init     stm32f4xx_hal_uart.o
    0x080062d2   0x080062d2   0x00000002   PAD
    0x080062d4   0x080062d4   0x000001f4   Code   RO          520    i.HAL_UART_MspInit  usart.o
    0x080064c8   0x080064c8   0x00000002   Code   RO         6896    i.HAL_UART_RxCpltCallback  stm32f4xx_hal_uart.o
    0x080064ca   0x080064ca   0x00000002   Code   RO         6901    i.HAL_UART_TxCpltCallback  stm32f4xx_hal_uart.o
    0x080064cc   0x080064cc   0x00000130   Code   RO         2347    i.H_K_R_Adjustment  kalman_filter.o
    0x080065fc   0x080065fc   0x00000004   Code   RO          578    i.HardFault_Handler  stm32f4xx_it.o
    0x08006600   0x08006600   0x00000374   Code   RO         1815    i.IMU_Param_Correction  imu_task.o
    0x08006974   0x08006974   0x00000120   Code   RO         2424    i.IMU_QuaternionEKF_Init  quaternionekf.o
    0x08006a94   0x08006a94   0x00000034   Code   RO         2425    i.IMU_QuaternionEKF_Observe  quaternionekf.o
    0x08006ac8   0x08006ac8   0x00000128   Code   RO         2426    i.IMU_QuaternionEKF_SetH  quaternionekf.o
    0x08006bf0   0x08006bf0   0x00000634   Code   RO         2427    i.IMU_QuaternionEKF_Update  quaternionekf.o
    0x08007224   0x08007224   0x00000240   Code   RO         2428    i.IMU_QuaternionEKF_User_Func1  quaternionekf.o
    0x08007464   0x08007464   0x00000520   Code   RO         2429    i.IMU_QuaternionEKF_xhatUpdate  quaternionekf.o
    0x08007984   0x08007984   0x00000074   Code   RO         1816    i.IMU_Temperature_Ctrl  imu_task.o
    0x080079f8   0x080079f8   0x000000c8   Code   RO         1817    i.INS_Init          imu_task.o
    0x08007ac0   0x08007ac0   0x00000274   Code   RO         1818    i.INS_Task          imu_task.o
    0x08007d34   0x08007d34   0x000000a8   Code   RO         1716    i.Init_Task         init_task.o
    0x08007ddc   0x08007ddc   0x0000003e   Code   RO         3196    i.IntToUnicode      usbd_desc.o
    0x08007e1a   0x08007e1a   0x00000002   PAD
    0x08007e1c   0x08007e1c   0x0000070c   Code   RO         2348    i.Kalman_Filter_Init  kalman_filter.o
    0x08008528   0x08008528   0x00000050   Code   RO         2349    i.Kalman_Filter_Measure  kalman_filter.o
    0x08008578   0x08008578   0x00000068   Code   RO         2350    i.Kalman_Filter_P_Update  kalman_filter.o
    0x080085e0   0x080085e0   0x00000068   Code   RO         2351    i.Kalman_Filter_PminusUpdate  kalman_filter.o
    0x08008648   0x08008648   0x000000d2   Code   RO         2352    i.Kalman_Filter_SetK  kalman_filter.o
    0x0800871a   0x0800871a   0x00000002   PAD
    0x0800871c   0x0800871c   0x00000128   Code   RO         2353    i.Kalman_Filter_Update  kalman_filter.o
    0x08008844   0x08008844   0x0000007c   Code   RO         2354    i.Kalman_Filter_xhatMinusUpdate  kalman_filter.o
    0x080088c0   0x080088c0   0x00000086   Code   RO         2355    i.Kalman_Filter_xhatUpdate  kalman_filter.o
    0x08008946   0x08008946   0x00000002   PAD
    0x08008948   0x08008948   0x0000009c   Code   RO         3111    i.LQR_Calculate     lqr.o
    0x080089e4   0x080089e4   0x00000022   Code   RO         3113    i.LQR_Data_Update   lqr.o
    0x08008a06   0x08008a06   0x0000005a   Code   RO         3114    i.LQR_Init          lqr.o
    0x08008a60   0x08008a60   0x00000048   Code   RO          352    i.MX_CAN1_Init      can.o
    0x08008aa8   0x08008aa8   0x00000048   Code   RO          353    i.MX_CAN2_Init      can.o
    0x08008af0   0x08008af0   0x00000098   Code   RO          399    i.MX_DMA_Init       dma.o
    0x08008b88   0x08008b88   0x00000044   Code   RO          300    i.MX_FREERTOS_Init  freertos.o
    0x08008bcc   0x08008bcc   0x0000018c   Code   RO          276    i.MX_GPIO_Init      gpio.o
    0x08008d58   0x08008d58   0x00000048   Code   RO          425    i.MX_SPI1_Init      spi.o
    0x08008da0   0x08008da0   0x00000070   Code   RO          468    i.MX_TIM10_Init     tim.o
    0x08008e10   0x08008e10   0x000000a4   Code   RO          469    i.MX_TIM4_Init      tim.o
    0x08008eb4   0x08008eb4   0x0000003c   Code   RO          521    i.MX_USART3_UART_Init  usart.o
    0x08008ef0   0x08008ef0   0x00000038   Code   RO          522    i.MX_USART6_UART_Init  usart.o
    0x08008f28   0x08008f28   0x0000004c   Code   RO         3160    i.MX_USB_DEVICE_Init  usb_device.o
    0x08008f74   0x08008f74   0x00000004   Code   RO          579    i.MemManage_Handler  stm32f4xx_it.o
    0x08008f78   0x08008f78   0x00000004   Code   RO          580    i.NMI_Handler       stm32f4xx_it.o
    0x08008f7c   0x08008f7c   0x00000010   Code   RO          581    i.OTG_FS_IRQHandler  stm32f4xx_it.o
    0x08008f8c   0x08008f8c   0x00000064   Code   RO         3578    i.PCD_EP_OutSetupPacket_int  stm32f4xx_hal_pcd.o
    0x08008ff0   0x08008ff0   0x00000144   Code   RO         3579    i.PCD_EP_OutXfrComplete_int  stm32f4xx_hal_pcd.o
    0x08009134   0x08009134   0x000000b6   Code   RO         3580    i.PCD_WriteEmptyTxFifo  stm32f4xx_hal_pcd.o
    0x080091ea   0x080091ea   0x000001b0   Code   RO         2957    i.PidCalculate      pid.o
    0x0800939a   0x0800939a   0x0000003e   Code   RO         2958    i.PidInit           pid.o
    0x080093d8   0x080093d8   0x0000008a   Code   RO         2959    i.PidInitMode       pid.o
    0x08009462   0x08009462   0x00000106   Code   RO          844    i.RC_DataProcess    bsp_dr16.o
    0x08009568   0x08009568   0x00000008   Code   RO          846    i.RC_Get_RC_Pointer  bsp_dr16.o
    0x08009570   0x08009570   0x00000088   Code   RO          847    i.RC_Init           bsp_dr16.o
    0x080095f8   0x080095f8   0x00000110   Code   RO          849    i.RC_UART_IRQHandler  bsp_dr16.o
    0x08009708   0x08009708   0x000000c4   Code   RO         8999    i.SEGGER_RTT_AllocUpBuffer  segger_rtt.o
    0x080097cc   0x080097cc   0x00000074   Code   RO         9000    i.SEGGER_RTT_ConfigDownBuffer  segger_rtt.o
    0x08009840   0x08009840   0x000000a8   Code   RO         9013    i.SEGGER_RTT_ReadNoLock  segger_rtt.o
    0x080098e8   0x080098e8   0x00000098   Code   RO         9027    i.SEGGER_RTT_WriteSkipNoLock  segger_rtt.o
    0x08009980   0x08009980   0x00000028   Code   RO         9750    i.SEGGER_SYSVIEW_Conf  segger_sysview_config_freertos.o
    0x080099a8   0x080099a8   0x000000bc   Code   RO         9280    i.SEGGER_SYSVIEW_GetSysDesc  segger_sysview.o
    0x08009a64   0x08009a64   0x00000068   Code   RO         9281    i.SEGGER_SYSVIEW_Init  segger_sysview.o
    0x08009acc   0x08009acc   0x00000034   Code   RO         9288    i.SEGGER_SYSVIEW_OnIdle  segger_sysview.o
    0x08009b00   0x08009b00   0x00000064   Code   RO         9289    i.SEGGER_SYSVIEW_OnTaskCreate  segger_sysview.o
    0x08009b64   0x08009b64   0x00000064   Code   RO         9290    i.SEGGER_SYSVIEW_OnTaskStartExec  segger_sysview.o
    0x08009bc8   0x08009bc8   0x00000064   Code   RO         9291    i.SEGGER_SYSVIEW_OnTaskStartReady  segger_sysview.o
    0x08009c2c   0x08009c2c   0x0000003c   Code   RO         9309    i.SEGGER_SYSVIEW_RecordSystime  segger_sysview.o
    0x08009c68   0x08009c68   0x0000005c   Code   RO         9310    i.SEGGER_SYSVIEW_RecordU32  segger_sysview.o
    0x08009cc4   0x08009cc4   0x0000007c   Code   RO         9312    i.SEGGER_SYSVIEW_RecordU32x2  segger_sysview.o
    0x08009d40   0x08009d40   0x00000098   Code   RO         9313    i.SEGGER_SYSVIEW_RecordU32x3  segger_sysview.o
    0x08009dd8   0x08009dd8   0x00000038   Code   RO         9320    i.SEGGER_SYSVIEW_RecordVoid  segger_sysview.o
    0x08009e10   0x08009e10   0x000000ac   Code   RO         9322    i.SEGGER_SYSVIEW_SendModule  segger_sysview.o
    0x08009ebc   0x08009ebc   0x00000024   Code   RO         9323    i.SEGGER_SYSVIEW_SendModuleDescription  segger_sysview.o
    0x08009ee0   0x08009ee0   0x00000058   Code   RO         9324    i.SEGGER_SYSVIEW_SendNumModules  segger_sysview.o
    0x08009f38   0x08009f38   0x00000048   Code   RO         9326    i.SEGGER_SYSVIEW_SendSysDesc  segger_sysview.o
    0x08009f80   0x08009f80   0x0000010c   Code   RO         9327    i.SEGGER_SYSVIEW_SendTaskInfo  segger_sysview.o
    0x0800a08c   0x0800a08c   0x00000020   Code   RO         9328    i.SEGGER_SYSVIEW_SendTaskList  segger_sysview.o
    0x0800a0ac   0x0800a0ac   0x0000000c   Code   RO         9329    i.SEGGER_SYSVIEW_SetRAMBase  segger_sysview.o
    0x0800a0b8   0x0800a0b8   0x00000010   Code   RO         9330    i.SEGGER_SYSVIEW_ShrinkId  segger_sysview.o
    0x0800a0c8   0x0800a0c8   0x000000fc   Code   RO         9331    i.SEGGER_SYSVIEW_Start  segger_sysview.o
    0x0800a1c4   0x0800a1c4   0x00000044   Code   RO         9332    i.SEGGER_SYSVIEW_Stop  segger_sysview.o
    0x0800a208   0x0800a208   0x00000080   Code   RO         9333    i.SEGGER_SYSVIEW_Warn  segger_sysview.o
    0x0800a288   0x0800a288   0x0000006c   Code   RO         5604    i.SPI_EndRxTxTransaction  stm32f4xx_hal_spi.o
    0x0800a2f4   0x0800a2f4   0x000000d8   Code   RO         5609    i.SPI_WaitFlagStateUntilTimeout  stm32f4xx_hal_spi.o
    0x0800a3cc   0x0800a3cc   0x00000012   Code   RO         8733    i.SWAPBYTE          usbd_ctlreq.o
    0x0800a3de   0x0800a3de   0x00000002   PAD
    0x0800a3e0   0x0800a3e0   0x000000ac   Code   RO         9768    i.SYSVIEW_AddTask   segger_sysview_freertos.o
    0x0800a48c   0x0800a48c   0x00000110   Code   RO         9769    i.SYSVIEW_DeleteTask  segger_sysview_freertos.o
    0x0800a59c   0x0800a59c   0x00000032   Code   RO         9770    i.SYSVIEW_SendTaskInfo  segger_sysview_freertos.o
    0x0800a5ce   0x0800a5ce   0x00000002   PAD
    0x0800a5d0   0x0800a5d0   0x00000070   Code   RO         1770    i.Safe_Task         task_safe.o
    0x0800a640   0x0800a640   0x0000000e   Code   RO          301    i.StartDefaultTask  freertos.o
    0x0800a64e   0x0800a64e   0x00000002   PAD
    0x0800a650   0x0800a650   0x00000034   Code   RO         8492    i.SysTick_Handler   port.o
    0x0800a684   0x0800a684   0x000000b4   Code   RO            6    i.SystemClock_Config  main.o
    0x0800a738   0x0800a738   0x00000014   Code   RO         7229    i.SystemInit        system_stm32f4xx.o
    0x0800a74c   0x0800a74c   0x00000018   Code   RO          582    i.TIM1_UP_TIM10_IRQHandler  stm32f4xx_it.o
    0x0800a764   0x0800a764   0x000000d8   Code   RO         5972    i.TIM_Base_SetConfig  stm32f4xx_hal_tim.o
    0x0800a83c   0x0800a83c   0x00000022   Code   RO         5973    i.TIM_CCxChannelCmd  stm32f4xx_hal_tim.o
    0x0800a85e   0x0800a85e   0x00000016   Code   RO         5983    i.TIM_ETR_SetConfig  stm32f4xx_hal_tim.o
    0x0800a874   0x0800a874   0x00000012   Code   RO         5984    i.TIM_ITRx_SetConfig  stm32f4xx_hal_tim.o
    0x0800a886   0x0800a886   0x00000002   PAD
    0x0800a888   0x0800a888   0x00000070   Code   RO         5985    i.TIM_OC1_SetConfig  stm32f4xx_hal_tim.o
    0x0800a8f8   0x0800a8f8   0x0000007c   Code   RO         5986    i.TIM_OC2_SetConfig  stm32f4xx_hal_tim.o
    0x0800a974   0x0800a974   0x00000078   Code   RO         5987    i.TIM_OC3_SetConfig  stm32f4xx_hal_tim.o
    0x0800a9ec   0x0800a9ec   0x00000054   Code   RO         5988    i.TIM_OC4_SetConfig  stm32f4xx_hal_tim.o
    0x0800aa40   0x0800aa40   0x0000003a   Code   RO         2320    i.TIM_Set_PWM       bsp_pwm.o
    0x0800aa7a   0x0800aa7a   0x00000026   Code   RO         5990    i.TIM_TI1_ConfigInputStage  stm32f4xx_hal_tim.o
    0x0800aaa0   0x0800aaa0   0x00000028   Code   RO         5992    i.TIM_TI2_ConfigInputStage  stm32f4xx_hal_tim.o
    0x0800aac8   0x0800aac8   0x00000014   Code   RO         6903    i.UART_DMAAbortOnError  stm32f4xx_hal_uart.o
    0x0800aadc   0x0800aadc   0x0000006c   Code   RO         6913    i.UART_EndRxTransfer  stm32f4xx_hal_uart.o
    0x0800ab48   0x0800ab48   0x00000020   Code   RO         6914    i.UART_EndTransmit_IT  stm32f4xx_hal_uart.o
    0x0800ab68   0x0800ab68   0x000000f8   Code   RO         6916    i.UART_Receive_IT   stm32f4xx_hal_uart.o
    0x0800ac60   0x0800ac60   0x0000022c   Code   RO         6917    i.UART_SetConfig    stm32f4xx_hal_uart.o
    0x0800ae8c   0x0800ae8c   0x00000060   Code   RO         6920    i.UART_Transmit_IT  stm32f4xx_hal_uart.o
    0x0800aeec   0x0800aeec   0x00000014   Code   RO          583    i.USART3_IRQHandler  stm32f4xx_it.o
    0x0800af00   0x0800af00   0x00000010   Code   RO          584    i.USART6_IRQHandler  stm32f4xx_it.o
    0x0800af10   0x0800af10   0x000000c4   Code   RO         8896    i.USBD_CDC_DataIn   usbd_cdc.o
    0x0800afd4   0x0800afd4   0x00000048   Code   RO         8897    i.USBD_CDC_DataOut  usbd_cdc.o
    0x0800b01c   0x0800b01c   0x000000d4   Code   RO         8898    i.USBD_CDC_DeInit   usbd_cdc.o
    0x0800b0f0   0x0800b0f0   0x00000050   Code   RO         8899    i.USBD_CDC_EP0_RxReady  usbd_cdc.o
    0x0800b140   0x0800b140   0x00000010   Code   RO         8900    i.USBD_CDC_GetDeviceQualifierDescriptor  usbd_cdc.o
    0x0800b150   0x0800b150   0x00000044   Code   RO         8901    i.USBD_CDC_GetFSCfgDesc  usbd_cdc.o
    0x0800b194   0x0800b194   0x00000048   Code   RO         8902    i.USBD_CDC_GetHSCfgDesc  usbd_cdc.o
    0x0800b1dc   0x0800b1dc   0x00000044   Code   RO         8903    i.USBD_CDC_GetOtherSpeedCfgDesc  usbd_cdc.o
    0x0800b220   0x0800b220   0x000001a0   Code   RO         8904    i.USBD_CDC_Init     usbd_cdc.o
    0x0800b3c0   0x0800b3c0   0x00000050   Code   RO         8905    i.USBD_CDC_ReceivePacket  usbd_cdc.o
    0x0800b410   0x0800b410   0x00000018   Code   RO         8906    i.USBD_CDC_RegisterInterface  usbd_cdc.o
    0x0800b428   0x0800b428   0x0000001e   Code   RO         8907    i.USBD_CDC_SetRxBuffer  usbd_cdc.o
    0x0800b446   0x0800b446   0x00000024   Code   RO         8908    i.USBD_CDC_SetTxBuffer  usbd_cdc.o
    0x0800b46a   0x0800b46a   0x00000140   Code   RO         8909    i.USBD_CDC_Setup    usbd_cdc.o
    0x0800b5aa   0x0800b5aa   0x00000002   PAD
    0x0800b5ac   0x0800b5ac   0x00000064   Code   RO         8910    i.USBD_CDC_TransmitPacket  usbd_cdc.o
    0x0800b610   0x0800b610   0x0000001c   Code   RO         8571    i.USBD_ClrClassConfig  usbd_core.o
    0x0800b62c   0x0800b62c   0x0000003e   Code   RO         8734    i.USBD_ClrFeature   usbd_ctlreq.o
    0x0800b66a   0x0800b66a   0x00000006   Code   RO         8572    i.USBD_CoreFindEP   usbd_core.o
    0x0800b670   0x0800b670   0x00000006   Code   RO         8573    i.USBD_CoreFindIF   usbd_core.o
    0x0800b676   0x0800b676   0x00000018   Code   RO         8836    i.USBD_CtlContinueRx  usbd_ioreq.o
    0x0800b68e   0x0800b68e   0x00000018   Code   RO         8837    i.USBD_CtlContinueSendData  usbd_ioreq.o
    0x0800b6a6   0x0800b6a6   0x00000018   Code   RO         8735    i.USBD_CtlError     usbd_ctlreq.o
    0x0800b6be   0x0800b6be   0x00000028   Code   RO         8838    i.USBD_CtlPrepareRx  usbd_ioreq.o
    0x0800b6e6   0x0800b6e6   0x0000001a   Code   RO         8839    i.USBD_CtlReceiveStatus  usbd_ioreq.o
    0x0800b700   0x0800b700   0x00000022   Code   RO         8840    i.USBD_CtlSendData  usbd_ioreq.o
    0x0800b722   0x0800b722   0x0000001a   Code   RO         8841    i.USBD_CtlSendStatus  usbd_ioreq.o
    0x0800b73c   0x0800b73c   0x00000034   Code   RO         3197    i.USBD_FS_ConfigStrDescriptor  usbd_desc.o
    0x0800b770   0x0800b770   0x00000010   Code   RO         3198    i.USBD_FS_DeviceDescriptor  usbd_desc.o
    0x0800b780   0x0800b780   0x00000038   Code   RO         3199    i.USBD_FS_InterfaceStrDescriptor  usbd_desc.o
    0x0800b7b8   0x0800b7b8   0x00000010   Code   RO         3200    i.USBD_FS_LangIDStrDescriptor  usbd_desc.o
    0x0800b7c8   0x0800b7c8   0x0000002c   Code   RO         3201    i.USBD_FS_ManufacturerStrDescriptor  usbd_desc.o
    0x0800b7f4   0x0800b7f4   0x00000040   Code   RO         3202    i.USBD_FS_ProductStrDescriptor  usbd_desc.o
    0x0800b834   0x0800b834   0x00000018   Code   RO         3203    i.USBD_FS_SerialStrDescriptor  usbd_desc.o
    0x0800b84c   0x0800b84c   0x00000056   Code   RO         8736    i.USBD_GetConfig    usbd_ctlreq.o
    0x0800b8a2   0x0800b8a2   0x000001fc   Code   RO         8737    i.USBD_GetDescriptor  usbd_ctlreq.o
    0x0800ba9e   0x0800ba9e   0x00000050   Code   RO         8575    i.USBD_GetEpDesc    usbd_core.o
    0x0800baee   0x0800baee   0x00000016   Code   RO         8738    i.USBD_GetLen       usbd_ctlreq.o
    0x0800bb04   0x0800bb04   0x00000014   Code   RO         8576    i.USBD_GetNextDesc  usbd_core.o
    0x0800bb18   0x0800bb18   0x0000005a   Code   RO         8739    i.USBD_GetStatus    usbd_ctlreq.o
    0x0800bb72   0x0800bb72   0x00000054   Code   RO         8740    i.USBD_GetString    usbd_ctlreq.o
    0x0800bbc6   0x0800bbc6   0x0000002c   Code   RO         3349    i.USBD_Get_USB_Status  usbd_conf.o
    0x0800bbf2   0x0800bbf2   0x0000003a   Code   RO         8577    i.USBD_Init         usbd_core.o
    0x0800bc2c   0x0800bc2c   0x00000026   Code   RO         3350    i.USBD_LL_ClearStallEP  usbd_conf.o
    0x0800bc52   0x0800bc52   0x00000026   Code   RO         3351    i.USBD_LL_CloseEP   usbd_conf.o
    0x0800bc78   0x0800bc78   0x00000108   Code   RO         8578    i.USBD_LL_DataInStage  usbd_core.o
    0x0800bd80   0x0800bd80   0x00000102   Code   RO         8579    i.USBD_LL_DataOutStage  usbd_core.o
    0x0800be82   0x0800be82   0x00000006   Code   RO         8580    i.USBD_LL_DevConnected  usbd_core.o
    0x0800be88   0x0800be88   0x00000026   Code   RO         8581    i.USBD_LL_DevDisconnected  usbd_core.o
    0x0800beae   0x0800beae   0x00000012   Code   RO         3355    i.USBD_LL_GetRxDataSize  usbd_conf.o
    0x0800bec0   0x0800bec0   0x00000068   Code   RO         3356    i.USBD_LL_Init      usbd_conf.o
    0x0800bf28   0x0800bf28   0x00000038   Code   RO         3357    i.USBD_LL_IsStallEP  usbd_conf.o
    0x0800bf60   0x0800bf60   0x00000048   Code   RO         8582    i.USBD_LL_IsoINIncomplete  usbd_core.o
    0x0800bfa8   0x0800bfa8   0x00000048   Code   RO         8583    i.USBD_LL_IsoOUTIncomplete  usbd_core.o
    0x0800bff0   0x0800bff0   0x00000030   Code   RO         3358    i.USBD_LL_OpenEP    usbd_conf.o
    0x0800c020   0x0800c020   0x00000030   Code   RO         3359    i.USBD_LL_PrepareReceive  usbd_conf.o
    0x0800c050   0x0800c050   0x0000006c   Code   RO         8584    i.USBD_LL_Reset     usbd_core.o
    0x0800c0bc   0x0800c0bc   0x00000016   Code   RO         8585    i.USBD_LL_Resume    usbd_core.o
    0x0800c0d2   0x0800c0d2   0x00000028   Code   RO         8586    i.USBD_LL_SOF       usbd_core.o
    0x0800c0fa   0x0800c0fa   0x00000008   Code   RO         8587    i.USBD_LL_SetSpeed  usbd_core.o
    0x0800c102   0x0800c102   0x00000026   Code   RO         3360    i.USBD_LL_SetUSBAddress  usbd_conf.o
    0x0800c128   0x0800c128   0x00000076   Code   RO         8588    i.USBD_LL_SetupStage  usbd_core.o
    0x0800c19e   0x0800c19e   0x00000026   Code   RO         3361    i.USBD_LL_StallEP   usbd_conf.o
    0x0800c1c4   0x0800c1c4   0x0000001e   Code   RO         3362    i.USBD_LL_Start     usbd_conf.o
    0x0800c1e2   0x0800c1e2   0x00000014   Code   RO         8589    i.USBD_LL_Suspend   usbd_core.o
    0x0800c1f6   0x0800c1f6   0x00000030   Code   RO         3364    i.USBD_LL_Transmit  usbd_conf.o
    0x0800c226   0x0800c226   0x00000036   Code   RO         8741    i.USBD_ParseSetupRequest  usbd_ctlreq.o
    0x0800c25c   0x0800c25c   0x00000048   Code   RO         8590    i.USBD_RegisterClass  usbd_core.o
    0x0800c2a4   0x0800c2a4   0x00000006   Code   RO         8591    i.USBD_RunTestMode  usbd_core.o
    0x0800c2aa   0x0800c2aa   0x0000005a   Code   RO         8742    i.USBD_SetAddress   usbd_ctlreq.o
    0x0800c304   0x0800c304   0x00000020   Code   RO         8592    i.USBD_SetClassConfig  usbd_core.o
    0x0800c324   0x0800c324   0x00000104   Code   RO         8743    i.USBD_SetConfig    usbd_ctlreq.o
    0x0800c428   0x0800c428   0x00000038   Code   RO         8744    i.USBD_SetFeature   usbd_ctlreq.o
    0x0800c460   0x0800c460   0x0000000c   Code   RO         8593    i.USBD_Start        usbd_core.o
    0x0800c46c   0x0800c46c   0x000000ae   Code   RO         8745    i.USBD_StdDevReq    usbd_ctlreq.o
    0x0800c51a   0x0800c51a   0x00000280   Code   RO         8746    i.USBD_StdEPReq     usbd_ctlreq.o
    0x0800c79a   0x0800c79a   0x000000ae   Code   RO         8747    i.USBD_StdItfReq    usbd_ctlreq.o
    0x0800c848   0x0800c848   0x00000002   Code   RO         3365    i.USBD_static_free  usbd_conf.o
    0x0800c84a   0x0800c84a   0x00000002   PAD
    0x0800c84c   0x0800c84c   0x0000000c   Code   RO         3366    i.USBD_static_malloc  usbd_conf.o
    0x0800c858   0x0800c858   0x000000d0   Code   RO         3829    i.USB_ActivateEndpoint  stm32f4xx_ll_usb.o
    0x0800c928   0x0800c928   0x00000028   Code   RO         3831    i.USB_ActivateSetup  stm32f4xx_ll_usb.o
    0x0800c950   0x0800c950   0x00000084   Code   RO         3833    i.USB_CoreInit      stm32f4xx_ll_usb.o
    0x0800c9d4   0x0800c9d4   0x00000058   Code   RO         3834    i.USB_CoreReset     stm32f4xx_ll_usb.o
    0x0800ca2c   0x0800ca2c   0x0000014c   Code   RO         3837    i.USB_DeactivateEndpoint  stm32f4xx_ll_usb.o
    0x0800cb78   0x0800cb78   0x00000024   Code   RO         3838    i.USB_DevConnect    stm32f4xx_ll_usb.o
    0x0800cb9c   0x0800cb9c   0x00000024   Code   RO         3839    i.USB_DevDisconnect  stm32f4xx_ll_usb.o
    0x0800cbc0   0x0800cbc0   0x000001e0   Code   RO         3840    i.USB_DevInit       stm32f4xx_ll_usb.o
    0x0800cda0   0x0800cda0   0x0000000e   Code   RO         3841    i.USB_DisableGlobalInt  stm32f4xx_ll_usb.o
    0x0800cdae   0x0800cdae   0x00000002   PAD
    0x0800cdb0   0x0800cdb0   0x000001dc   Code   RO         3844    i.USB_EP0StartXfer  stm32f4xx_ll_usb.o
    0x0800cf8c   0x0800cf8c   0x00000070   Code   RO         3845    i.USB_EP0_OutStart  stm32f4xx_ll_usb.o
    0x0800cffc   0x0800cffc   0x0000008e   Code   RO         3846    i.USB_EPClearStall  stm32f4xx_ll_usb.o
    0x0800d08a   0x0800d08a   0x0000009a   Code   RO         3847    i.USB_EPSetStall    stm32f4xx_ll_usb.o
    0x0800d124   0x0800d124   0x00000348   Code   RO         3848    i.USB_EPStartXfer   stm32f4xx_ll_usb.o
    0x0800d46c   0x0800d46c   0x000000ec   Code   RO         3849    i.USB_EPStopXfer    stm32f4xx_ll_usb.o
    0x0800d558   0x0800d558   0x0000000e   Code   RO         3850    i.USB_EnableGlobalInt  stm32f4xx_ll_usb.o
    0x0800d566   0x0800d566   0x00000002   PAD
    0x0800d568   0x0800d568   0x00000054   Code   RO         3851    i.USB_FlushRxFifo   stm32f4xx_ll_usb.o
    0x0800d5bc   0x0800d5bc   0x00000058   Code   RO         3852    i.USB_FlushTxFifo   stm32f4xx_ll_usb.o
    0x0800d614   0x0800d614   0x00000026   Code   RO         3854    i.USB_GetDevSpeed   stm32f4xx_ll_usb.o
    0x0800d63a   0x0800d63a   0x0000000a   Code   RO         3856    i.USB_GetMode       stm32f4xx_ll_usb.o
    0x0800d644   0x0800d644   0x00000014   Code   RO         3863    i.USB_ReadDevAllInEpInterrupt  stm32f4xx_ll_usb.o
    0x0800d658   0x0800d658   0x00000014   Code   RO         3864    i.USB_ReadDevAllOutEpInterrupt  stm32f4xx_ll_usb.o
    0x0800d66c   0x0800d66c   0x00000032   Code   RO         3865    i.USB_ReadDevInEPInterrupt  stm32f4xx_ll_usb.o
    0x0800d69e   0x0800d69e   0x0000001a   Code   RO         3866    i.USB_ReadDevOutEPInterrupt  stm32f4xx_ll_usb.o
    0x0800d6b8   0x0800d6b8   0x0000000a   Code   RO         3867    i.USB_ReadInterrupts  stm32f4xx_ll_usb.o
    0x0800d6c2   0x0800d6c2   0x00000060   Code   RO         3868    i.USB_ReadPacket    stm32f4xx_ll_usb.o
    0x0800d722   0x0800d722   0x00000068   Code   RO         3870    i.USB_SetCurrentMode  stm32f4xx_ll_usb.o
    0x0800d78a   0x0800d78a   0x0000002a   Code   RO         3871    i.USB_SetDevAddress  stm32f4xx_ll_usb.o
    0x0800d7b4   0x0800d7b4   0x00000012   Code   RO         3872    i.USB_SetDevSpeed   stm32f4xx_ll_usb.o
    0x0800d7c6   0x0800d7c6   0x00000002   PAD
    0x0800d7c8   0x0800d7c8   0x000000e8   Code   RO         3873    i.USB_SetTurnaroundTime  stm32f4xx_ll_usb.o
    0x0800d8b0   0x0800d8b0   0x00000044   Code   RO         3876    i.USB_WritePacket   stm32f4xx_ll_usb.o
    0x0800d8f4   0x0800d8f4   0x00000004   Code   RO          585    i.UsageFault_Handler  stm32f4xx_it.o
    0x0800d8f8   0x0800d8f8   0x00000028   Code   RO         1969    i.Virtual_Task      virtual_task.o
    0x0800d920   0x0800d920   0x0000007c   Code   RO         1970    i.Virtual_recive    virtual_task.o
    0x0800d99c   0x0800d99c   0x00000068   Code   RO         1971    i.Virtual_send      virtual_task.o
    0x0800da04   0x0800da04   0x00000070   Code   RO         9030    i._DoInit           segger_rtt.o
    0x0800da74   0x0800da74   0x00000046   Code   RO         9337    i._EncodeStr        segger_sysview.o
    0x0800daba   0x0800daba   0x00000002   PAD
    0x0800dabc   0x0800dabc   0x000000a8   Code   RO         9338    i._HandleIncomingPacket  segger_sysview.o
    0x0800db64   0x0800db64   0x00000006   Code   RO         9339    i._PreparePacket    segger_sysview.o
    0x0800db6a   0x0800db6a   0x00000002   PAD
    0x0800db6c   0x0800db6c   0x000001e0   Code   RO         9342    i._SendPacket       segger_sysview.o
    0x0800dd4c   0x0800dd4c   0x00000088   Code   RO         9344    i._TrySendOverflowPacket  segger_sysview.o
    0x0800ddd4   0x0800ddd4   0x00000026   Code   RO        10372    i.__ARM_fpclassifyf  m_wm.l(fpclassifyf.o)
    0x0800ddfa   0x0800ddfa   0x00000002   PAD
    0x0800ddfc   0x0800ddfc   0x00000010   Code   RO         4941    i.__NVIC_GetPriorityGrouping  stm32f4xx_hal_cortex.o
    0x0800de0c   0x0800de0c   0x00000028   Code   RO         4942    i.__NVIC_SetPriority  stm32f4xx_hal_cortex.o
    0x0800de34   0x0800de34   0x00000118   Code   RO        10222    i.__hardfp_acosf    m_wm.l(acosf.o)
    0x0800df4c   0x0800df4c   0x0000012c   Code   RO        10234    i.__hardfp_asinf    m_wm.l(asinf.o)
    0x0800e078   0x0800e078   0x000002ac   Code   RO        10246    i.__hardfp_atan2f   m_wm.l(atan2f.o)
    0x0800e324   0x0800e324   0x0000003a   Code   RO        10258    i.__hardfp_sqrtf    m_wm.l(sqrtf_full.o)
    0x0800e35e   0x0800e35e   0x00000006   Code   RO        10375    i.__mathlib_flt_infnan  m_wm.l(funder.o)
    0x0800e364   0x0800e364   0x00000006   Code   RO        10376    i.__mathlib_flt_infnan2  m_wm.l(funder.o)
    0x0800e36a   0x0800e36a   0x00000002   PAD
    0x0800e36c   0x0800e36c   0x00000010   Code   RO        10377    i.__mathlib_flt_invalid  m_wm.l(funder.o)
    0x0800e37c   0x0800e37c   0x00000010   Code   RO        10380    i.__mathlib_flt_underflow  m_wm.l(funder.o)
    0x0800e38c   0x0800e38c   0x0000003e   Code   RO         9772    i._cbGetTime        segger_sysview_freertos.o
    0x0800e3ca   0x0800e3ca   0x00000002   PAD
    0x0800e3cc   0x0800e3cc   0x00000054   Code   RO         9751    i._cbSendSystemDesc  segger_sysview_config_freertos.o
    0x0800e420   0x0800e420   0x00000054   Code   RO         9773    i._cbSendTaskList   segger_sysview_freertos.o
    0x0800e474   0x0800e474   0x00000028   Code   RO         2499    i.abs_limit         user_lib.o
    0x0800e49c   0x0800e49c   0x00000024   Code   RO          955    i.angle_limiting_int16  bsp_motor_encoder.o
    0x0800e4c0   0x0800e4c0   0x0000016c   Code   RO         2110    i.bmi088_accel_init  bmi088driver.o
    0x0800e62c   0x0800e62c   0x00000130   Code   RO         2111    i.bmi088_gyro_init  bmi088driver.o
    0x0800e75c   0x0800e75c   0x00000050   Code   RO         1490    i.can1_gimbal_setmsg_to_pitch  can1_send.o
    0x0800e7ac   0x0800e7ac   0x00000054   Code   RO         1564    i.can2_gimbal_setmsg_to_yaw  can2_send.o
    0x0800e800   0x0800e800   0x0000012c   Code   RO         1348    i.chassis_can1_callback  can1_receive.o
    0x0800e92c   0x0800e92c   0x00000170   Code   RO         1526    i.chassis_can2_callback  can2_receive.o
    0x0800ea9c   0x0800ea9c   0x00000074   Code   RO         2961    i.f_Derivative_On_Measurement  pid.o
    0x0800eb10   0x0800eb10   0x00000088   Code   RO         2023    i.f_GIMBAL_AUTOATTACK  gimbal_behaviour.o
    0x0800eb98   0x0800eb98   0x00000002   Code   RO         2024    i.f_GIMBAL_AUTOBUFF  gimbal_behaviour.o
    0x0800eb9a   0x0800eb9a   0x00000002   Code   RO         2025    i.f_GIMBAL_MANUAL   gimbal_behaviour.o
    0x0800eb9c   0x0800eb9c   0x00000046   Code   RO         2962    i.f_Integral_Limit  pid.o
    0x0800ebe2   0x0800ebe2   0x00000046   Code   RO         2963    i.f_Output_Limit    pid.o
    0x0800ec28   0x0800ec28   0x0000003c   Code   RO         2964    i.f_Separated_Integral  pid.o
    0x0800ec64   0x0800ec64   0x000000cc   Code   RO         2965    i.f_StepIn          pid.o
    0x0800ed30   0x0800ed30   0x00000038   Code   RO         2654    i.fifo_s_create     fifo.o
    0x0800ed68   0x0800ed68   0x000000a0   Code   RO         2660    i.fifo_s_gets       fifo.o
    0x0800ee08   0x0800ee08   0x0000001c   Code   RO         2662    i.fifo_s_init       fifo.o
    0x0800ee24   0x0800ee24   0x0000000e   Code   RO         2663    i.fifo_s_isempty    fifo.o
    0x0800ee32   0x0800ee32   0x000000a6   Code   RO         2668    i.fifo_s_puts       fifo.o
    0x0800eed8   0x0800eed8   0x00000042   Code   RO         2966    i.first_order_filter  pid.o
    0x0800ef1a   0x0800ef1a   0x00000042   Code   RO         3047    i.first_order_filter  filter.o
    0x0800ef5c   0x0800ef5c   0x00000030   Code   RO         3048    i.first_order_filter_init  filter.o
    0x0800ef8c   0x0800ef8c   0x0000002a   Code   RO         2500    i.float_constrain   user_lib.o
    0x0800efb6   0x0800efb6   0x00000002   PAD
    0x0800efb8   0x0800efb8   0x000000a8   Code   RO         2864    i.float_min_distance  maths.o
    0x0800f060   0x0800f060   0x00000048   Code   RO         2502    i.float_rounding    user_lib.o
    0x0800f0a8   0x0800f0a8   0x00000008   Code   RO         2026    i.get_Gimbal_pitch_point  gimbal_behaviour.o
    0x0800f0b0   0x0800f0b0   0x00000008   Code   RO         2027    i.get_Gimbal_yaw_point  gimbal_behaviour.o
    0x0800f0b8   0x0800f0b8   0x00000008   Code   RO         1972    i.get_auto_control_point  virtual_task.o
    0x0800f0c0   0x0800f0c0   0x00000008   Code   RO         1925    i.get_fire_control_point  fire_task.o
    0x0800f0c8   0x0800f0c8   0x00000008   Code   RO         1598    i.get_gimbal_behaviour_point  gimbal_task.o
    0x0800f0d0   0x0800f0d0   0x00000008   Code   RO         1599    i.get_gimbal_pitch_point  gimbal_task.o
    0x0800f0d8   0x0800f0d8   0x00000008   Code   RO         1821    i.get_imu_control_point  imu_task.o
    0x0800f0e0   0x0800f0e0   0x00000008   Code   RO         1351    i.get_pitch_motor_measure_point  can1_receive.o
    0x0800f0e8   0x0800f0e8   0x00000008   Code   RO         1527    i.get_yaw_motor_measure_point  can2_receive.o
    0x0800f0f0   0x0800f0f0   0x00000074   Code   RO         2028    i.gimbal_behaviour_choose  gimbal_behaviour.o
    0x0800f164   0x0800f164   0x00000140   Code   RO         2029    i.gimbal_behaviour_react  gimbal_behaviour.o
    0x0800f2a4   0x0800f2a4   0x0000002c   Code   RO         1973    i.gimbal_clear_virtual_recive  virtual_task.o
    0x0800f2d0   0x0800f2d0   0x000002d4   Code   RO         2030    i.gimbal_pid_calculate  gimbal_behaviour.o
    0x0800f5a4   0x0800f5a4   0x00000018   Code   RO         1771    i.heap_free_size    task_safe.o
    0x0800f5bc   0x0800f5bc   0x00000012   Code   RO         1822    i.imu_Task          imu_task.o
    0x0800f5ce   0x0800f5ce   0x00000002   PAD
    0x0800f5d0   0x0800f5d0   0x0000003c   Code   RO         2430    i.invSqrt           quaternionekf.o
    0x0800f60c   0x0800f60c   0x00000060   Code   RO         2867    i.loop_fp32_constrain  maths.o
    0x0800f66c   0x0800f66c   0x00000054   Code   RO            7    i.main              main.o
    0x0800f6c0   0x0800f6c0   0x0000000e   Code   RO         8057    i.makeFreeRtosPriority  cmsis_os.o
    0x0800f6ce   0x0800f6ce   0x00000026   Code   RO         1772    i.my_heapprt        task_safe.o
    0x0800f6f4   0x0800f6f4   0x00000018   Code   RO         8059    i.osDelay           cmsis_os.o
    0x0800f70c   0x0800f70c   0x0000000a   Code   RO         8062    i.osKernelStart     cmsis_os.o
    0x0800f716   0x0800f716   0x0000005e   Code   RO         8096    i.osThreadCreate    cmsis_os.o
    0x0800f774   0x0800f774   0x00000050   Code   RO         2969    i.pid_clear         pid.o
    0x0800f7c4   0x0800f7c4   0x00000098   Code   RO         7716    i.prvAddCurrentTaskToDelayedList  tasks.o
    0x0800f85c   0x0800f85c   0x000000d8   Code   RO         7717    i.prvAddNewTaskToReadyList  tasks.o
    0x0800f934   0x0800f934   0x00000048   Code   RO         7718    i.prvCheckTasksWaitingTermination  tasks.o
    0x0800f97c   0x0800f97c   0x00000050   Code   RO         7719    i.prvDeleteTCB      tasks.o
    0x0800f9cc   0x0800f9cc   0x0000007c   Code   RO         8424    i.prvHeapInit       heap_4.o
    0x0800fa48   0x0800fa48   0x00000028   Code   RO         7720    i.prvIdleTask       tasks.o
    0x0800fa70   0x0800fa70   0x00000032   Code   RO         7398    i.prvInitialiseNewQueue  queue.o
    0x0800faa2   0x0800faa2   0x000000b4   Code   RO         7721    i.prvInitialiseNewTask  tasks.o
    0x0800fb56   0x0800fb56   0x00000002   PAD
    0x0800fb58   0x0800fb58   0x00000068   Code   RO         7722    i.prvInitialiseTaskLists  tasks.o
    0x0800fbc0   0x0800fbc0   0x00000068   Code   RO         8425    i.prvInsertBlockIntoFreeList  heap_4.o
    0x0800fc28   0x0800fc28   0x00000034   Code   RO         7723    i.prvResetNextTaskUnblockTime  tasks.o
    0x0800fc5c   0x0800fc5c   0x00000040   Code   RO         8493    i.prvTaskExitError  port.o
    0x0800fc9c   0x0800fc9c   0x0000014c   Code   RO         8426    i.pvPortMalloc      heap_4.o
    0x0800fde8   0x0800fde8   0x0000002c   Code   RO         8494    i.pxPortInitialiseStack  port.o
    0x0800fe14   0x0800fe14   0x00000014   Code   RO          852    i.rc_deadline_limit  bsp_dr16.o
    0x0800fe28   0x0800fe28   0x00000014   Code   RO          853    i.rc_lost_time_refresh  bsp_dr16.o
    0x0800fe3c   0x0800fe3c   0x00000090   Code   RO         3050    i.sliding_mean_filter  filter.o
    0x0800fecc   0x0800fecc   0x0000004c   Code   RO         3051    i.sliding_mean_filter_init  filter.o
    0x0800ff18   0x0800ff18   0x0000003e   Code   RO        10260    i.sqrtf             m_wm.l(sqrtf_full.o)
    0x0800ff56   0x0800ff56   0x00000002   PAD
    0x0800ff58   0x0800ff58   0x0000006c   Code   RO         2031    i.torque_to_voltage_6020  gimbal_behaviour.o
    0x0800ffc4   0x0800ffc4   0x00000028   Code   RO         7357    i.uxListRemove      list.o
    0x0800ffec   0x0800ffec   0x00000018   Code   RO          302    i.vApplicationGetIdleTaskMemory  freertos.o
    0x08010004   0x08010004   0x0000001a   Code   RO         7358    i.vListInitialise   list.o
    0x0801001e   0x0801001e   0x00000006   Code   RO         7359    i.vListInitialiseItem  list.o
    0x08010024   0x08010024   0x00000034   Code   RO         7360    i.vListInsert       list.o
    0x08010058   0x08010058   0x00000018   Code   RO         7361    i.vListInsertEnd    list.o
    0x08010070   0x08010070   0x00000054   Code   RO         8496    i.vPortEnterCritical  port.o
    0x080100c4   0x080100c4   0x0000003c   Code   RO         8497    i.vPortExitCritical  port.o
    0x08010100   0x08010100   0x000000a4   Code   RO         8427    i.vPortFree         heap_4.o
    0x080101a4   0x080101a4   0x00000028   Code   RO         8498    i.vPortSetupTimerInterrupt  port.o
    0x080101cc   0x080101cc   0x00000078   Code   RO         8499    i.vPortValidateInterruptPriority  port.o
    0x08010244   0x08010244   0x00000064   Code   RO         7732    i.vTaskDelay        tasks.o
    0x080102a8   0x080102a8   0x00000120   Code   RO         7734    i.vTaskDelete       tasks.o
    0x080103c8   0x080103c8   0x000000d0   Code   RO         7746    i.vTaskStartScheduler  tasks.o
    0x08010498   0x08010498   0x00000010   Code   RO         7748    i.vTaskSuspendAll   tasks.o
    0x080104a8   0x080104a8   0x000000b0   Code   RO         7749    i.vTaskSwitchContext  tasks.o
    0x08010558   0x08010558   0x0000004a   Code   RO         1974    i.virtual_task_init  virtual_task.o
    0x080105a2   0x080105a2   0x00000002   PAD
    0x080105a4   0x080105a4   0x00000168   Code   RO         8500    i.xPortStartScheduler  port.o
    0x0801070c   0x0801070c   0x0000005a   Code   RO         7410    i.xQueueGenericCreate  queue.o
    0x08010766   0x08010766   0x00000002   PAD
    0x08010768   0x08010768   0x00000098   Code   RO         7412    i.xQueueGenericReset  queue.o
    0x08010800   0x08010800   0x00000064   Code   RO         7752    i.xTaskCreate       tasks.o
    0x08010864   0x08010864   0x000000ba   Code   RO         7753    i.xTaskCreateStatic  tasks.o
    0x0801091e   0x0801091e   0x00000002   PAD
    0x08010920   0x08010920   0x0000000c   Code   RO         7759    i.xTaskGetTickCount  tasks.o
    0x0801092c   0x0801092c   0x00000014   Code   RO         7760    i.xTaskGetTickCountFromISR  tasks.o
    0x08010940   0x08010940   0x00000150   Code   RO         7761    i.xTaskIncrementTick  tasks.o
    0x08010a90   0x08010a90   0x000000a0   Code   RO         7766    i.xTaskRemoveFromEventList  tasks.o
    0x08010b30   0x08010b30   0x0000010c   Code   RO         7767    i.xTaskResumeAll    tasks.o
    0x08010c3c   0x08010c3c   0x000002c4   Code   RO        10200    x$fpl$d2f           g_wm.l(d2f_clz.o)
    0x08010f00   0x08010f00   0x0000024c   Code   RO        10202    x$fpl$dadd          g_wm.l(daddsub_clz.o)
    0x0801114c   0x0801114c   0x0000001a   Code   RO        10214    x$fpl$dfltn         g_wm.l(dflt_clz.o)
    0x08011166   0x08011166   0x00000002   PAD
    0x08011168   0x08011168   0x000001c0   Code   RO        10218    x$fpl$dmul          g_wm.l(dmul_clz.o)
    0x08011328   0x08011328   0x00000102   Code   RO        10353    x$fpl$dnaninf       g_wm.l(dnaninf.o)
    0x0801142a   0x0801142a   0x00000070   Code   RO        10355    x$fpl$drenorm       g_wm.l(drenorm_clz.o)
    0x0801149a   0x0801149a   0x0000000c   Code   RO        10357    x$fpl$dretinf       g_wm.l(dretinf.o)
    0x080114a6   0x080114a6   0x00000002   PAD
    0x080114a8   0x080114a8   0x0000029c   Code   RO        10204    x$fpl$dsub          g_wm.l(daddsub_clz.o)
    0x08011744   0x08011744   0x0000017a   Code   RO        10359    x$fpl$dunder        g_wm.l(dunder_clz.o)
    0x080118be   0x080118be   0x00000002   PAD
    0x080118c0   0x080118c0   0x000001ec   Code   RO        10361    x$fpl$exception     g_wm.l(except.o)
    0x08011aac   0x08011aac   0x0000007a   Code   RO        10220    x$fpl$f2d           g_wm.l(f2d.o)
    0x08011b26   0x08011b26   0x000000f2   Code   RO        10363    x$fpl$fnaninf       g_wm.l(fnaninf.o)
    0x08011c18   0x08011c18   0x0000000a   Code   RO        10434    x$fpl$fpinit        g_wm.l(fpinit.o)
    0x08011c22   0x08011c22   0x0000000a   Code   RO        10365    x$fpl$fretinf       g_wm.l(fretinf.o)
    0x08011c2c   0x08011c2c   0x0000013c   Code   RO        10367    x$fpl$funder        g_wm.l(funder_clz.o)
    0x08011d68   0x08011d68   0x000000b2   Code   RO        10436    x$fpl$retnan        g_wm.l(retnan.o)
    0x08011e1a   0x08011e1a   0x0000007e   Code   RO        10369    x$fpl$trapveneer    g_wm.l(trapv.o)
    0x08011e98   0x08011e98   0x00000000   Code   RO        10371    x$fpl$usenofp       g_wm.l(usenofp.o)
    0x08011e98   0x08011e98   0x00000038   Data   RO          304    .constdata          freertos.o
    0x08011ed0   0x08011ed0   0x00000070   Data   RO         1719    .constdata          init_task.o
    0x08011f40   0x08011f40   0x00000030   Data   RO         1824    .constdata          imu_task.o
    0x08011f70   0x08011f70   0x00000090   Data   RO         2432    .constdata          quaternionekf.o
    0x08012000   0x08012000   0x00000008   Data   RO         4658    .constdata          stm32f4xx_hal_dma.o
    0x08012008   0x08012008   0x00000018   Data   RO         7230    .constdata          system_stm32f4xx.o
    0x08012020   0x08012020   0x00000011   Data   RO         9036    .constdata          segger_rtt.o
    0x08012031   0x08012031   0x0000001a   Data   RO         9348    .constdata          segger_sysview.o
    0x0801204b   0x0801204b   0x00000001   PAD
    0x0801204c   0x0801204c   0x00000008   Data   RO         9775    .constdata          segger_sysview_freertos.o
    0x08012054   0x08012054   0x00000804   Data   RO        10091    .constdata          arm_cortexM4lf_math.lib(arm_common_tables.o)
    0x08012858   0x08012858   0x00000018   Data   RO          305    .conststring        freertos.o
    0x08012870   0x08012870   0x00000031   Data   RO         1720    .conststring        init_task.o
    0x080128a1   0x080128a1   0x00000003   PAD
    0x080128a4   0x080128a4   0x00000050   Data   RO         9776    .conststring        segger_sysview_freertos.o
    0x080128f4   0x080128f4   0x00000020   Data   RO        10527    Region$$Table       anon$$obj.o


    Execution Region RW_IRAM1 (Exec base: 0x20000000, Load base: 0x08012914, Size: 0x0000c6c0, Max: 0x0001c000, ABSOLUTE, COMPRESSED[0x00000134])

    Exec Addr    Load Addr    Size         Type   Attr      Idx    E Section Name        Object

    0x20000000   COMPRESSED   0x00000008   Data   RW          306    .data               freertos.o
    0x20000008   COMPRESSED   0x00000004   Data   RW          355    .data               can.o
    0x2000000c   COMPRESSED   0x00000004   Data   RW          775    .data               safe_check.o
    0x20000010   COMPRESSED   0x00000006   Data   RW          855    .data               bsp_dr16.o
    0x20000016   COMPRESSED   0x00000020   Data   RW         1353    .data               can1_receive.o
    0x20000036   COMPRESSED   0x00000002   PAD
    0x20000038   COMPRESSED   0x0000000c   Data   RW         1528    .data               can2_receive.o
    0x20000044   COMPRESSED   0x00000004   PAD
    0x20000048   COMPRESSED   0x00000020   Data   RW         1601    .data               gimbal_task.o
    0x20000068   COMPRESSED   0x00000014   Data   RW         1721    .data               init_task.o
    0x2000007c   COMPRESSED   0x00000014   Data   RW         1773    .data               task_safe.o
    0x20000090   COMPRESSED   0x00000048   Data   RW         1825    .data               imu_task.o
    0x200000d8   COMPRESSED   0x00000004   Data   RW         1926    .data               fire_task.o
    0x200000dc   COMPRESSED   0x00000004   Data   RW         1975    .data               virtual_task.o
    0x200000e0   COMPRESSED   0x0000000a   Data   RW         2032    .data               gimbal_behaviour.o
    0x200000ea   COMPRESSED   0x00000002   PAD
    0x200000ec   COMPRESSED   0x00000040   Data   RW         2113    .data               bmi088driver.o
    0x2000012c   COMPRESSED   0x00000004   Data   RW         2194    .data               bmi088middleware.o
    0x20000130   COMPRESSED   0x00000040   Data   RW         2252    .data               bsp_dwt.o
    0x20000170   COMPRESSED   0x00000004   Data   RW         2356    .data               kalman_filter.o
    0x20000174   COMPRESSED   0x000000d4   Data   RW         2433    .data               quaternionekf.o
    0x20000248   COMPRESSED   0x00000018   Data   RW         2510    .data               user_lib.o
    0x20000260   COMPRESSED   0x0000004e   Data   RW         3205    .data               usbd_desc.o
    0x200002ae   COMPRESSED   0x00000002   PAD
    0x200002b0   COMPRESSED   0x00000014   Data   RW         3283    .data               usbd_cdc_if.o
    0x200002c4   COMPRESSED   0x00000009   Data   RW         5090    .data               stm32f4xx_hal.o
    0x200002cd   COMPRESSED   0x00000003   PAD
    0x200002d0   COMPRESSED   0x00000004   Data   RW         7231    .data               system_stm32f4xx.o
    0x200002d4   COMPRESSED   0x0000003c   Data   RW         7770    .data               tasks.o
    0x20000310   COMPRESSED   0x00000020   Data   RW         8433    .data               heap_4.o
    0x20000330   COMPRESSED   0x0000000c   Data   RW         8501    .data               port.o
    0x2000033c   COMPRESSED   0x00000001   Data   RW         8748    .data               usbd_ctlreq.o
    0x2000033d   COMPRESSED   0x00000003   PAD
    0x20000340   COMPRESSED   0x0000008a   Data   RW         8911    .data               usbd_cdc.o
    0x200003ca   COMPRESSED   0x00000002   PAD
    0x200003cc   COMPRESSED   0x00000015   Data   RW         9349    .data               segger_sysview.o
    0x200003e1   COMPRESSED   0x00000003   PAD
    0x200003e4   COMPRESSED   0x00000004   Data   RW         9777    .data               segger_sysview_freertos.o
    0x200003e8        -       0x00000254   Zero   RW          303    .bss                freertos.o
    0x2000063c        -       0x00000050   Zero   RW          354    .bss                can.o
    0x2000068c        -       0x00000118   Zero   RW          426    .bss                spi.o
    0x200007a4        -       0x00000090   Zero   RW          470    .bss                tim.o
    0x20000834        -       0x000001a8   Zero   RW          523    .bss                usart.o
    0x200009dc        -       0x00000048   Zero   RW          730    .bss                stm32f4xx_hal_timebase_tim.o
    0x20000a24        -       0x00000060   Zero   RW          854    .bss                bsp_dr16.o
    0x20000a84        -       0x00000226   Zero   RW          957    .bss                bsp_motor_encoder.o
    0x20000caa        -       0x000004f7   Zero   RW         1132    .bss                bsp_referee.o
    0x200011a1   COMPRESSED   0x00000003   PAD
    0x200011a4        -       0x00000018   Zero   RW         1492    .bss                can1_send.o
    0x200011bc        -       0x00000018   Zero   RW         1565    .bss                can2_send.o
    0x200011d4   COMPRESSED   0x00000004   PAD
    0x200011d8        -       0x00000d50   Zero   RW         1600    .bss                gimbal_task.o
    0x20001f28        -       0x0000012c   Zero   RW         1823    .bss                imu_task.o
    0x20002054        -       0x00000040   Zero   RW         2112    .bss                bmi088driver.o
    0x20002094   COMPRESSED   0x00000004   PAD
    0x20002098        -       0x00000268   Zero   RW         2431    .bss                quaternionekf.o
    0x20002300        -       0x000002dc   Zero   RW         3161    .bss                usb_device.o
    0x200025dc        -       0x00000200   Zero   RW         3204    .bss                usbd_desc.o
    0x200027dc        -       0x00001000   Zero   RW         3282    .bss                usbd_cdc_if.o
    0x200037dc        -       0x0000072c   Zero   RW         3367    .bss                usbd_conf.o
    0x20003f08        -       0x000000f0   Zero   RW         7769    .bss                tasks.o
    0x20003ff8        -       0x00003c00   Zero   RW         8432    .bss                heap_4.o
    0x20007bf8        -       0x000004b8   Zero   RW         9035    .bss                segger_rtt.o
    0x200080b0        -       0x0000050b   Zero   RW         9347    .bss                segger_sysview.o
    0x200085bb   COMPRESSED   0x00000001   PAD
    0x200085bc        -       0x000000a0   Zero   RW         9774    .bss                segger_sysview_freertos.o
    0x2000865c        -       0x00000060   Zero   RW        10391    .bss                c_w.l(libspace.o)
    0x200086bc   COMPRESSED   0x00000004   PAD
    0x200086c0        -       0x00002000   Zero   RW         3151    HEAP                startup_stm32f407xx.o
    0x2000a6c0        -       0x00002000   Zero   RW         3150    STACK               startup_stm32f407xx.o


    Execution Region RW_IRAM2 (Exec base: 0x2001c000, Load base: 0x08012a48, Size: 0x00000000, Max: 0x00004000, ABSOLUTE)

    **** No section assigned to this execution region ****


==============================================================================

Image component sizes


      Code (inc. data)   RO Data    RW Data    ZI Data      Debug   Object Name

      2890        176          0         64         64       9761   bmi088driver.o
       116         30          0          4          0       3012   bmi088middleware.o
       762         38          0          6         96       7980   bsp_dr16.o
       580        112          0         64          0       4310   bsp_dwt.o
       522         16          0          0        550       6819   bsp_motor_encoder.o
        58          0          0          0          0        834   bsp_pwm.o
         8          4          0          0       1271       7024   bsp_referee.o
       496         44          0          4         80       2406   can.o
       408         40          0         32          0      26864   can1_receive.o
        80          8          0          0         24        834   can1_send.o
       444         28          0         12          0       2596   can2_receive.o
        84         10          0          0         24        828   can2_send.o
       142          0          0          0          0      21179   cmsis_os.o
       152          6          0          0          0        818   dma.o
         0          0          0          0          0      15740   event_groups.o
       424          0          0          0          0       4131   fifo.o
       334         16          0          0          0       4544   filter.o
         8          4          0          4          0       1362   fire_task.o
       106         24         80          8        596       2538   freertos.o
      1424        144          0         10          0       6164   gimbal_behaviour.o
       368         34          0         32       3408       5550   gimbal_task.o
       396         18          0          0          0       1151   gpio.o
       724         74          0         32      15360       7355   heap_4.o
      2546        190         48         72        300       7291   imu_task.o
       168         28        161         20          0       6593   init_task.o
      3160         26          0          4          0       8579   kalman_filter.o
       148          0          0          0          0       3518   list.o
       280          8          0          0          0       2289   lqr.o
       294         20          0          0          0     759484   main.o
       264          4          0          0          0      15027   maths.o
      1502         30          0          0          0       8075   pid.o
      1014         92          0         12          0      11937   port.o
      4172        232        144        212        616       9927   quaternionekf.o
       292          6          0          0          0       6987   queue.o
         0          0          0          4          0       1040   safe_check.o
       744         46         17          0       1208       9644   segger_rtt.o
      3132        206         26         21       1291      31044   segger_sysview.o
       124         82          0          0          0       1026   segger_sysview_config_freertos.o
       640         40         88          4        160       4582   segger_sysview_freertos.o
       416         38          0          0        280       1899   spi.o
        64         26        392          0      16384        804   startup_stm32f407xx.o
       136         24          0          9          0       8662   stm32f4xx_hal.o
      2134          6          0          0          0      14139   stm32f4xx_hal_can.o
       252         22          0          0          0      33630   stm32f4xx_hal_cortex.o
      1246         16          8          0          0       5311   stm32f4xx_hal_dma.o
       542         50          0          0          0       3276   stm32f4xx_hal_gpio.o
        84          6          0          0          0        842   stm32f4xx_hal_msp.o
      3604         16          0          0          0      13684   stm32f4xx_hal_pcd.o
        90          0          0          0          0       2401   stm32f4xx_hal_pcd_ex.o
      1888         94          0          0          0       6205   stm32f4xx_hal_rcc.o
      1078         14          0          0          0       4625   stm32f4xx_hal_spi.o
      2548        172          0          0          0      16941   stm32f4xx_hal_tim.o
       184         30          0          0          0       2461   stm32f4xx_hal_tim_ex.o
       160         20          0          0         72       1399   stm32f4xx_hal_timebase_tim.o
      1918         14          0          0          0       9440   stm32f4xx_hal_uart.o
       230         68          0          0          0       9186   stm32f4xx_it.o
      4246         98          0          0          0      23387   stm32f4xx_ll_usb.o
        20          6         24          4          0       1103   system_stm32f4xx.o
       174         36          0         20          0       7776   task_safe.o
      2766        358          0         60        240      23297   tasks.o
       572         54          0          0        144       3115   tim.o
       616         62          0          0        424       2616   usart.o
        76         16          0          0        732        764   usb_device.o
      1790         54          0        138          0      14121   usbd_cdc.o
       232         28          0         20       4096       4339   usbd_cdc_if.o
      1004         24          0          0       1836      17388   usbd_conf.o
      1346          0          0          0          0      16349   usbd_core.o
      2342         30          0          1          0      17704   usbd_ctlreq.o
       386        122          0         78        512       6797   usbd_desc.o
       174          0          0          0          0       4656   usbd_ioreq.o
       154         10          0         24          0       8644   user_lib.o
       394         28          0          4          0       4147   virtual_task.o

    ----------------------------------------------------------------------
     61944       3378       1024       1000      49780    1321951   Object Totals
         0          0         32          0          0          0   (incl. Generated)
        72          0          4         21         12          0   (incl. Padding)

    ----------------------------------------------------------------------

      Code (inc. data)   RO Data    RW Data    ZI Data      Debug   Library Member Name

         0          0       2052          0          0       4704   arm_common_tables.o
       120         12          0          0          0      17170   arm_cos_f32.o
       264          0          0          0          0       1826   arm_mat_add_f32.o
         8          0          0          0          0        999   arm_mat_init_f32.o
      1328          4          0          0          0       4782   arm_mat_inverse_f32.o
       316          4          0          0          0       2375   arm_mat_mult_f32.o
       264          0          0          0          0       1826   arm_mat_sub_f32.o
       276          0          0          0          0       2240   arm_mat_trans_f32.o
       148         18          0          0          0        814   arm_sin_f32.o
        90          0          0          0          0          0   __dczerorl2.o
         8          0          0          0          0         68   __main.o
         0          0          0          0          0          0   __rtentry.o
        12          0          0          0          0          0   __rtentry2.o
         6          0          0          0          0          0   __rtentry4.o
        52          8          0          0          0          0   __scatter.o
        28          0          0          0          0          0   __scatter_zi.o
        48          4          0          0          0         84   _fptrap.o
        22          0          0          0          0        100   _rserrno.o
        10          0          0          0          0         68   defsig_exit.o
       172        110          0          0          0         76   defsig_fpe_inner.o
        14          0          0          0          0         80   defsig_fpe_outer.o
        50          0          0          0          0         88   defsig_general.o
        80         58          0          0          0         76   defsig_rtmem_inner.o
        14          0          0          0          0         80   defsig_rtmem_outer.o
        18          0          0          0          0         80   exit.o
        94          0          0          0          0         80   h1_alloc.o
        52          0          0          0          0         68   h1_extend.o
        78          0          0          0          0         80   h1_free.o
        14          0          0          0          0         84   h1_init.o
       224         72          0          0          0        100   h1_stats.o
         6          0          0          0          0        152   heapauxi.o
         4          0          0          0          0        136   hguard.o
         0          0          0          0          0          0   indicate_semi.o
       138          0          0          0          0        168   init_alloc.o
         2          0          0          0          0          0   libinit.o
        14          0          0          0          0          0   libinit2.o
         2          0          0          0          0          0   libshutdown.o
         2          0          0          0          0          0   libshutdown2.o
         8          4          0          0         96         68   libspace.o
       238          0          0          0          0        100   lludivv7m.o
         0          0          0          0          0          0   maybetermalloc1.o
        88          0          0          0          0         76   memcmp.o
         8          4          0          0          0         68   rt_errno_addr_intlibspace.o
         8          4          0          0          0         68   rt_heap_descriptor_intlibspace.o
        68          0          0          0          0         68   rt_memclr.o
        78          0          0          0          0         80   rt_memclr_w.o
       138          0          0          0          0         68   rt_memcpy_v6.o
       100          0          0          0          0         80   rt_memcpy_w.o
         2          0          0          0          0          0   rtexit.o
        10          0          0          0          0          0   rtexit2.o
        24          0          0          0          0         88   stats.o
        12          4          0          0          0         68   sys_exit.o
        74          0          0          0          0         80   sys_stackheap_outer.o
        14          0          0          0          0         76   sys_wrch.o
         2          0          0          0          0         68   use_no_semi.o
       708         16          0          0          0        140   d2f_clz.o
      1256         28          0          0          0        408   daddsub_clz.o
        26          0          0          0          0        116   dflt_clz.o
       448         16          0          0          0        164   dmul_clz.o
       258          4          0          0          0        156   dnaninf.o
       112          0          0          0          0        160   drenorm_clz.o
        12          0          0          0          0        116   dretinf.o
       378          0          0          0          0        168   dunder_clz.o
       492         36          0          0          0        148   except.o
       122          8          0          0          0        132   f2d.o
       242          4          0          0          0        144   fnaninf.o
        10          0          0          0          0        116   fpinit.o
        10          0          0          0          0        116   fretinf.o
       316          0          0          0          0        132   funder_clz.o
       178          0          0          0          0        116   retnan.o
       126          0          0          0          0        148   trapv.o
         0          0          0          0          0          0   usenofp.o
       280         46          0          0          0        176   acosf.o
       300         42          0          0          0        176   asinf.o
       684         90          0          0          0        208   atan2f.o
        38          0          0          0          0        116   fpclassifyf.o
        44         12          0          0          0        464   funder.o
       120          0          0          0          0        272   sqrtf_full.o

    ----------------------------------------------------------------------
     11032        608       2052          0        100      43352   Library Totals
        22          0          0          0          4          0   (incl. Padding)

    ----------------------------------------------------------------------

      Code (inc. data)   RO Data    RW Data    ZI Data      Debug   Library Name

      2724         38       2052          0          0      36736   arm_cortexM4lf_math.lib
      2126        268          0          0         96       2724   c_w.l
      4694        112          0          0          0       2480   g_wm.l
      1466        190          0          0          0       1412   m_wm.l

    ----------------------------------------------------------------------
     11032        608       2052          0        100      43352   Library Totals

    ----------------------------------------------------------------------

==============================================================================


      Code (inc. data)   RO Data    RW Data    ZI Data      Debug   

     72976       3986       3076       1000      49880    1313895   Grand Totals
     72976       3986       3076        308      49880    1313895   ELF Image Totals (compressed)
     72976       3986       3076        308          0          0   ROM Totals

==============================================================================

    Total RO  Size (Code + RO Data)                76052 (  74.27kB)
    Total RW  Size (RW Data + ZI Data)             50880 (  49.69kB)
    Total ROM Size (Code + RO Data + RW Data)      76360 (  74.57kB)

==============================================================================

