Component: ARM Compiler 5.06 update 7 (build 960) Tool: armlink [4d3601]

==============================================================================

Section Cross References

    main.o(i.HAL_TIM_PeriodElapsedCallback) refers to stm32f4xx_hal.o(i.HAL_IncTick) for HAL_IncTick
    main.o(i.SystemClock_Config) refers to rt_memclr_w.o(.text) for __aeabi_memclr4
    main.o(i.SystemClock_Config) refers to stm32f4xx_hal_rcc.o(i.HAL_RCC_OscConfig) for HAL_RCC_OscConfig
    main.o(i.SystemClock_Config) refers to main.o(i.Error_Handler) for Error_Handler
    main.o(i.SystemClock_Config) refers to stm32f4xx_hal_rcc.o(i.HAL_RCC_ClockConfig) for HAL_RCC_ClockConfig
    main.o(i.main) refers to stm32f4xx_hal.o(i.HAL_Init) for HAL_Init
    main.o(i.main) refers to main.o(i.SystemClock_Config) for SystemClock_Config
    main.o(i.main) refers to gpio.o(i.MX_GPIO_Init) for MX_GPIO_Init
    main.o(i.main) refers to dma.o(i.MX_DMA_Init) for MX_DMA_Init
    main.o(i.main) refers to can.o(i.MX_CAN1_Init) for MX_CAN1_Init
    main.o(i.main) refers to can.o(i.MX_CAN2_Init) for MX_CAN2_Init
    main.o(i.main) refers to spi.o(i.MX_SPI1_Init) for MX_SPI1_Init
    main.o(i.main) refers to usart.o(i.MX_USART3_UART_Init) for MX_USART3_UART_Init
    main.o(i.main) refers to usart.o(i.MX_USART6_UART_Init) for MX_USART6_UART_Init
    main.o(i.main) refers to tim.o(i.MX_TIM10_Init) for MX_TIM10_Init
    main.o(i.main) refers to segger_sysview_config_freertos.o(i.SEGGER_SYSVIEW_Conf) for SEGGER_SYSVIEW_Conf
    main.o(i.main) refers to bsp_dwt.o(i.DWT_Init) for DWT_Init
    main.o(i.main) refers to bmi088driver.o(i.BMI088_init) for BMI088_init
    main.o(i.main) refers to freertos.o(i.MX_FREERTOS_Init) for MX_FREERTOS_Init
    main.o(i.main) refers to cmsis_os.o(i.osKernelStart) for osKernelStart
    main.o(i.main) refers to spi.o(.bss) for hspi1
    gpio.o(i.MX_GPIO_Init) refers to rt_memclr_w.o(.text) for __aeabi_memclr4
    gpio.o(i.MX_GPIO_Init) refers to stm32f4xx_hal_gpio.o(i.HAL_GPIO_WritePin) for HAL_GPIO_WritePin
    gpio.o(i.MX_GPIO_Init) refers to stm32f4xx_hal_gpio.o(i.HAL_GPIO_Init) for HAL_GPIO_Init
    gpio.o(i.MX_GPIO_Init) refers to stm32f4xx_hal_cortex.o(i.HAL_NVIC_SetPriority) for HAL_NVIC_SetPriority
    gpio.o(i.MX_GPIO_Init) refers to stm32f4xx_hal_cortex.o(i.HAL_NVIC_EnableIRQ) for HAL_NVIC_EnableIRQ
    freertos.o(i.MX_FREERTOS_Init) refers to rt_memcpy_w.o(.text) for __aeabi_memcpy4
    freertos.o(i.MX_FREERTOS_Init) refers to cmsis_os.o(i.osThreadCreate) for osThreadCreate
    freertos.o(i.MX_FREERTOS_Init) refers to freertos.o(.constdata) for .constdata
    freertos.o(i.MX_FREERTOS_Init) refers to freertos.o(.data) for defaultTaskHandle
    freertos.o(i.StartDefaultTask) refers to cmsis_os.o(i.osDelay) for osDelay
    freertos.o(i.vApplicationGetIdleTaskMemory) refers to freertos.o(.bss) for xIdleTaskTCBBuffer
    freertos.o(.constdata) refers to freertos.o(.conststring) for .conststring
    freertos.o(.constdata) refers to freertos.o(i.StartDefaultTask) for StartDefaultTask
    freertos.o(.constdata) refers to init_task.o(i.Init_Task) for Init_Task
    can.o(i.HAL_CAN_MspDeInit) refers to stm32f4xx_hal_gpio.o(i.HAL_GPIO_DeInit) for HAL_GPIO_DeInit
    can.o(i.HAL_CAN_MspDeInit) refers to stm32f4xx_hal_cortex.o(i.HAL_NVIC_DisableIRQ) for HAL_NVIC_DisableIRQ
    can.o(i.HAL_CAN_MspDeInit) refers to can.o(.data) for HAL_RCC_CAN1_CLK_ENABLED
    can.o(i.HAL_CAN_MspInit) refers to rt_memclr_w.o(.text) for __aeabi_memclr4
    can.o(i.HAL_CAN_MspInit) refers to stm32f4xx_hal_gpio.o(i.HAL_GPIO_Init) for HAL_GPIO_Init
    can.o(i.HAL_CAN_MspInit) refers to stm32f4xx_hal_cortex.o(i.HAL_NVIC_SetPriority) for HAL_NVIC_SetPriority
    can.o(i.HAL_CAN_MspInit) refers to stm32f4xx_hal_cortex.o(i.HAL_NVIC_EnableIRQ) for HAL_NVIC_EnableIRQ
    can.o(i.HAL_CAN_MspInit) refers to can.o(.data) for HAL_RCC_CAN1_CLK_ENABLED
    can.o(i.MX_CAN1_Init) refers to stm32f4xx_hal_can.o(i.HAL_CAN_Init) for HAL_CAN_Init
    can.o(i.MX_CAN1_Init) refers to main.o(i.Error_Handler) for Error_Handler
    can.o(i.MX_CAN1_Init) refers to can.o(.bss) for hcan1
    can.o(i.MX_CAN2_Init) refers to stm32f4xx_hal_can.o(i.HAL_CAN_Init) for HAL_CAN_Init
    can.o(i.MX_CAN2_Init) refers to main.o(i.Error_Handler) for Error_Handler
    can.o(i.MX_CAN2_Init) refers to can.o(.bss) for hcan2
    dma.o(i.MX_DMA_Init) refers to stm32f4xx_hal_cortex.o(i.HAL_NVIC_SetPriority) for HAL_NVIC_SetPriority
    dma.o(i.MX_DMA_Init) refers to stm32f4xx_hal_cortex.o(i.HAL_NVIC_EnableIRQ) for HAL_NVIC_EnableIRQ
    spi.o(i.HAL_SPI_MspDeInit) refers to stm32f4xx_hal_gpio.o(i.HAL_GPIO_DeInit) for HAL_GPIO_DeInit
    spi.o(i.HAL_SPI_MspDeInit) refers to stm32f4xx_hal_dma.o(i.HAL_DMA_DeInit) for HAL_DMA_DeInit
    spi.o(i.HAL_SPI_MspInit) refers to rt_memclr_w.o(.text) for __aeabi_memclr4
    spi.o(i.HAL_SPI_MspInit) refers to stm32f4xx_hal_gpio.o(i.HAL_GPIO_Init) for HAL_GPIO_Init
    spi.o(i.HAL_SPI_MspInit) refers to stm32f4xx_hal_dma.o(i.HAL_DMA_Init) for HAL_DMA_Init
[...]
    USB_ReadPacket                           0x0800b8e7   Thumb Code    96  stm32f4xx_ll_usb.o(i.USB_ReadPacket)
    USB_SetDevAddress                        0x0800b947   Thumb Code    42  stm32f4xx_ll_usb.o(i.USB_SetDevAddress)
    USB_SetTurnaroundTime                    0x0800b971   Thumb Code   192  stm32f4xx_ll_usb.o(i.USB_SetTurnaroundTime)
    USB_WritePacket                          0x0800ba59   Thumb Code    68  stm32f4xx_ll_usb.o(i.USB_WritePacket)
    UsageFault_Handler                       0x0800ba9d   Thumb Code     4  stm32f4xx_it.o(i.UsageFault_Handler)
    __ARM_fpclassifyf                        0x0800be71   Thumb Code    38  fpclassifyf.o(i.__ARM_fpclassifyf)
    __hardfp_acosf                           0x0800bed1   Thumb Code   234  acosf.o(i.__hardfp_acosf)
    __hardfp_asinf                           0x0800bfe9   Thumb Code   258  asinf.o(i.__hardfp_asinf)
    __hardfp_atan2f                          0x0800c115   Thumb Code   594  atan2f.o(i.__hardfp_atan2f)
    __hardfp_sqrtf                           0x0800c3c1   Thumb Code    58  sqrtf.o(i.__hardfp_sqrtf)
    __mathlib_flt_infnan                     0x0800c3fb   Thumb Code     6  funder.o(i.__mathlib_flt_infnan)
    __mathlib_flt_infnan2                    0x0800c401   Thumb Code     6  funder.o(i.__mathlib_flt_infnan2)
    __mathlib_flt_invalid                    0x0800c409   Thumb Code    10  funder.o(i.__mathlib_flt_invalid)
    __mathlib_flt_underflow                  0x0800c419   Thumb Code    10  funder.o(i.__mathlib_flt_underflow)
    angle_limiting_int16                     0x0800c511   Thumb Code    36  bsp_motor_encoder.o(i.angle_limiting_int16)
    bmi088_accel_init                        0x0800c535   Thumb Code   348  bmi088driver.o(i.bmi088_accel_init)
    bmi088_gyro_init                         0x0800c6a1   Thumb Code   284  bmi088driver.o(i.bmi088_gyro_init)
    can1_gimbal_setmsg                       0x0800c7d1   Thumb Code    78  can1_send.o(i.can1_gimbal_setmsg)
    can2_gambal_to_chassis                   0x0800c829   Thumb Code    60  can2_send.o(i.can2_gambal_to_chassis)
    can2_gimbal_setmsg                       0x0800c871   Thumb Code    84  can1_send.o(i.can2_gimbal_setmsg)
    chassis_can1_callback                    0x0800c8cd   Thumb Code   314  can1_receive.o(i.chassis_can1_callback)
    chassis_can2_callback                    0x0800ca21   Thumb Code    56  can2_receive.o(i.chassis_can2_callback)
    float_constrain                          0x0800ccb3   Thumb Code    42  user_lib.o(i.float_constrain)
    float_rounding                           0x0800ccdd   Thumb Code    62  user_lib.o(i.float_rounding)
    get_fire_motor_measure_point             0x0800cd25   Thumb Code     4  can1_receive.o(i.get_fire_motor_measure_point)
    get_imu_control_point                    0x0800cd2d   Thumb Code     4  imu_task.o(i.get_imu_control_point)
    get_left_motor_measure_point             0x0800cd35   Thumb Code     4  can1_receive.o(i.get_left_motor_measure_point)
    get_pitch_motor_measure_point            0x0800cd3d   Thumb Code     4  can1_receive.o(i.get_pitch_motor_measure_point)
    get_right_motor_measure_point            0x0800cd45   Thumb Code     4  can1_receive.o(i.get_right_motor_measure_point)
    get_yaw_motor_measure_point              0x0800cd4d   Thumb Code     4  can1_receive.o(i.get_yaw_motor_measure_point)
    gimbal_behaviour_choose                  0x0800cd55   Thumb Code   124  gimbal_behaviour.o(i.gimbal_behaviour_choose)
    gimbal_behaviour_react                   0x0800cdd9   Thumb Code   270  gimbal_behaviour.o(i.gimbal_behaviour_react)
    gimbal_pid_calculate                     0x0800cf05   Thumb Code   366  gimbal_behaviour.o(i.gimbal_pid_calculate)
    imu_Task                                 0x0800d099   Thumb Code    28  imu_task.o(i.imu_Task)
    loop_fp32_constrain                      0x0800d0f1   Thumb Code    96  maths.o(i.loop_fp32_constrain)
    main                                     0x0800d151   Thumb Code    76  main.o(i.main)
    motor_position_speed_control             0x0800d1af   Thumb Code    74  pid.o(i.motor_position_speed_control)
    motor_speed_control                      0x0800d1f9   Thumb Code    46  pid.o(i.motor_speed_control)
    osDelay                                  0x0800d227   Thumb Code    24  cmsis_os.o(i.osDelay)
    osKernelStart                            0x0800d23f   Thumb Code    10  cmsis_os.o(i.osKernelStart)
    osThreadCreate                           0x0800d249   Thumb Code    94  cmsis_os.o(i.osThreadCreate)
    pid_clear                                0x0800d2a9   Thumb Code    74  pid.o(i.pid_clear)
    pvPortMalloc                             0x0800d79d   Thumb Code   306  heap_4.o(i.pvPortMalloc)
    pxPortInitialiseStack                    0x0800d8e9   Thumb Code    38  port.o(i.pxPortInitialiseStack)
    rc_deadline_limit                        0x0800d915   Thumb Code    20  bsp_dr16.o(i.rc_deadline_limit)
    rc_lost_time_refresh                     0x0800d929   Thumb Code    14  bsp_dr16.o(i.rc_lost_time_refresh)
    sqrtf                                    0x0800d93d   Thumb Code    62  sqrtf.o(i.sqrtf)
    uxListRemove                             0x0800d97b   Thumb Code    40  list.o(i.uxListRemove)
    vApplicationGetIdleTaskMemory            0x0800d9a5   Thumb Code    14  freertos.o(i.vApplicationGetIdleTaskMemory)
    vListInitialise                          0x0800d9bd   Thumb Code    26  list.o(i.vListInitialise)
    vListInitialiseItem                      0x0800d9d7   Thumb Code     6  list.o(i.vListInitialiseItem)
    vListInsert                              0x0800d9dd   Thumb Code    52  list.o(i.vListInsert)
    vListInsertEnd                           0x0800da11   Thumb Code    24  list.o(i.vListInsertEnd)
    vPortEnterCritical                       0x0800da29   Thumb Code    76  port.o(i.vPortEnterCritical)
    vPortExitCritical                        0x0800da7d   Thumb Code    56  port.o(i.vPortExitCritical)
    vPortFree                                0x0800dab9   Thumb Code   150  heap_4.o(i.vPortFree)
    vPortSetupTimerInterrupt                 0x0800db5d   Thumb Code    36  port.o(i.vPortSetupTimerInterrupt)
    vPortValidateInterruptPriority           0x0800db85   Thumb Code   106  port.o(i.vPortValidateInterruptPriority)
    vTaskDelay                               0x0800dbfd   Thumb Code    90  tasks.o(i.vTaskDelay)
    vTaskDelayUntil                          0x0800dc61   Thumb Code   206  tasks.o(i.vTaskDelayUntil)
    vTaskDelete                              0x0800dd3d   Thumb Code   246  tasks.o(i.vTaskDelete)
    vTaskStartScheduler                      0x0800de5d   Thumb Code   172  tasks.o(i.vTaskStartScheduler)
    vTaskSuspendAll                          0x0800df29   Thumb Code    12  tasks.o(i.vTaskSuspendAll)
    vTaskSwitchContext                       0x0800df39   Thumb Code   144  tasks.o(i.vTaskSwitchContext)
    xPortStartScheduler                      0x0800dfe1   Thumb Code   330  port.o(i.xPortStartScheduler)
    xTaskCreate                              0x0800e149   Thumb Code   100  tasks.o(i.xTaskCreate)
    xTaskCreateStatic                        0x0800e1ad   Thumb Code   186  tasks.o(i.xTaskCreateStatic)
    xTaskGetTickCount                        0x0800e269   Thumb Code     6  tasks.o(i.xTaskGetTickCount)
    xTaskGetTickCountFromISR                 0x0800e275   Thumb Code    16  tasks.o(i.xTaskGetTickCountFromISR)
    xTaskIncrementTick                       0x0800e289   Thumb Code   290  tasks.o(i.xTaskIncrementTick)
    xTaskResumeAll                           0x0800e3d9   Thumb Code   230  tasks.o(i.xTaskResumeAll)
    __aeabi_fadd                             0x0800e4e5   Thumb Code     0  faddsub_clz.o(x$fpl$fadd)
    _fadd                                    0x0800e4e5   Thumb Code    18  faddsub_clz.o(x$fpl$fadd)
    __aeabi_fcmpeq                           0x0800e4f7   Thumb Code     0  fcmp.o(x$fpl$fcmp)
    _feq                                     0x0800e4f7   Thumb Code    14  fcmp.o(x$fpl$fcmp)
    _fneq                                    0x0800e505   Thumb Code    14  fcmp.o(x$fpl$fcmp)
    __aeabi_fcmpgt                           0x0800e513   Thumb Code     0  fcmp.o(x$fpl$fcmp)
    _fgr                                     0x0800e513   Thumb Code    14  fcmp.o(x$fpl$fcmp)
    __aeabi_fcmpge                           0x0800e521   Thumb Code     0  fcmp.o(x$fpl$fcmp)
    _fgeq                                    0x0800e521   Thumb Code    14  fcmp.o(x$fpl$fcmp)
    __aeabi_fcmple                           0x0800e52f   Thumb Code     0  fcmp.o(x$fpl$fcmp)
    _fleq                                    0x0800e52f   Thumb Code    14  fcmp.o(x$fpl$fcmp)
    __aeabi_fcmplt                           0x0800e53d   Thumb Code     0  fcmp.o(x$fpl$fcmp)
    _fls                                     0x0800e53d   Thumb Code    14  fcmp.o(x$fpl$fcmp)
    __fpl_fcmp_Inf                           0x0800e54b   Thumb Code    24  fcmpi.o(x$fpl$fcmpinf)
    __aeabi_fdiv                             0x0800e563   Thumb Code     0  fdiv.o(x$fpl$fdiv)
    _fdiv                                    0x0800e563   Thumb Code    18  fdiv.o(x$fpl$fdiv)
    __aeabi_cfcmpeq                          0x0800e575   Thumb Code     0  feqf.o(x$fpl$feqf)
    _fcmpeq                                  0x0800e575   Thumb Code    48  feqf.o(x$fpl$feqf)
    __aeabi_f2iz                             0x0800e5a5   Thumb Code     0  ffix.o(x$fpl$ffix)
    _ffix                                    0x0800e5a5   Thumb Code    14  ffix.o(x$fpl$ffix)
    __aeabi_f2uiz                            0x0800e5b3   Thumb Code     0  ffixu.o(x$fpl$ffixu)
    _ffixu                                   0x0800e5b3   Thumb Code    14  ffixu.o(x$fpl$ffixu)
    __aeabi_i2f                              0x0800e5c1   Thumb Code     0  fflt_clz.o(x$fpl$fflt)
    _fflt                                    0x0800e5c1   Thumb Code    14  fflt_clz.o(x$fpl$fflt)
    __aeabi_ui2f                             0x0800e5cf   Thumb Code     0  fflt_clz.o(x$fpl$ffltu)
    _ffltu                                   0x0800e5cf   Thumb Code    14  fflt_clz.o(x$fpl$ffltu)
    _fcmpge                                  0x0800e5dd   Thumb Code    48  fgeqf.o(x$fpl$fgeqf)
    __aeabi_cfcmple                          0x0800e60d   Thumb Code     0  fleqf.o(x$fpl$fleqf)
    _fcmple                                  0x0800e60d   Thumb Code    48  fleqf.o(x$fpl$fleqf)
    __fpl_fcmple_InfNaN                      0x0800e625   Thumb Code     0  fleqf.o(x$fpl$fleqf)
    __aeabi_fmul                             0x0800e63d   Thumb Code     0  fmul.o(x$fpl$fmul)
    _fmul                                    0x0800e63d   Thumb Code    18  fmul.o(x$fpl$fmul)
    __fpl_fnaninf                            0x0800e64f   Thumb Code   140  fnaninf.o(x$fpl$fnaninf)
    _fp_init                                 0x0800e6db   Thumb Code    10  fpinit.o(x$fpl$fpinit)
    __fplib_config_fpu_vfp                   0x0800e6e3   Thumb Code     0  fpinit.o(x$fpl$fpinit)
    __fplib_config_pureend_doubles           0x0800e6e3   Thumb Code     0  fpinit.o(x$fpl$fpinit)
    __aeabi_fsub                             0x0800e6e5   Thumb Code     0  faddsub_clz.o(x$fpl$fsub)
    _fsub                                    0x0800e6e5   Thumb Code    18  faddsub_clz.o(x$fpl$fsub)
    __I$use$fp                               0x0800e6f6   Number         0  usenofp.o(x$fpl$usenofp)
    xb                                       0x0800e784   Data          12  imu_task.o(.constdata)
    yb                                       0x0800e790   Data          12  imu_task.o(.constdata)
    zb                                       0x0800e79c   Data          12  imu_task.o(.constdata)
    IMU_QuaternionEKF_F                      0x0800e7b4   Data         144  quaternionekf.o(.constdata)
    AHBPrescTable                            0x0800e84c   Data          16  system_stm32f4xx.o(.constdata)
    APBPrescTable                            0x0800e85c   Data           8  system_stm32f4xx.o(.constdata)
    SYSVIEW_X_OS_TraceAPI                    0x0800e890   Data           8  segger_sysview_freertos.o(.constdata)
    sinTable_f32                             0x0800e924   Data        2052  arm_common_tables.o(.rodata.sinTable_f32)
    Region$$Table$$Base                      0x0800f128   Number         0  anon$$obj.o(Region$$Table)
    Region$$Table$$Limit                     0x0800f148   Number         0  anon$$obj.o(Region$$Table)
    defaultTaskHandle                        0x20000000   Data           4  freertos.o(.data)
    Init_TASKHandle                          0x20000004   Data           4  freertos.o(.data)
    Safe_TASKHandle                          0x2000003c   Data           4  init_task.o(.data)
    IMUTask_Handler                          0x20000040   Data           4  init_task.o(.data)
    TASK_GIMBALHandle                        0x20000044   Data           4  init_task.o(.data)
    ShootTask_Handler                        0x20000048   Data           4  init_task.o(.data)
    INS_DWT_Count                            0x2000004c   Data           4  imu_task.o(.data)
    ins_debug_mode                           0x20000058   Data           1  imu_task.o(.data)
    RefTemp                                  0x2000005c   Data           4  imu_task.o(.data)
    Gimbal_pitch                             0x20000094   Data           4  gimbal_behaviour.o(.data)
    Gimbal_yaw                               0x20000098   Data           4  gimbal_behaviour.o(.data)
    left_speed                               0x2000009c   Data           4  gimbal_behaviour.o(.data)
    right_speed                              0x200000a0   Data           4  gimbal_behaviour.o(.data)
    fire_speed                               0x200000a4   Data           4  gimbal_behaviour.o(.data)
    BMI088_ACCEL_SEN                         0x200000ac   Data           4  bmi088driver.o(.data)
    BMI088_GYRO_SEN                          0x200000b0   Data           4  bmi088driver.o(.data)
    gNormDiff                                0x200000b8   Data           4  bmi088driver.o(.data)
    caliOffset                               0x200000bc   Data           1  bmi088driver.o(.data)
    caliCount                                0x200000be   Data           2  bmi088driver.o(.data)
    BMI088_SPI                               0x200000ec   Data           4  bmi088middleware.o(.data)
    SysTime                                  0x200000f0   Data           8  bsp_dwt.o(.data)
    CYCCNT64                                 0x20000110   Data           8  bsp_dwt.o(.data)
    sizeof_float                             0x20000130   Data           2  kalman_filter.o(.data)
    sizeof_double                            0x20000132   Data           2  kalman_filter.o(.data)
    IMU_QuaternionEKF_P                      0x20000134   Data         144  quaternionekf.o(.data)
    GlobalDebugMode                          0x20000208   Data           1  user_lib.o(.data)
    uwTick                                   0x20000220   Data           4  stm32f4xx_hal.o(.data)
    uwTickPrio                               0x20000224   Data           4  stm32f4xx_hal.o(.data)
    uwTickFreq                               0x20000228   Data           1  stm32f4xx_hal.o(.data)
    SystemCoreClock                          0x2000022c   Data           4  system_stm32f4xx.o(.data)
    pxCurrentTCB                             0x20000230   Data           4  tasks.o(.data)
    SEGGER_SYSVIEW_TickCnt                   0x2000029c   Data           4  segger_sysview.o(.data)
    SEGGER_SYSVIEW_InterruptId               0x200002a0   Data           4  segger_sysview.o(.data)
    hcan1                                    0x2000050c   Data          40  can.o(.bss)
    hcan2                                    0x20000534   Data          40  can.o(.bss)
    hspi1                                    0x2000055c   Data          88  spi.o(.bss)
    hdma_spi1_rx                             0x200005b4   Data          96  spi.o(.bss)
    hdma_spi1_tx                             0x20000614   Data          96  spi.o(.bss)
    htim10                                   0x20000674   Data          72  tim.o(.bss)
    huart3                                   0x200006bc   Data          68  usart.o(.bss)
    huart6                                   0x20000700   Data          68  usart.o(.bss)
    hdma_usart3_rx                           0x20000744   Data          96  usart.o(.bss)
    hdma_usart6_rx                           0x200007a4   Data          96  usart.o(.bss)
    hdma_usart6_tx                           0x20000804   Data          96  usart.o(.bss)
    htim1                                    0x20000864   Data          72  stm32f4xx_hal_timebase_tim.o(.bss)
    Sbus_RX_Buffer                           0x200008c4   Data          72  bsp_dr16.o(.bss)
    CAN_Encoder                              0x2000090c   Data         540  bsp_motor_encoder.o(.bss)
    Gimbal_Control                           0x20000b58   Data        1248  gimbal_task.o(.bss)
    INS                                      0x20001038   Data         128  imu_task.o(.bss)
    IMU_Param                                0x200010b8   Data          28  imu_task.o(.bss)
    TempCtrl                                 0x200010d4   Data         144  imu_task.o(.bss)
    gyroDiff                                 0x20001164   Data          12  bmi088driver.o(.bss)
    BMI088                                   0x20001170   Data          52  bmi088driver.o(.bss)
    QEKF_INS                                 0x200011a8   Data         472  quaternionekf.o(.bss)
    IMU_QuaternionEKF_K                      0x20001380   Data          72  quaternionekf.o(.bss)
    IMU_QuaternionEKF_H                      0x200013c8   Data          72  quaternionekf.o(.bss)
    hpcd_USB_OTG_FS                          0x20001410   Data        1292  usbd_conf.o(.bss)
    _SEGGER_RTT                              0x2000582c   Data         168  segger_rtt.o(.bss)
    __libspace_start                         0x20006290   Data          96  libspace.o(.bss)
    __temporary_stack_top$libspace           0x200062f0   Data           0  libspace.o(.bss)



==============================================================================

Memory Map of the image

  Image Entry point : 0x08000189

  Load Region LR_IROM1 (Base: 0x08000000, Size: 0x0000f400, Max: 0x00100000, ABSOLUTE, COMPRESSED[0x0000f1b0])

    Execution Region ER_IROM1 (Exec base: 0x08000000, Load base: 0x08000000, Size: 0x0000f148, Max: 0x00100000, ABSOLUTE)

    Exec Addr    Load Addr    Size         Type   Attr      Idx    E Section Name        Object

    0x08000000   0x08000000   0x00000188   Data   RO         2385    RESET               startup_stm32f407xx.o
    0x08000188   0x08000188   0x00000008   Code   RO         9308  * !!!main             c_w.l(__main.o)
    0x08000190   0x08000190   0x00000034   Code   RO         9645    !!!scatter          c_w.l(__scatter.o)
    0x080001c4   0x080001c4   0x0000005a   Code   RO         9643    !!dczerorl2         c_w.l(__dczerorl2.o)
    0x0800021e   0x0800021e   0x00000002   PAD
    0x08000220   0x08000220   0x0000001c   Code   RO         9647    !!handler_zi        c_w.l(__scatter_zi.o)
    0x0800023c   0x0800023c   0x00000002   Code   RO         9580    .ARM.Collect$$libinit$$00000000  c_w.l(libinit.o)
    0x0800023e   0x0800023e   0x00000004   Code   RO         9430    .ARM.Collect$$libinit$$00000001  c_w.l(libinit2.o)
    0x08000242   0x08000242   0x00000000   Code   RO         9433    .ARM.Collect$$libinit$$00000004  c_w.l(libinit2.o)
    0x08000242   0x08000242   0x00000008   Code   RO         9434    .ARM.Collect$$libinit$$00000005  c_w.l(libinit2.o)
    0x0800024a   0x0800024a   0x00000000   Code   RO         9436    .ARM.Collect$$libinit$$0000000A  c_w.l(libinit2.o)
    0x0800024a   0x0800024a   0x00000000   Code   RO         9438    .ARM.Collect$$libinit$$0000000C  c_w.l(libinit2.o)
    0x0800024a   0x0800024a   0x00000000   Code   RO         9440    .ARM.Collect$$libinit$$0000000E  c_w.l(libinit2.o)
    0x0800024a   0x0800024a   0x00000000   Code   RO         9443    .ARM.Collect$$libinit$$00000011  c_w.l(libinit2.o)
    0x0800024a   0x0800024a   0x00000000   Code   RO         9445    .ARM.Collect$$libinit$$00000013  c_w.l(libinit2.o)
    0x0800024a   0x0800024a   0x00000000   Code   RO         9447    .ARM.Collect$$libinit$$00000015  c_w.l(libinit2.o)
    0x0800024a   0x0800024a   0x00000000   Code   RO         9449    .ARM.Collect$$libinit$$00000017  c_w.l(libinit2.o)
    0x0800024a   0x0800024a   0x00000000   Code   RO         9451    .ARM.Collect$$libinit$$00000019  c_w.l(libinit2.o)
    0x0800024a   0x0800024a   0x00000000   Code   RO         9453    .ARM.Collect$$libinit$$0000001B  c_w.l(libinit2.o)
    0x0800024a   0x0800024a   0x00000000   Code   RO         9455    .ARM.Collect$$libinit$$0000001D  c_w.l(libinit2.o)
    0x0800024a   0x0800024a   0x00000000   Code   RO         9457    .ARM.Collect$$libinit$$0000001F  c_w.l(libinit2.o)
    0x0800024a   0x0800024a   0x00000000   Code   RO         9459    .ARM.Collect$$libinit$$00000021  c_w.l(libinit2.o)
    0x0800024a   0x0800024a   0x00000000   Code   RO         9461    .ARM.Collect$$libinit$$00000023  c_w.l(libinit2.o)
    0x0800024a   0x0800024a   0x00000000   Code   RO         9463    .ARM.Collect$$libinit$$00000025  c_w.l(libinit2.o)
    0x0800024a   0x0800024a   0x00000000   Code   RO         9467    .ARM.Collect$$libinit$$0000002C  c_w.l(libinit2.o)
    0x0800024a   0x0800024a   0x00000000   Code   RO         9469    .ARM.Collect$$libinit$$0000002E  c_w.l(libinit2.o)
    0x0800024a   0x0800024a   0x00000000   Code   RO         9471    .ARM.Collect$$libinit$$00000030  c_w.l(libinit2.o)
    0x0800024a   0x0800024a   0x00000000   Code   RO         9473    .ARM.Collect$$libinit$$00000032  c_w.l(libinit2.o)
    0x0800024a   0x0800024a   0x00000002   Code   RO         9474    .ARM.Collect$$libinit$$00000033  c_w.l(libinit2.o)
    0x0800024c   0x0800024c   0x00000002   Code   RO         9640    .ARM.Collect$$libshutdown$$00000000  c_w.l(libshutdown.o)
    0x0800024e   0x0800024e   0x00000000   Code   RO         9596    .ARM.Collect$$libshutdown$$00000002  c_w.l(libshutdown2.o)
    0x0800024e   0x0800024e   0x00000000   Code   RO         9598    .ARM.Collect$$libshutdown$$00000004  c_w.l(libshutdown2.o)
    0x0800024e   0x0800024e   0x00000000   Code   RO         9600    .ARM.Collect$$libshutdown$$00000006  c_w.l(libshutdown2.o)
    0x0800024e   0x0800024e   0x00000000   Code   RO         9603    .ARM.Collect$$libshutdown$$00000009  c_w.l(libshutdown2.o)
    0x0800024e   0x0800024e   0x00000000   Code   RO         9606    .ARM.Collect$$libshutdown$$0000000C  c_w.l(libshutdown2.o)
    0x0800024e   0x0800024e   0x00000000   Code   RO         9608    .ARM.Collect$$libshutdown$$0000000E  c_w.l(libshutdown2.o)
    0x0800024e   0x0800024e   0x00000000   Code   RO         9611    .ARM.Collect$$libshutdown$$00000011  c_w.l(libshutdown2.o)
    0x0800024e   0x0800024e   0x00000002   Code   RO         9612    .ARM.Collect$$libshutdown$$00000012  c_w.l(libshutdown2.o)
    0x08000250   0x08000250   0x00000000   Code   RO         9396    .ARM.Collect$$rtentry$$00000000  c_w.l(__rtentry.o)
    0x08000250   0x08000250   0x00000000   Code   RO         9508    .ARM.Collect$$rtentry$$00000002  c_w.l(__rtentry2.o)
    0x08000250   0x08000250   0x00000006   Code   RO         9520    .ARM.Collect$$rtentry$$00000004  c_w.l(__rtentry4.o)
    0x08000256   0x08000256   0x00000000   Code   RO         9510    .ARM.Collect$$rtentry$$00000009  c_w.l(__rtentry2.o)
    0x08000256   0x08000256   0x00000004   Code   RO         9511    .ARM.Collect$$rtentry$$0000000A  c_w.l(__rtentry2.o)
    0x0800025a   0x0800025a   0x00000000   Code   RO         9513    .ARM.Collect$$rtentry$$0000000C  c_w.l(__rtentry2.o)
    0x0800025a   0x0800025a   0x00000008   Code   RO         9514    .ARM.Collect$$rtentry$$0000000D  c_w.l(__rtentry2.o)
    0x08000262   0x08000262   0x00000002   Code   RO         9583    .ARM.Collect$$rtexit$$00000000  c_w.l(rtexit.o)
    0x08000264   0x08000264   0x00000000   Code   RO         9616    .ARM.Collect$$rtexit$$00000002  c_w.l(rtexit2.o)
    0x08000264   0x08000264   0x00000004   Code   RO         9617    .ARM.Collect$$rtexit$$00000003  c_w.l(rtexit2.o)
    0x08000268   0x08000268   0x00000006   Code   RO         9618    .ARM.Collect$$rtexit$$00000004  c_w.l(rtexit2.o)
    0x0800026e   0x0800026e   0x00000002   PAD
    0x08000270   0x08000270   0x000000be   Code   RO         7744    .emb_text           port.o
    0x0800032e   0x0800032e   0x00000002   PAD
    0x08000330   0x08000330   0x00000000   Code   RO         9531    .emb_text           c_w.l(maybetermalloc1.o)
    0x08000330   0x08000330   0x00000040   Code   RO         2386    .text               startup_stm32f407xx.o
    0x08000370   0x08000370   0x0000005e   Code   RO         9232    .text               c_w.l(h1_alloc.o)
    0x080003ce   0x080003ce   0x0000004e   Code   RO         9234    .text               c_w.l(h1_free.o)
    0x0800041c   0x0800041c   0x000000ee   Code   RO         9290    .text               c_w.l(lludivv7m.o)
    0x0800050a   0x0800050a   0x00000058   Code   RO         9292    .text               c_w.l(memcmp.o)
    0x08000562   0x08000562   0x0000008a   Code   RO         9296    .text               c_w.l(rt_memcpy_v6.o)
    0x080005ec   0x080005ec   0x00000064   Code   RO         9298    .text               c_w.l(rt_memcpy_w.o)
    0x08000650   0x08000650   0x00000044   Code   RO         9302    .text               c_w.l(rt_memclr.o)
    0x08000694   0x08000694   0x0000004e   Code   RO         9304    .text               c_w.l(rt_memclr_w.o)
    0x080006e2   0x080006e2   0x00000006   Code   RO         9306    .text               c_w.l(heapauxi.o)
    0x080006e8   0x080006e8   0x00000008   Code   RO         9404    .text               c_w.l(rt_heap_descriptor_intlibspace.o)
    0x080006f0   0x080006f0   0x00000004   Code   RO         9406    .text               c_w.l(hguard.o)
    0x080006f4   0x080006f4   0x0000008a   Code   RO         9408    .text               c_w.l(init_alloc.o)
    0x0800077e   0x0800077e   0x0000000e   Code   RO         9412    .text               c_w.l(h1_init.o)
    0x0800078c   0x0800078c   0x00000016   Code   RO         9426    .text               c_w.l(_rserrno.o)
    0x080007a2   0x080007a2   0x00000002   PAD
    0x080007a4   0x080007a4   0x00000008   Code   RO         9504    .text               c_w.l(libspace.o)
    0x080007ac   0x080007ac   0x00000008   Code   RO         9527    .text               c_w.l(rt_errno_addr_intlibspace.o)
    0x080007b4   0x080007b4   0x00000034   Code   RO         9533    .text               c_w.l(h1_extend.o)
    0x080007e8   0x080007e8   0x0000000e   Code   RO         9537    .text               c_w.l(defsig_rtmem_outer.o)
    0x080007f6   0x080007f6   0x00000002   Code   RO         9552    .text               c_w.l(use_no_semi.o)
    0x080007f8   0x080007f8   0x00000000   Code   RO         9554    .text               c_w.l(indicate_semi.o)
    0x080007f8   0x080007f8   0x0000004a   Code   RO         9555    .text               c_w.l(sys_stackheap_outer.o)
    0x08000842   0x08000842   0x00000012   Code   RO         9561    .text               c_w.l(exit.o)
    0x08000854   0x08000854   0x0000000a   Code   RO         9563    .text               c_w.l(defsig_exit.o)
    0x0800085e   0x0800085e   0x00000002   PAD
    0x08000860   0x08000860   0x00000050   Code   RO         9569    .text               c_w.l(defsig_rtmem_inner.o)
    0x080008b0   0x080008b0   0x0000000c   Code   RO         9581    .text               c_w.l(sys_exit.o)
    0x080008bc   0x080008bc   0x00000032   Code   RO         9591    .text               c_w.l(defsig_general.o)
    0x080008ee   0x080008ee   0x0000000e   Code   RO         9613    .text               c_w.l(sys_wrch.o)
    0x080008fc   0x080008fc   0x000000a8   Code   RO         9053    .text.arm_cos_f32   arm_cortexM4l_math.lib(arm_cos_f32.o)
    0x080009a4   0x080009a4   0x00000094   Code   RO         9073    .text.arm_mat_add_f32  arm_cortexM4l_math.lib(arm_mat_add_f32.o)
    0x08000a38   0x08000a38   0x00000008   Code   RO         9083    .text.arm_mat_init_f32  arm_cortexM4l_math.lib(arm_mat_init_f32.o)
    0x08000a40   0x08000a40   0x000002dc   Code   RO         9092    .text.arm_mat_inverse_f32  arm_cortexM4l_math.lib(arm_mat_inverse_f32.o)
    0x08000d1c   0x08000d1c   0x00000178   Code   RO         9102    .text.arm_mat_mult_f32  arm_cortexM4l_math.lib(arm_mat_mult_f32.o)
    0x08000e94   0x08000e94   0x00000094   Code   RO         9112    .text.arm_mat_sub_f32  arm_cortexM4l_math.lib(arm_mat_sub_f32.o)
    0x08000f28   0x08000f28   0x000000b2   Code   RO         9122    .text.arm_mat_trans_f32  arm_cortexM4l_math.lib(arm_mat_trans_f32.o)
    0x08000fda   0x08000fda   0x000000a0   Code   RO         9063    .text.arm_sin_f32   arm_cortexM4l_math.lib(arm_sin_f32.o)
    0x0800107a   0x0800107a   0x00000002   PAD
    0x0800107c   0x0800107c   0x00000014   Code   RO         1518    i.BMI088_ACCEL_NS_H  bmi088middleware.o
    0x08001090   0x08001090   0x00000014   Code   RO         1519    i.BMI088_ACCEL_NS_L  bmi088middleware.o
    0x080010a4   0x080010a4   0x00000014   Code   RO         1520    i.BMI088_GYRO_NS_H  bmi088middleware.o
    0x080010b8   0x080010b8   0x00000014   Code   RO         1521    i.BMI088_GYRO_NS_L  bmi088middleware.o
    0x080010cc   0x080010cc   0x0000027c   Code   RO         1441    i.BMI088_Read       bmi088driver.o
    0x08001348   0x08001348   0x0000009c   Code   RO         1442    i.BMI088_init       bmi088driver.o
    0x080013e4   0x080013e4   0x00000026   Code   RO         1443    i.BMI088_read_muli_reg  bmi088driver.o
    0x0800140a   0x0800140a   0x00000018   Code   RO         1444    i.BMI088_read_single_reg  bmi088driver.o
    0x08001422   0x08001422   0x00000002   PAD
    0x08001424   0x08001424   0x00000024   Code   RO         1522    i.BMI088_read_write_byte  bmi088middleware.o
    0x08001448   0x08001448   0x00000014   Code   RO         1445    i.BMI088_write_single_reg  bmi088driver.o
    0x0800145c   0x0800145c   0x00000058   Code   RO          934    i.Block_Detect      bsp_motor_encoder.o
    0x080014b4   0x080014b4   0x0000015a   Code   RO         1285    i.BodyFrameToEarthFrame  imu_task.o
    0x0800160e   0x0800160e   0x00000004   Code   RO          561    i.BusFault_Handler  stm32f4xx_it.o
    0x08001612   0x08001612   0x00000002   PAD
    0x08001614   0x08001614   0x00000010   Code   RO          562    i.CAN1_RX0_IRQHandler  stm32f4xx_it.o
    0x08001624   0x08001624   0x0000003c   Code   RO          997    i.CAN1_filter_config  can1_receive.o
    0x08001660   0x08001660   0x00000010   Code   RO          563    i.CAN2_RX0_IRQHandler  stm32f4xx_it.o
    0x08001670   0x08001670   0x00000044   Code   RO         1106    i.CAN2_filter_config  can2_receive.o
    0x080016b4   0x080016b4   0x000000dc   Code   RO          935    i.CAN_DATA_Encoder_Deal  bsp_motor_encoder.o
    0x08001790   0x08001790   0x00000544   Code   RO         1446    i.Calibrate_MPU_Offset  bmi088driver.o
    0x08001cd4   0x08001cd4   0x000000cc   Code   RO         2297    i.Changing_Integration_Rate  pid.o
    0x08001da0   0x08001da0   0x00000010   Code   RO          564    i.DMA1_Stream1_IRQHandler  stm32f4xx_it.o
    0x08001db0   0x08001db0   0x00000010   Code   RO          565    i.DMA2_Stream0_IRQHandler  stm32f4xx_it.o
    0x08001dc0   0x08001dc0   0x00000010   Code   RO          566    i.DMA2_Stream1_IRQHandler  stm32f4xx_it.o
    0x08001dd0   0x08001dd0   0x00000010   Code   RO          567    i.DMA2_Stream3_IRQHandler  stm32f4xx_it.o
    0x08001de0   0x08001de0   0x00000010   Code   RO          568    i.DMA2_Stream6_IRQHandler  stm32f4xx_it.o
    0x08001df0   0x08001df0   0x00000034   Code   RO         3890    i.DMA_CalcBaseAndBitshift  stm32f4xx_hal_dma.o
    0x08001e24   0x08001e24   0x000000aa   Code   RO         3891    i.DMA_CheckFifoParam  stm32f4xx_hal_dma.o
    0x08001ece   0x08001ece   0x00000002   PAD
    0x08001ed0   0x08001ed0   0x00000030   Code   RO         1572    i.DWT_CNT_Update    bsp_dwt.o
    0x08001f00   0x08001f00   0x0000003c   Code   RO         1573    i.DWT_Delay         bsp_dwt.o
    0x08001f3c   0x08001f3c   0x0000004c   Code   RO         1574    i.DWT_GetDeltaT     bsp_dwt.o
    0x08001f88   0x08001f88   0x00000054   Code   RO         1577    i.DWT_GetTimeline_s  bsp_dwt.o
    0x08001fdc   0x08001fdc   0x00000068   Code   RO         1579    i.DWT_Init          bsp_dwt.o
    0x08002044   0x08002044   0x000000d0   Code   RO         1580    i.DWT_SysTimeUpdate  bsp_dwt.o
    0x08002114   0x08002114   0x00000002   Code   RO          569    i.DebugMon_Handler  stm32f4xx_it.o
    0x08002116   0x08002116   0x00000002   PAD
    0x08002118   0x08002118   0x0000001c   Code   RO          838    i.ECF_RC_Init       bsp_dr16.o
    0x08002134   0x08002134   0x00000010   Code   RO          839    i.ECF_RC_UART_Handler  bsp_dr16.o
    0x08002144   0x08002144   0x0000000a   Code   RO          570    i.EXTI4_IRQHandler  stm32f4xx_it.o
    0x0800214e   0x0800214e   0x0000000a   Code   RO          571    i.EXTI9_5_IRQHandler  stm32f4xx_it.o
    0x08002158   0x08002158   0x0000015a   Code   RO         1286    i.EarthFrameToBodyFrame  imu_task.o
    0x080022b2   0x080022b2   0x00000002   PAD
    0x080022b4   0x080022b4   0x00000024   Code   RO          936    i.EncoderValZero    bsp_motor_encoder.o
    0x080022d8   0x080022d8   0x0000007c   Code   RO          937    i.Encoder_Init      bsp_motor_encoder.o
    0x08002354   0x08002354   0x0000000e   Code   RO          938    i.Encoder_Struct_Zero  bsp_motor_encoder.o
    0x08002362   0x08002362   0x00000006   Code   RO            4    i.Error_Handler     main.o
    0x08002368   0x08002368   0x00000228   Code   RO         1167    i.Gimbal_Init       gimbal_task.o
    0x08002590   0x08002590   0x00000074   Code   RO         1168    i.Gimbal_Task       gimbal_task.o
    0x08002604   0x08002604   0x00000018   Code   RO         1169    i.Gimbal_Work       gimbal_task.o
    0x0800261c   0x0800261c   0x0000002a   Code   RO         4569    i.HAL_CAN_ActivateNotification  stm32f4xx_hal_can.o
    0x08002646   0x08002646   0x00000156   Code   RO         4570    i.HAL_CAN_AddTxMessage  stm32f4xx_hal_can.o
    0x0800279c   0x0800279c   0x00000124   Code   RO         4571    i.HAL_CAN_ConfigFilter  stm32f4xx_hal_can.o
    0x080028c0   0x080028c0   0x00000002   Code   RO         4574    i.HAL_CAN_ErrorCallback  stm32f4xx_hal_can.o
    0x080028c2   0x080028c2   0x0000017a   Code   RO         4577    i.HAL_CAN_GetRxMessage  stm32f4xx_hal_can.o
    0x08002a3c   0x08002a3c   0x0000024e   Code   RO         4581    i.HAL_CAN_IRQHandler  stm32f4xx_hal_can.o
    0x08002c8a   0x08002c8a   0x00000174   Code   RO         4582    i.HAL_CAN_Init      stm32f4xx_hal_can.o
    0x08002dfe   0x08002dfe   0x00000002   PAD
    0x08002e00   0x08002e00   0x00000160   Code   RO          351    i.HAL_CAN_MspInit   can.o
    0x08002f60   0x08002f60   0x00000002   Code   RO         4589    i.HAL_CAN_RxFifo0FullCallback  stm32f4xx_hal_can.o
    0x08002f62   0x08002f62   0x00000002   PAD
    0x08002f64   0x08002f64   0x00000028   Code   RO          998    i.HAL_CAN_RxFifo0MsgPendingCallback  can1_receive.o
    0x08002f8c   0x08002f8c   0x00000002   Code   RO         4591    i.HAL_CAN_RxFifo1FullCallback  stm32f4xx_hal_can.o
    0x08002f8e   0x08002f8e   0x00000002   Code   RO         4592    i.HAL_CAN_RxFifo1MsgPendingCallback  stm32f4xx_hal_can.o
    0x08002f90   0x08002f90   0x00000002   Code   RO         4593    i.HAL_CAN_SleepCallback  stm32f4xx_hal_can.o
    0x08002f92   0x08002f92   0x0000005e   Code   RO         4594    i.HAL_CAN_Start     stm32f4xx_hal_can.o
    0x08002ff0   0x08002ff0   0x00000002   Code   RO         4596    i.HAL_CAN_TxMailbox0AbortCallback  stm32f4xx_hal_can.o
    0x08002ff2   0x08002ff2   0x00000002   Code   RO         4597    i.HAL_CAN_TxMailbox0CompleteCallback  stm32f4xx_hal_can.o
    0x08002ff4   0x08002ff4   0x00000002   Code   RO         4598    i.HAL_CAN_TxMailbox1AbortCallback  stm32f4xx_hal_can.o
    0x08002ff6   0x08002ff6   0x00000002   Code   RO         4599    i.HAL_CAN_TxMailbox1CompleteCallback  stm32f4xx_hal_can.o
    0x08002ff8   0x08002ff8   0x00000002   Code   RO         4600    i.HAL_CAN_TxMailbox2AbortCallback  stm32f4xx_hal_can.o
    0x08002ffa   0x08002ffa   0x00000002   Code   RO         4601    i.HAL_CAN_TxMailbox2CompleteCallback  stm32f4xx_hal_can.o
    0x08002ffc   0x08002ffc   0x00000002   Code   RO         4603    i.HAL_CAN_WakeUpFromRxMsgCallback  stm32f4xx_hal_can.o
    0x08002ffe   0x08002ffe   0x000000ac   Code   RO         3893    i.HAL_DMA_Abort     stm32f4xx_hal_dma.o
    0x080030aa   0x080030aa   0x00000028   Code   RO         3894    i.HAL_DMA_Abort_IT  stm32f4xx_hal_dma.o
    0x080030d2   0x080030d2   0x00000002   PAD
    0x080030d4   0x080030d4   0x00000240   Code   RO         3898    i.HAL_DMA_IRQHandler  stm32f4xx_hal_dma.o
    0x08003314   0x08003314   0x000000ec   Code   RO         3899    i.HAL_DMA_Init      stm32f4xx_hal_dma.o
    0x08003400   0x08003400   0x00000028   Code   RO         4317    i.HAL_Delay         stm32f4xx_hal.o
    0x08003428   0x08003428   0x00000002   Code   RO         3784    i.HAL_GPIO_EXTI_Callback  stm32f4xx_hal_gpio.o
    0x0800342a   0x0800342a   0x00000002   PAD
    0x0800342c   0x0800342c   0x0000001c   Code   RO         3785    i.HAL_GPIO_EXTI_IRQHandler  stm32f4xx_hal_gpio.o
    0x08003448   0x08003448   0x000001f4   Code   RO         3786    i.HAL_GPIO_Init     stm32f4xx_hal_gpio.o
    0x0800363c   0x0800363c   0x0000000c   Code   RO         3790    i.HAL_GPIO_WritePin  stm32f4xx_hal_gpio.o
    0x08003648   0x08003648   0x0000000c   Code   RO         4323    i.HAL_GetTick       stm32f4xx_hal.o
    0x08003654   0x08003654   0x00000018   Code   RO         4329    i.HAL_IncTick       stm32f4xx_hal.o
    0x0800366c   0x0800366c   0x0000003c   Code   RO         4330    i.HAL_Init          stm32f4xx_hal.o
    0x080036a8   0x080036a8   0x000000a0   Code   RO          721    i.HAL_InitTick      stm32f4xx_hal_timebase_tim.o
    0x08003748   0x08003748   0x00000054   Code   RO          697    i.HAL_MspInit       stm32f4xx_hal_msp.o
    0x0800379c   0x0800379c   0x00000020   Code   RO         4175    i.HAL_NVIC_EnableIRQ  stm32f4xx_hal_cortex.o
    0x080037bc   0x080037bc   0x0000007c   Code   RO         4181    i.HAL_NVIC_SetPriority  stm32f4xx_hal_cortex.o
    0x08003838   0x08003838   0x00000028   Code   RO         4182    i.HAL_NVIC_SetPriorityGrouping  stm32f4xx_hal_cortex.o
    0x08003860   0x08003860   0x00000002   Code   RO         3034    i.HAL_PCDEx_LPM_Callback  stm32f4xx_hal_pcd_ex.o
    0x08003862   0x08003862   0x0000000e   Code   RO         2583    i.HAL_PCD_ConnectCallback  usbd_conf.o
    0x08003870   0x08003870   0x00000020   Code   RO         2584    i.HAL_PCD_DataInStageCallback  usbd_conf.o
    0x08003890   0x08003890   0x00000020   Code   RO         2585    i.HAL_PCD_DataOutStageCallback  usbd_conf.o
    0x080038b0   0x080038b0   0x0000000e   Code   RO         2586    i.HAL_PCD_DisconnectCallback  usbd_conf.o
    0x080038be   0x080038be   0x00000042   Code   RO         2799    i.HAL_PCD_EP_Abort  stm32f4xx_hal_pcd.o
    0x08003900   0x08003900   0x0000007c   Code   RO         2801    i.HAL_PCD_EP_ClrStall  stm32f4xx_hal_pcd.o
    0x0800397c   0x0800397c   0x0000008c   Code   RO         2804    i.HAL_PCD_EP_Open   stm32f4xx_hal_pcd.o
    0x08003a08   0x08003a08   0x00000058   Code   RO         2805    i.HAL_PCD_EP_Receive  stm32f4xx_hal_pcd.o
    0x08003a60   0x08003a60   0x0000008a   Code   RO         2806    i.HAL_PCD_EP_SetStall  stm32f4xx_hal_pcd.o
    0x08003aea   0x08003aea   0x0000005a   Code   RO         2807    i.HAL_PCD_EP_Transmit  stm32f4xx_hal_pcd.o
    0x08003b44   0x08003b44   0x000006ca   Code   RO         2809    i.HAL_PCD_IRQHandler  stm32f4xx_hal_pcd.o
    0x0800420e   0x0800420e   0x00000012   Code   RO         2587    i.HAL_PCD_ISOINIncompleteCallback  usbd_conf.o
    0x08004220   0x08004220   0x00000012   Code   RO         2588    i.HAL_PCD_ISOOUTIncompleteCallback  usbd_conf.o
    0x08004232   0x08004232   0x00000030   Code   RO         2591    i.HAL_PCD_ResetCallback  usbd_conf.o
    0x08004262   0x08004262   0x0000000e   Code   RO         2592    i.HAL_PCD_ResumeCallback  usbd_conf.o
    0x08004270   0x08004270   0x0000000e   Code   RO         2593    i.HAL_PCD_SOFCallback  usbd_conf.o
    0x0800427e   0x0800427e   0x00000036   Code   RO         2818    i.HAL_PCD_SetAddress  stm32f4xx_hal_pcd.o
    0x080042b4   0x080042b4   0x00000012   Code   RO         2594    i.HAL_PCD_SetupStageCallback  usbd_conf.o
    0x080042c6   0x080042c6   0x00000002   PAD
    0x080042c8   0x080042c8   0x00000034   Code   RO         2595    i.HAL_PCD_SuspendCallback  usbd_conf.o
    0x080042fc   0x080042fc   0x00000184   Code   RO         3387    i.HAL_RCC_ClockConfig  stm32f4xx_hal_rcc.o
    0x08004480   0x08004480   0x00000044   Code   RO         3391    i.HAL_RCC_GetClockConfig  stm32f4xx_hal_rcc.o
    0x080044c4   0x080044c4   0x0000000c   Code   RO         3392    i.HAL_RCC_GetHCLKFreq  stm32f4xx_hal_rcc.o
    0x080044d0   0x080044d0   0x00000020   Code   RO         3394    i.HAL_RCC_GetPCLK1Freq  stm32f4xx_hal_rcc.o
    0x080044f0   0x080044f0   0x00000020   Code   RO         3395    i.HAL_RCC_GetPCLK2Freq  stm32f4xx_hal_rcc.o
    0x08004510   0x08004510   0x000000b0   Code   RO         3396    i.HAL_RCC_GetSysClockFreq  stm32f4xx_hal_rcc.o
    0x080045c0   0x080045c0   0x0000049c   Code   RO         3399    i.HAL_RCC_OscConfig  stm32f4xx_hal_rcc.o
    0x08004a5c   0x08004a5c   0x000000c8   Code   RO         4813    i.HAL_SPI_Init      stm32f4xx_hal_spi.o
    0x08004b24   0x08004b24   0x00000158   Code   RO          424    i.HAL_SPI_MspInit   spi.o
    0x08004c7c   0x08004c7c   0x0000022a   Code   RO         4822    i.HAL_SPI_TransmitReceive  stm32f4xx_hal_spi.o
    0x08004ea6   0x08004ea6   0x00000002   Code   RO         5841    i.HAL_TIMEx_BreakCallback  stm32f4xx_hal_tim_ex.o
    0x08004ea8   0x08004ea8   0x00000002   Code   RO         5842    i.HAL_TIMEx_CommutCallback  stm32f4xx_hal_tim_ex.o
    0x08004eaa   0x08004eaa   0x00000066   Code   RO         5126    i.HAL_TIM_Base_Init  stm32f4xx_hal_tim.o
    0x08004f10   0x08004f10   0x00000048   Code   RO          466    i.HAL_TIM_Base_MspInit  tim.o
    0x08004f58   0x08004f58   0x000000a8   Code   RO         5131    i.HAL_TIM_Base_Start_IT  stm32f4xx_hal_tim.o
    0x08005000   0x08005000   0x00000002   Code   RO         5160    i.HAL_TIM_IC_CaptureCallback  stm32f4xx_hal_tim.o
    0x08005002   0x08005002   0x00000196   Code   RO         5174    i.HAL_TIM_IRQHandler  stm32f4xx_hal_tim.o
    0x08005198   0x08005198   0x00000064   Code   RO          467    i.HAL_TIM_MspPostInit  tim.o
    0x080051fc   0x080051fc   0x00000002   Code   RO         5177    i.HAL_TIM_OC_DelayElapsedCallback  stm32f4xx_hal_tim.o
    0x080051fe   0x080051fe   0x00000104   Code   RO         5198    i.HAL_TIM_PWM_ConfigChannel  stm32f4xx_hal_tim.o
    0x08005302   0x08005302   0x00000066   Code   RO         5201    i.HAL_TIM_PWM_Init  stm32f4xx_hal_tim.o
    0x08005368   0x08005368   0x00000002   Code   RO         5203    i.HAL_TIM_PWM_MspInit  stm32f4xx_hal_tim.o
    0x0800536a   0x0800536a   0x00000002   Code   RO         5204    i.HAL_TIM_PWM_PulseFinishedCallback  stm32f4xx_hal_tim.o
    0x0800536c   0x0800536c   0x0000010c   Code   RO         5206    i.HAL_TIM_PWM_Start  stm32f4xx_hal_tim.o
    0x08005478   0x08005478   0x00000018   Code   RO            5    i.HAL_TIM_PeriodElapsedCallback  main.o
    0x08005490   0x08005490   0x00000002   Code   RO         5217    i.HAL_TIM_TriggerCallback  stm32f4xx_hal_tim.o
    0x08005492   0x08005492   0x00000002   Code   RO         6119    i.HAL_UARTEx_RxEventCallback  stm32f4xx_hal_uart.o
    0x08005494   0x08005494   0x00000002   Code   RO         6133    i.HAL_UART_ErrorCallback  stm32f4xx_hal_uart.o
    0x08005496   0x08005496   0x00000002   PAD
    0x08005498   0x08005498   0x000002e0   Code   RO         6136    i.HAL_UART_IRQHandler  stm32f4xx_hal_uart.o
    0x08005778   0x08005778   0x00000072   Code   RO         6137    i.HAL_UART_Init     stm32f4xx_hal_uart.o
    0x080057ea   0x080057ea   0x00000002   PAD
    0x080057ec   0x080057ec   0x000001f4   Code   RO          514    i.HAL_UART_MspInit  usart.o
    0x080059e0   0x080059e0   0x00000002   Code   RO         6143    i.HAL_UART_RxCpltCallback  stm32f4xx_hal_uart.o
    0x080059e2   0x080059e2   0x00000002   Code   RO         6148    i.HAL_UART_TxCpltCallback  stm32f4xx_hal_uart.o
    0x080059e4   0x080059e4   0x00000130   Code   RO         1676    i.H_K_R_Adjustment  kalman_filter.o
    0x08005b14   0x08005b14   0x00000004   Code   RO          572    i.HardFault_Handler  stm32f4xx_it.o
    0x08005b18   0x08005b18   0x00000374   Code   RO         1288    i.IMU_Param_Correction  imu_task.o
    0x08005e8c   0x08005e8c   0x00000120   Code   RO         1756    i.IMU_QuaternionEKF_Init  quaternionekf.o
    0x08005fac   0x08005fac   0x00000034   Code   RO         1757    i.IMU_QuaternionEKF_Observe  quaternionekf.o
    0x08005fe0   0x08005fe0   0x00000128   Code   RO         1758    i.IMU_QuaternionEKF_SetH  quaternionekf.o
    0x08006108   0x08006108   0x00000634   Code   RO         1759    i.IMU_QuaternionEKF_Update  quaternionekf.o
    0x0800673c   0x0800673c   0x00000240   Code   RO         1760    i.IMU_QuaternionEKF_User_Func1  quaternionekf.o
    0x0800697c   0x0800697c   0x00000520   Code   RO         1761    i.IMU_QuaternionEKF_xhatUpdate  quaternionekf.o
    0x08006e9c   0x08006e9c   0x00000074   Code   RO         1289    i.IMU_Temperature_Ctrl  imu_task.o
    0x08006f10   0x08006f10   0x000000cc   Code   RO         1290    i.INS_Init          imu_task.o
    0x08006fdc   0x08006fdc   0x00000274   Code   RO         1291    i.INS_Task          imu_task.o
    0x08007250   0x08007250   0x0000008c   Code   RO         1210    i.Init_Task         init_task.o
    0x080072dc   0x080072dc   0x0000070c   Code   RO         1677    i.Kalman_Filter_Init  kalman_filter.o
    0x080079e8   0x080079e8   0x00000050   Code   RO         1678    i.Kalman_Filter_Measure  kalman_filter.o
    0x08007a38   0x08007a38   0x00000068   Code   RO         1679    i.Kalman_Filter_P_Update  kalman_filter.o
    0x08007aa0   0x08007aa0   0x00000068   Code   RO         1680    i.Kalman_Filter_PminusUpdate  kalman_filter.o
    0x08007b08   0x08007b08   0x000000d2   Code   RO         1681    i.Kalman_Filter_SetK  kalman_filter.o
    0x08007bda   0x08007bda   0x00000002   PAD
    0x08007bdc   0x08007bdc   0x00000128   Code   RO         1682    i.Kalman_Filter_Update  kalman_filter.o
    0x08007d04   0x08007d04   0x0000007c   Code   RO         1683    i.Kalman_Filter_xhatMinusUpdate  kalman_filter.o
    0x08007d80   0x08007d80   0x00000086   Code   RO         1684    i.Kalman_Filter_xhatUpdate  kalman_filter.o
    0x08007e06   0x08007e06   0x00000002   PAD
    0x08007e08   0x08007e08   0x00000048   Code   RO          352    i.MX_CAN1_Init      can.o
    0x08007e50   0x08007e50   0x00000048   Code   RO          353    i.MX_CAN2_Init      can.o
    0x08007e98   0x08007e98   0x00000098   Code   RO          399    i.MX_DMA_Init       dma.o
    0x08007f30   0x08007f30   0x00000044   Code   RO          300    i.MX_FREERTOS_Init  freertos.o
    0x08007f74   0x08007f74   0x0000018c   Code   RO          276    i.MX_GPIO_Init      gpio.o
    0x08008100   0x08008100   0x00000048   Code   RO          425    i.MX_SPI1_Init      spi.o
    0x08008148   0x08008148   0x00000070   Code   RO          468    i.MX_TIM10_Init     tim.o
    0x080081b8   0x080081b8   0x0000003c   Code   RO          515    i.MX_USART3_UART_Init  usart.o
    0x080081f4   0x080081f4   0x00000038   Code   RO          516    i.MX_USART6_UART_Init  usart.o
    0x0800822c   0x0800822c   0x00000004   Code   RO          573    i.MemManage_Handler  stm32f4xx_it.o
    0x08008230   0x08008230   0x00000004   Code   RO          574    i.NMI_Handler       stm32f4xx_it.o
    0x08008234   0x08008234   0x00000010   Code   RO          575    i.OTG_FS_IRQHandler  stm32f4xx_it.o
    0x08008244   0x08008244   0x00000064   Code   RO         2825    i.PCD_EP_OutSetupPacket_int  stm32f4xx_hal_pcd.o
    0x080082a8   0x080082a8   0x00000144   Code   RO         2826    i.PCD_EP_OutXfrComplete_int  stm32f4xx_hal_pcd.o
    0x080083ec   0x080083ec   0x000000b6   Code   RO         2827    i.PCD_WriteEmptyTxFifo  stm32f4xx_hal_pcd.o
    0x080084a2   0x080084a2   0x000001b8   Code   RO         2298    i.PidCalculate      pid.o
    0x0800865a   0x0800865a   0x0000003e   Code   RO         2299    i.PidInit           pid.o
    0x08008698   0x08008698   0x0000008a   Code   RO         2300    i.PidInitMode       pid.o
    0x08008722   0x08008722   0x00000106   Code   RO          841    i.RC_DataProcess    bsp_dr16.o
    0x08008828   0x08008828   0x00000008   Code   RO          843    i.RC_Get_RC_Pointer  bsp_dr16.o
    0x08008830   0x08008830   0x00000088   Code   RO          844    i.RC_Init           bsp_dr16.o
    0x080088b8   0x080088b8   0x00000110   Code   RO          846    i.RC_UART_IRQHandler  bsp_dr16.o
    0x080089c8   0x080089c8   0x000000c4   Code   RO         8252    i.SEGGER_RTT_AllocUpBuffer  segger_rtt.o
    0x08008a8c   0x08008a8c   0x00000074   Code   RO         8253    i.SEGGER_RTT_ConfigDownBuffer  segger_rtt.o
    0x08008b00   0x08008b00   0x000000a8   Code   RO         8266    i.SEGGER_RTT_ReadNoLock  segger_rtt.o
    0x08008ba8   0x08008ba8   0x00000098   Code   RO         8280    i.SEGGER_RTT_WriteSkipNoLock  segger_rtt.o
    0x08008c40   0x08008c40   0x00000028   Code   RO         8988    i.SEGGER_SYSVIEW_Conf  segger_sysview_config_freertos.o
    0x08008c68   0x08008c68   0x000000bc   Code   RO         8530    i.SEGGER_SYSVIEW_GetSysDesc  segger_sysview.o
    0x08008d24   0x08008d24   0x00000068   Code   RO         8531    i.SEGGER_SYSVIEW_Init  segger_sysview.o
    0x08008d8c   0x08008d8c   0x00000034   Code   RO         8538    i.SEGGER_SYSVIEW_OnIdle  segger_sysview.o
    0x08008dc0   0x08008dc0   0x00000064   Code   RO         8539    i.SEGGER_SYSVIEW_OnTaskCreate  segger_sysview.o
    0x08008e24   0x08008e24   0x00000064   Code   RO         8540    i.SEGGER_SYSVIEW_OnTaskStartExec  segger_sysview.o
    0x08008e88   0x08008e88   0x00000064   Code   RO         8541    i.SEGGER_SYSVIEW_OnTaskStartReady  segger_sysview.o
    0x08008eec   0x08008eec   0x0000003c   Code   RO         8559    i.SEGGER_SYSVIEW_RecordSystime  segger_sysview.o
    0x08008f28   0x08008f28   0x0000005c   Code   RO         8560    i.SEGGER_SYSVIEW_RecordU32  segger_sysview.o
    0x08008f84   0x08008f84   0x0000007c   Code   RO         8562    i.SEGGER_SYSVIEW_RecordU32x2  segger_sysview.o
    0x08009000   0x08009000   0x00000038   Code   RO         8570    i.SEGGER_SYSVIEW_RecordVoid  segger_sysview.o
    0x08009038   0x08009038   0x000000ac   Code   RO         8572    i.SEGGER_SYSVIEW_SendModule  segger_sysview.o
    0x080090e4   0x080090e4   0x00000024   Code   RO         8573    i.SEGGER_SYSVIEW_SendModuleDescription  segger_sysview.o
    0x08009108   0x08009108   0x00000058   Code   RO         8574    i.SEGGER_SYSVIEW_SendNumModules  segger_sysview.o
    0x08009160   0x08009160   0x00000048   Code   RO         8576    i.SEGGER_SYSVIEW_SendSysDesc  segger_sysview.o
    0x080091a8   0x080091a8   0x0000010c   Code   RO         8577    i.SEGGER_SYSVIEW_SendTaskInfo  segger_sysview.o
    0x080092b4   0x080092b4   0x00000020   Code   RO         8578    i.SEGGER_SYSVIEW_SendTaskList  segger_sysview.o
    0x080092d4   0x080092d4   0x0000000c   Code   RO         8579    i.SEGGER_SYSVIEW_SetRAMBase  segger_sysview.o
    0x080092e0   0x080092e0   0x00000010   Code   RO         8580    i.SEGGER_SYSVIEW_ShrinkId  segger_sysview.o
    0x080092f0   0x080092f0   0x000000fc   Code   RO         8581    i.SEGGER_SYSVIEW_Start  segger_sysview.o
    0x080093ec   0x080093ec   0x00000044   Code   RO         8582    i.SEGGER_SYSVIEW_Stop  segger_sysview.o
    0x08009430   0x08009430   0x00000080   Code   RO         8583    i.SEGGER_SYSVIEW_Warn  segger_sysview.o
    0x080094b0   0x080094b0   0x0000006c   Code   RO         4851    i.SPI_EndRxTxTransaction  stm32f4xx_hal_spi.o
    0x0800951c   0x0800951c   0x000000d8   Code   RO         4856    i.SPI_WaitFlagStateUntilTimeout  stm32f4xx_hal_spi.o
    0x080095f4   0x080095f4   0x00000012   Code   RO         7986    i.SWAPBYTE          usbd_ctlreq.o
    0x08009606   0x08009606   0x00000002   PAD
    0x08009608   0x08009608   0x000000ac   Code   RO         9006    i.SYSVIEW_AddTask   segger_sysview_freertos.o
    0x080096b4   0x080096b4   0x00000110   Code   RO         9007    i.SYSVIEW_DeleteTask  segger_sysview_freertos.o
    0x080097c4   0x080097c4   0x00000032   Code   RO         9008    i.SYSVIEW_SendTaskInfo  segger_sysview_freertos.o
    0x080097f6   0x080097f6   0x0000000a   Code   RO         1261    i.Safe_Task         task_safe.o
    0x08009800   0x08009800   0x0000000a   Code   RO          301    i.StartDefaultTask  freertos.o
    0x0800980a   0x0800980a   0x00000002   PAD
    0x0800980c   0x0800980c   0x00000034   Code   RO         7745    i.SysTick_Handler   port.o
    0x08009840   0x08009840   0x000000b4   Code   RO            6    i.SystemClock_Config  main.o
    0x080098f4   0x080098f4   0x00000014   Code   RO         6476    i.SystemInit        system_stm32f4xx.o
    0x08009908   0x08009908   0x00000018   Code   RO          576    i.TIM1_UP_TIM10_IRQHandler  stm32f4xx_it.o
    0x08009920   0x08009920   0x000000d8   Code   RO         5219    i.TIM_Base_SetConfig  stm32f4xx_hal_tim.o
    0x080099f8   0x080099f8   0x00000022   Code   RO         5220    i.TIM_CCxChannelCmd  stm32f4xx_hal_tim.o
    0x08009a1a   0x08009a1a   0x00000002   PAD
    0x08009a1c   0x08009a1c   0x00000070   Code   RO         5232    i.TIM_OC1_SetConfig  stm32f4xx_hal_tim.o
    0x08009a8c   0x08009a8c   0x0000007c   Code   RO         5233    i.TIM_OC2_SetConfig  stm32f4xx_hal_tim.o
    0x08009b08   0x08009b08   0x00000078   Code   RO         5234    i.TIM_OC3_SetConfig  stm32f4xx_hal_tim.o
    0x08009b80   0x08009b80   0x00000054   Code   RO         5235    i.TIM_OC4_SetConfig  stm32f4xx_hal_tim.o
    0x08009bd4   0x08009bd4   0x0000003a   Code   RO         1649    i.TIM_Set_PWM       bsp_pwm.o
    0x08009c0e   0x08009c0e   0x00000014   Code   RO         6150    i.UART_DMAAbortOnError  stm32f4xx_hal_uart.o
    0x08009c22   0x08009c22   0x0000006c   Code   RO         6160    i.UART_EndRxTransfer  stm32f4xx_hal_uart.o
    0x08009c8e   0x08009c8e   0x00000020   Code   RO         6161    i.UART_EndTransmit_IT  stm32f4xx_hal_uart.o
    0x08009cae   0x08009cae   0x000000f8   Code   RO         6163    i.UART_Receive_IT   stm32f4xx_hal_uart.o
    0x08009da6   0x08009da6   0x00000002   PAD
    0x08009da8   0x08009da8   0x0000022c   Code   RO         6164    i.UART_SetConfig    stm32f4xx_hal_uart.o
    0x08009fd4   0x08009fd4   0x00000060   Code   RO         6167    i.UART_Transmit_IT  stm32f4xx_hal_uart.o
    0x0800a034   0x0800a034   0x00000014   Code   RO          577    i.USART3_IRQHandler  stm32f4xx_it.o
    0x0800a048   0x0800a048   0x00000010   Code   RO          578    i.USART6_IRQHandler  stm32f4xx_it.o
    0x0800a058   0x0800a058   0x0000001c   Code   RO         7824    i.USBD_ClrClassConfig  usbd_core.o
    0x0800a074   0x0800a074   0x0000003e   Code   RO         7987    i.USBD_ClrFeature   usbd_ctlreq.o
    0x0800a0b2   0x0800a0b2   0x00000006   Code   RO         7825    i.USBD_CoreFindEP   usbd_core.o
    0x0800a0b8   0x0800a0b8   0x00000006   Code   RO         7826    i.USBD_CoreFindIF   usbd_core.o
    0x0800a0be   0x0800a0be   0x00000018   Code   RO         8089    i.USBD_CtlContinueRx  usbd_ioreq.o
    0x0800a0d6   0x0800a0d6   0x00000018   Code   RO         8090    i.USBD_CtlContinueSendData  usbd_ioreq.o
    0x0800a0ee   0x0800a0ee   0x00000018   Code   RO         7988    i.USBD_CtlError     usbd_ctlreq.o
    0x0800a106   0x0800a106   0x0000001a   Code   RO         8092    i.USBD_CtlReceiveStatus  usbd_ioreq.o
    0x0800a120   0x0800a120   0x00000022   Code   RO         8093    i.USBD_CtlSendData  usbd_ioreq.o
    0x0800a142   0x0800a142   0x0000001a   Code   RO         8094    i.USBD_CtlSendStatus  usbd_ioreq.o
    0x0800a15c   0x0800a15c   0x00000056   Code   RO         7989    i.USBD_GetConfig    usbd_ctlreq.o
    0x0800a1b2   0x0800a1b2   0x000001fc   Code   RO         7990    i.USBD_GetDescriptor  usbd_ctlreq.o
    0x0800a3ae   0x0800a3ae   0x0000005a   Code   RO         7992    i.USBD_GetStatus    usbd_ctlreq.o
    0x0800a408   0x0800a408   0x0000002c   Code   RO         2596    i.USBD_Get_USB_Status  usbd_conf.o
    0x0800a434   0x0800a434   0x00000026   Code   RO         2597    i.USBD_LL_ClearStallEP  usbd_conf.o
    0x0800a45a   0x0800a45a   0x00000108   Code   RO         7831    i.USBD_LL_DataInStage  usbd_core.o
    0x0800a562   0x0800a562   0x00000102   Code   RO         7832    i.USBD_LL_DataOutStage  usbd_core.o
    0x0800a664   0x0800a664   0x00000006   Code   RO         7833    i.USBD_LL_DevConnected  usbd_core.o
    0x0800a66a   0x0800a66a   0x00000026   Code   RO         7834    i.USBD_LL_DevDisconnected  usbd_core.o
    0x0800a690   0x0800a690   0x00000038   Code   RO         2604    i.USBD_LL_IsStallEP  usbd_conf.o
    0x0800a6c8   0x0800a6c8   0x00000048   Code   RO         7835    i.USBD_LL_IsoINIncomplete  usbd_core.o
    0x0800a710   0x0800a710   0x00000048   Code   RO         7836    i.USBD_LL_IsoOUTIncomplete  usbd_core.o
    0x0800a758   0x0800a758   0x00000030   Code   RO         2605    i.USBD_LL_OpenEP    usbd_conf.o
    0x0800a788   0x0800a788   0x00000030   Code   RO         2606    i.USBD_LL_PrepareReceive  usbd_conf.o
    0x0800a7b8   0x0800a7b8   0x0000006c   Code   RO         7837    i.USBD_LL_Reset     usbd_core.o
    0x0800a824   0x0800a824   0x00000016   Code   RO         7838    i.USBD_LL_Resume    usbd_core.o
    0x0800a83a   0x0800a83a   0x00000028   Code   RO         7839    i.USBD_LL_SOF       usbd_core.o
    0x0800a862   0x0800a862   0x00000008   Code   RO         7840    i.USBD_LL_SetSpeed  usbd_core.o
    0x0800a86a   0x0800a86a   0x00000026   Code   RO         2607    i.USBD_LL_SetUSBAddress  usbd_conf.o
    0x0800a890   0x0800a890   0x00000076   Code   RO         7841    i.USBD_LL_SetupStage  usbd_core.o
    0x0800a906   0x0800a906   0x00000026   Code   RO         2608    i.USBD_LL_StallEP   usbd_conf.o
    0x0800a92c   0x0800a92c   0x00000014   Code   RO         7842    i.USBD_LL_Suspend   usbd_core.o
    0x0800a940   0x0800a940   0x00000030   Code   RO         2611    i.USBD_LL_Transmit  usbd_conf.o
    0x0800a970   0x0800a970   0x00000036   Code   RO         7994    i.USBD_ParseSetupRequest  usbd_ctlreq.o
    0x0800a9a6   0x0800a9a6   0x00000006   Code   RO         7844    i.USBD_RunTestMode  usbd_core.o
    0x0800a9ac   0x0800a9ac   0x0000005a   Code   RO         7995    i.USBD_SetAddress   usbd_ctlreq.o
    0x0800aa06   0x0800aa06   0x00000020   Code   RO         7845    i.USBD_SetClassConfig  usbd_core.o
    0x0800aa26   0x0800aa26   0x00000002   PAD
    0x0800aa28   0x0800aa28   0x00000104   Code   RO         7996    i.USBD_SetConfig    usbd_ctlreq.o
    0x0800ab2c   0x0800ab2c   0x00000038   Code   RO         7997    i.USBD_SetFeature   usbd_ctlreq.o
    0x0800ab64   0x0800ab64   0x000000ae   Code   RO         7998    i.USBD_StdDevReq    usbd_ctlreq.o
    0x0800ac12   0x0800ac12   0x00000280   Code   RO         7999    i.USBD_StdEPReq     usbd_ctlreq.o
    0x0800ae92   0x0800ae92   0x000000ae   Code   RO         8000    i.USBD_StdItfReq    usbd_ctlreq.o
    0x0800af40   0x0800af40   0x000000d0   Code   RO         3076    i.USB_ActivateEndpoint  stm32f4xx_ll_usb.o
    0x0800b010   0x0800b010   0x00000028   Code   RO         3078    i.USB_ActivateSetup  stm32f4xx_ll_usb.o
    0x0800b038   0x0800b038   0x000001dc   Code   RO         3091    i.USB_EP0StartXfer  stm32f4xx_ll_usb.o
    0x0800b214   0x0800b214   0x00000070   Code   RO         3092    i.USB_EP0_OutStart  stm32f4xx_ll_usb.o
    0x0800b284   0x0800b284   0x0000008e   Code   RO         3093    i.USB_EPClearStall  stm32f4xx_ll_usb.o
    0x0800b312   0x0800b312   0x0000009a   Code   RO         3094    i.USB_EPSetStall    stm32f4xx_ll_usb.o
    0x0800b3ac   0x0800b3ac   0x00000348   Code   RO         3095    i.USB_EPStartXfer   stm32f4xx_ll_usb.o
    0x0800b6f4   0x0800b6f4   0x000000ec   Code   RO         3096    i.USB_EPStopXfer    stm32f4xx_ll_usb.o
    0x0800b7e0   0x0800b7e0   0x00000058   Code   RO         3099    i.USB_FlushTxFifo   stm32f4xx_ll_usb.o
    0x0800b838   0x0800b838   0x00000026   Code   RO         3101    i.USB_GetDevSpeed   stm32f4xx_ll_usb.o
    0x0800b85e   0x0800b85e   0x0000000a   Code   RO         3103    i.USB_GetMode       stm32f4xx_ll_usb.o
    0x0800b868   0x0800b868   0x00000014   Code   RO         3110    i.USB_ReadDevAllInEpInterrupt  stm32f4xx_ll_usb.o
    0x0800b87c   0x0800b87c   0x00000014   Code   RO         3111    i.USB_ReadDevAllOutEpInterrupt  stm32f4xx_ll_usb.o
    0x0800b890   0x0800b890   0x00000032   Code   RO         3112    i.USB_ReadDevInEPInterrupt  stm32f4xx_ll_usb.o
    0x0800b8c2   0x0800b8c2   0x0000001a   Code   RO         3113    i.USB_ReadDevOutEPInterrupt  stm32f4xx_ll_usb.o
    0x0800b8dc   0x0800b8dc   0x0000000a   Code   RO         3114    i.USB_ReadInterrupts  stm32f4xx_ll_usb.o
    0x0800b8e6   0x0800b8e6   0x00000060   Code   RO         3115    i.USB_ReadPacket    stm32f4xx_ll_usb.o
    0x0800b946   0x0800b946   0x0000002a   Code   RO         3118    i.USB_SetDevAddress  stm32f4xx_ll_usb.o
    0x0800b970   0x0800b970   0x000000e8   Code   RO         3120    i.USB_SetTurnaroundTime  stm32f4xx_ll_usb.o
    0x0800ba58   0x0800ba58   0x00000044   Code   RO         3123    i.USB_WritePacket   stm32f4xx_ll_usb.o
    0x0800ba9c   0x0800ba9c   0x00000004   Code   RO          579    i.UsageFault_Handler  stm32f4xx_it.o
    0x0800baa0   0x0800baa0   0x00000070   Code   RO         8283    i._DoInit           segger_rtt.o
    0x0800bb10   0x0800bb10   0x00000046   Code   RO         8587    i._EncodeStr        segger_sysview.o
    0x0800bb56   0x0800bb56   0x00000002   PAD
    0x0800bb58   0x0800bb58   0x000000a8   Code   RO         8588    i._HandleIncomingPacket  segger_sysview.o
    0x0800bc00   0x0800bc00   0x00000006   Code   RO         8589    i._PreparePacket    segger_sysview.o
    0x0800bc06   0x0800bc06   0x00000002   PAD
    0x0800bc08   0x0800bc08   0x000001e0   Code   RO         8592    i._SendPacket       segger_sysview.o
    0x0800bde8   0x0800bde8   0x00000088   Code   RO         8594    i._TrySendOverflowPacket  segger_sysview.o
    0x0800be70   0x0800be70   0x00000026   Code   RO         9486    i.__ARM_fpclassifyf  m_wm.l(fpclassifyf.o)
    0x0800be96   0x0800be96   0x00000002   PAD
    0x0800be98   0x0800be98   0x00000010   Code   RO         4188    i.__NVIC_GetPriorityGrouping  stm32f4xx_hal_cortex.o
    0x0800bea8   0x0800bea8   0x00000028   Code   RO         4189    i.__NVIC_SetPriority  stm32f4xx_hal_cortex.o
    0x0800bed0   0x0800bed0   0x00000118   Code   RO         9346    i.__hardfp_acosf    m_wm.l(acosf.o)
    0x0800bfe8   0x0800bfe8   0x0000012c   Code   RO         9358    i.__hardfp_asinf    m_wm.l(asinf.o)
    0x0800c114   0x0800c114   0x000002ac   Code   RO         9370    i.__hardfp_atan2f   m_wm.l(atan2f.o)
    0x0800c3c0   0x0800c3c0   0x0000003a   Code   RO         9382    i.__hardfp_sqrtf    m_wm.l(sqrtf.o)
    0x0800c3fa   0x0800c3fa   0x00000006   Code   RO         9489    i.__mathlib_flt_infnan  m_wm.l(funder.o)
    0x0800c400   0x0800c400   0x00000006   Code   RO         9490    i.__mathlib_flt_infnan2  m_wm.l(funder.o)
    0x0800c406   0x0800c406   0x00000002   PAD
    0x0800c408   0x0800c408   0x00000010   Code   RO         9491    i.__mathlib_flt_invalid  m_wm.l(funder.o)
    0x0800c418   0x0800c418   0x00000010   Code   RO         9494    i.__mathlib_flt_underflow  m_wm.l(funder.o)
    0x0800c428   0x0800c428   0x0000003e   Code   RO         9010    i._cbGetTime        segger_sysview_freertos.o
    0x0800c466   0x0800c466   0x00000002   PAD
    0x0800c468   0x0800c468   0x00000054   Code   RO         8989    i._cbSendSystemDesc  segger_sysview_config_freertos.o
    0x0800c4bc   0x0800c4bc   0x00000054   Code   RO         9011    i._cbSendTaskList   segger_sysview_freertos.o
    0x0800c510   0x0800c510   0x00000024   Code   RO          939    i.angle_limiting_int16  bsp_motor_encoder.o
    0x0800c534   0x0800c534   0x0000016c   Code   RO         1447    i.bmi088_accel_init  bmi088driver.o
    0x0800c6a0   0x0800c6a0   0x00000130   Code   RO         1448    i.bmi088_gyro_init  bmi088driver.o
    0x0800c7d0   0x0800c7d0   0x00000058   Code   RO         1071    i.can1_gimbal_setmsg  can1_send.o
    0x0800c828   0x0800c828   0x00000048   Code   RO         1137    i.can2_gambal_to_chassis  can2_send.o
    0x0800c870   0x0800c870   0x0000005c   Code   RO         1072    i.can2_gimbal_setmsg  can1_send.o
    0x0800c8cc   0x0800c8cc   0x00000154   Code   RO          999    i.chassis_can1_callback  can1_receive.o
    0x0800ca20   0x0800ca20   0x00000040   Code   RO         1107    i.chassis_can2_callback  can2_receive.o
    0x0800ca60   0x0800ca60   0x00000074   Code   RO         2302    i.f_Derivative_On_Measurement  pid.o
    0x0800cad4   0x0800cad4   0x00000002   Code   RO         1386    i.f_GIMBAL_AUTOATTACK  gimbal_behaviour.o
    0x0800cad6   0x0800cad6   0x00000002   Code   RO         1387    i.f_GIMBAL_AUTOBUFF  gimbal_behaviour.o
    0x0800cad8   0x0800cad8   0x00000002   Code   RO         1388    i.f_GIMBAL_MANUAL   gimbal_behaviour.o
    0x0800cada   0x0800cada   0x00000046   Code   RO         2303    i.f_Integral_Limit  pid.o
    0x0800cb20   0x0800cb20   0x00000046   Code   RO         2304    i.f_Output_Limit    pid.o
    0x0800cb66   0x0800cb66   0x00000002   PAD
    0x0800cb68   0x0800cb68   0x0000003c   Code   RO         2305    i.f_Separated_Integral  pid.o
    0x0800cba4   0x0800cba4   0x000000cc   Code   RO         2306    i.f_StepIn          pid.o
    0x0800cc70   0x0800cc70   0x00000042   Code   RO         2307    i.first_order_filter  pid.o
    0x0800ccb2   0x0800ccb2   0x0000002a   Code   RO         1832    i.float_constrain   user_lib.o
    0x0800ccdc   0x0800ccdc   0x00000048   Code   RO         1834    i.float_rounding    user_lib.o
    0x0800cd24   0x0800cd24   0x00000008   Code   RO         1000    i.get_fire_motor_measure_point  can1_receive.o
    0x0800cd2c   0x0800cd2c   0x00000008   Code   RO         1294    i.get_imu_control_point  imu_task.o
    0x0800cd34   0x0800cd34   0x00000008   Code   RO         1001    i.get_left_motor_measure_point  can1_receive.o
    0x0800cd3c   0x0800cd3c   0x00000008   Code   RO         1002    i.get_pitch_motor_measure_point  can1_receive.o
    0x0800cd44   0x0800cd44   0x00000008   Code   RO         1003    i.get_right_motor_measure_point  can1_receive.o
    0x0800cd4c   0x0800cd4c   0x00000008   Code   RO         1004    i.get_yaw_motor_measure_point  can1_receive.o
    0x0800cd54   0x0800cd54   0x00000084   Code   RO         1389    i.gimbal_behaviour_choose  gimbal_behaviour.o
    0x0800cdd8   0x0800cdd8   0x0000012c   Code   RO         1390    i.gimbal_behaviour_react  gimbal_behaviour.o
    0x0800cf04   0x0800cf04   0x00000194   Code   RO         1391    i.gimbal_pid_calculate  gimbal_behaviour.o
    0x0800d098   0x0800d098   0x0000001c   Code   RO         1295    i.imu_Task          imu_task.o
    0x0800d0b4   0x0800d0b4   0x0000003c   Code   RO         1762    i.invSqrt           quaternionekf.o
    0x0800d0f0   0x0800d0f0   0x00000060   Code   RO         2207    i.loop_fp32_constrain  maths.o
    0x0800d150   0x0800d150   0x00000050   Code   RO            7    i.main              main.o
    0x0800d1a0   0x0800d1a0   0x0000000e   Code   RO         7310    i.makeFreeRtosPriority  cmsis_os.o
    0x0800d1ae   0x0800d1ae   0x0000004a   Code   RO         2308    i.motor_position_speed_control  pid.o
    0x0800d1f8   0x0800d1f8   0x0000002e   Code   RO         2309    i.motor_speed_control  pid.o
    0x0800d226   0x0800d226   0x00000018   Code   RO         7312    i.osDelay           cmsis_os.o
    0x0800d23e   0x0800d23e   0x0000000a   Code   RO         7315    i.osKernelStart     cmsis_os.o
    0x0800d248   0x0800d248   0x0000005e   Code   RO         7349    i.osThreadCreate    cmsis_os.o
    0x0800d2a6   0x0800d2a6   0x00000002   PAD
    0x0800d2a8   0x0800d2a8   0x00000050   Code   RO         2310    i.pid_clear         pid.o
    0x0800d2f8   0x0800d2f8   0x00000098   Code   RO         6969    i.prvAddCurrentTaskToDelayedList  tasks.o
    0x0800d390   0x0800d390   0x000000d8   Code   RO         6970    i.prvAddNewTaskToReadyList  tasks.o
    0x0800d468   0x0800d468   0x00000048   Code   RO         6971    i.prvCheckTasksWaitingTermination  tasks.o
    0x0800d4b0   0x0800d4b0   0x00000050   Code   RO         6972    i.prvDeleteTCB      tasks.o
    0x0800d500   0x0800d500   0x0000007c   Code   RO         7677    i.prvHeapInit       heap_4.o
    0x0800d57c   0x0800d57c   0x00000028   Code   RO         6973    i.prvIdleTask       tasks.o
    0x0800d5a4   0x0800d5a4   0x000000b4   Code   RO         6974    i.prvInitialiseNewTask  tasks.o
    0x0800d658   0x0800d658   0x00000068   Code   RO         6975    i.prvInitialiseTaskLists  tasks.o
    0x0800d6c0   0x0800d6c0   0x00000068   Code   RO         7678    i.prvInsertBlockIntoFreeList  heap_4.o
    0x0800d728   0x0800d728   0x00000034   Code   RO         6976    i.prvResetNextTaskUnblockTime  tasks.o
    0x0800d75c   0x0800d75c   0x00000040   Code   RO         7746    i.prvTaskExitError  port.o
    0x0800d79c   0x0800d79c   0x0000014c   Code   RO         7679    i.pvPortMalloc      heap_4.o
    0x0800d8e8   0x0800d8e8   0x0000002c   Code   RO         7747    i.pxPortInitialiseStack  port.o
    0x0800d914   0x0800d914   0x00000014   Code   RO          849    i.rc_deadline_limit  bsp_dr16.o
    0x0800d928   0x0800d928   0x00000014   Code   RO          850    i.rc_lost_time_refresh  bsp_dr16.o
    0x0800d93c   0x0800d93c   0x0000003e   Code   RO         9384    i.sqrtf             m_wm.l(sqrtf.o)
    0x0800d97a   0x0800d97a   0x00000028   Code   RO         6604    i.uxListRemove      list.o
    0x0800d9a2   0x0800d9a2   0x00000002   PAD
    0x0800d9a4   0x0800d9a4   0x00000018   Code   RO          302    i.vApplicationGetIdleTaskMemory  freertos.o
    0x0800d9bc   0x0800d9bc   0x0000001a   Code   RO         6605    i.vListInitialise   list.o
    0x0800d9d6   0x0800d9d6   0x00000006   Code   RO         6606    i.vListInitialiseItem  list.o
    0x0800d9dc   0x0800d9dc   0x00000034   Code   RO         6607    i.vListInsert       list.o
    0x0800da10   0x0800da10   0x00000018   Code   RO         6608    i.vListInsertEnd    list.o
    0x0800da28   0x0800da28   0x00000054   Code   RO         7749    i.vPortEnterCritical  port.o
    0x0800da7c   0x0800da7c   0x0000003c   Code   RO         7750    i.vPortExitCritical  port.o
    0x0800dab8   0x0800dab8   0x000000a4   Code   RO         7680    i.vPortFree         heap_4.o
    0x0800db5c   0x0800db5c   0x00000028   Code   RO         7751    i.vPortSetupTimerInterrupt  port.o
    0x0800db84   0x0800db84   0x00000078   Code   RO         7752    i.vPortValidateInterruptPriority  port.o
    0x0800dbfc   0x0800dbfc   0x00000064   Code   RO         6985    i.vTaskDelay        tasks.o
    0x0800dc60   0x0800dc60   0x000000dc   Code   RO         6986    i.vTaskDelayUntil   tasks.o
    0x0800dd3c   0x0800dd3c   0x00000120   Code   RO         6987    i.vTaskDelete       tasks.o
    0x0800de5c   0x0800de5c   0x000000cc   Code   RO         6999    i.vTaskStartScheduler  tasks.o
    0x0800df28   0x0800df28   0x00000010   Code   RO         7001    i.vTaskSuspendAll   tasks.o
    0x0800df38   0x0800df38   0x000000a8   Code   RO         7002    i.vTaskSwitchContext  tasks.o
    0x0800dfe0   0x0800dfe0   0x00000168   Code   RO         7753    i.xPortStartScheduler  port.o
    0x0800e148   0x0800e148   0x00000064   Code   RO         7005    i.xTaskCreate       tasks.o
    0x0800e1ac   0x0800e1ac   0x000000ba   Code   RO         7006    i.xTaskCreateStatic  tasks.o
    0x0800e266   0x0800e266   0x00000002   PAD
    0x0800e268   0x0800e268   0x0000000c   Code   RO         7012    i.xTaskGetTickCount  tasks.o
    0x0800e274   0x0800e274   0x00000014   Code   RO         7013    i.xTaskGetTickCountFromISR  tasks.o
    0x0800e288   0x0800e288   0x00000150   Code   RO         7014    i.xTaskIncrementTick  tasks.o
    0x0800e3d8   0x0800e3d8   0x0000010c   Code   RO         7020    i.xTaskResumeAll    tasks.o
    0x0800e4e4   0x0800e4e4   0x00000012   Code   RO         9320    x$fpl$fadd          fz_wm.l(faddsub_clz.o)
    0x0800e4f6   0x0800e4f6   0x00000054   Code   RO         9326    x$fpl$fcmp          fz_wm.l(fcmp.o)
    0x0800e54a   0x0800e54a   0x00000018   Code   RO         9546    x$fpl$fcmpinf       fz_wm.l(fcmpi.o)
    0x0800e562   0x0800e562   0x00000012   Code   RO         9328    x$fpl$fdiv          fz_wm.l(fdiv.o)
    0x0800e574   0x0800e574   0x00000030   Code   RO         9479    x$fpl$feqf          fz_wm.l(feqf.o)
    0x0800e5a4   0x0800e5a4   0x0000000e   Code   RO         9332    x$fpl$ffix          fz_wm.l(ffix.o)
    0x0800e5b2   0x0800e5b2   0x0000000e   Code   RO         9336    x$fpl$ffixu         fz_wm.l(ffixu.o)
    0x0800e5c0   0x0800e5c0   0x0000000e   Code   RO         9341    x$fpl$fflt          fz_wm.l(fflt_clz.o)
    0x0800e5ce   0x0800e5ce   0x0000000e   Code   RO         9340    x$fpl$ffltu         fz_wm.l(fflt_clz.o)
    0x0800e5dc   0x0800e5dc   0x00000030   Code   RO         9481    x$fpl$fgeqf         fz_wm.l(fgeqf.o)
    0x0800e60c   0x0800e60c   0x00000030   Code   RO         9483    x$fpl$fleqf         fz_wm.l(fleqf.o)
    0x0800e63c   0x0800e63c   0x00000012   Code   RO         9344    x$fpl$fmul          fz_wm.l(fmul.o)
    0x0800e64e   0x0800e64e   0x0000008c   Code   RO         9548    x$fpl$fnaninf       fz_wm.l(fnaninf.o)
    0x0800e6da   0x0800e6da   0x0000000a   Code   RO         9550    x$fpl$fpinit        fz_wm.l(fpinit.o)
    0x0800e6e4   0x0800e6e4   0x00000012   Code   RO         9321    x$fpl$fsub          fz_wm.l(faddsub_clz.o)
    0x0800e6f6   0x0800e6f6   0x00000000   Code   RO         9485    x$fpl$usenofp       fz_wm.l(usenofp.o)
    0x0800e6f6   0x0800e6f6   0x00000002   PAD
    0x0800e6f8   0x0800e6f8   0x00000038   Data   RO          304    .constdata          freertos.o
    0x0800e730   0x0800e730   0x00000054   Data   RO         1213    .constdata          init_task.o
    0x0800e784   0x0800e784   0x00000030   Data   RO         1297    .constdata          imu_task.o
    0x0800e7b4   0x0800e7b4   0x00000090   Data   RO         1764    .constdata          quaternionekf.o
    0x0800e844   0x0800e844   0x00000008   Data   RO         3905    .constdata          stm32f4xx_hal_dma.o
    0x0800e84c   0x0800e84c   0x00000018   Data   RO         6477    .constdata          system_stm32f4xx.o
    0x0800e864   0x0800e864   0x00000011   Data   RO         8289    .constdata          segger_rtt.o
    0x0800e875   0x0800e875   0x0000001a   Data   RO         8598    .constdata          segger_sysview.o
    0x0800e88f   0x0800e88f   0x00000001   PAD
    0x0800e890   0x0800e890   0x00000008   Data   RO         9013    .constdata          segger_sysview_freertos.o
    0x0800e898   0x0800e898   0x00000018   Data   RO          305    .conststring        freertos.o
    0x0800e8b0   0x0800e8b0   0x00000024   Data   RO         1214    .conststring        init_task.o
    0x0800e8d4   0x0800e8d4   0x00000050   Data   RO         9014    .conststring        segger_sysview_freertos.o
    0x0800e924   0x0800e924   0x00000804   Data   RO         9218    .rodata.sinTable_f32  arm_cortexM4l_math.lib(arm_common_tables.o)
    0x0800f128   0x0800f128   0x00000020   Data   RO         9641    Region$$Table       anon$$obj.o


    Execution Region RW_IRAM1 (Exec base: 0x20000000, Load base: 0x0800f148, Size: 0x0000a2f0, Max: 0x0001c000, ABSOLUTE, COMPRESSED[0x00000068])

    Exec Addr    Load Addr    Size         Type   Attr      Idx    E Section Name        Object

    0x20000000   COMPRESSED   0x00000008   Data   RW          306    .data               freertos.o
    0x20000008   COMPRESSED   0x00000004   Data   RW          355    .data               can.o
    0x2000000c   COMPRESSED   0x00000006   Data   RW          852    .data               bsp_dr16.o
    0x20000012   COMPRESSED   0x00000028   Data   RW         1005    .data               can1_receive.o
    0x2000003a   COMPRESSED   0x00000002   PAD
    0x2000003c   COMPRESSED   0x00000010   Data   RW         1215    .data               init_task.o
    0x2000004c   COMPRESSED   0x00000048   Data   RW         1298    .data               imu_task.o
    0x20000094   COMPRESSED   0x00000016   Data   RW         1392    .data               gimbal_behaviour.o
    0x200000aa   COMPRESSED   0x00000002   PAD
    0x200000ac   COMPRESSED   0x00000040   Data   RW         1450    .data               bmi088driver.o
    0x200000ec   COMPRESSED   0x00000004   Data   RW         1523    .data               bmi088middleware.o
    0x200000f0   COMPRESSED   0x00000040   Data   RW         1581    .data               bsp_dwt.o
    0x20000130   COMPRESSED   0x00000004   Data   RW         1685    .data               kalman_filter.o
    0x20000134   COMPRESSED   0x000000d4   Data   RW         1765    .data               quaternionekf.o
    0x20000208   COMPRESSED   0x00000018   Data   RW         1842    .data               user_lib.o
    0x20000220   COMPRESSED   0x00000009   Data   RW         4337    .data               stm32f4xx_hal.o
    0x20000229   COMPRESSED   0x00000003   PAD
    0x2000022c   COMPRESSED   0x00000004   Data   RW         6478    .data               system_stm32f4xx.o
    0x20000230   COMPRESSED   0x0000003c   Data   RW         7023    .data               tasks.o
    0x2000026c   COMPRESSED   0x00000020   Data   RW         7686    .data               heap_4.o
    0x2000028c   COMPRESSED   0x0000000c   Data   RW         7754    .data               port.o
    0x20000298   COMPRESSED   0x00000001   Data   RW         8001    .data               usbd_ctlreq.o
    0x20000299   COMPRESSED   0x00000003   PAD
    0x2000029c   COMPRESSED   0x00000015   Data   RW         8599    .data               segger_sysview.o
    0x200002b1   COMPRESSED   0x00000003   PAD
    0x200002b4   COMPRESSED   0x00000004   Data   RW         9015    .data               segger_sysview_freertos.o
    0x200002b8        -       0x00000254   Zero   RW          303    .bss                freertos.o
    0x2000050c        -       0x00000050   Zero   RW          354    .bss                can.o
    0x2000055c        -       0x00000118   Zero   RW          426    .bss                spi.o
    0x20000674        -       0x00000048   Zero   RW          469    .bss                tim.o
    0x200006bc        -       0x000001a8   Zero   RW          517    .bss                usart.o
    0x20000864        -       0x00000048   Zero   RW          724    .bss                stm32f4xx_hal_timebase_tim.o
    0x200008ac        -       0x00000060   Zero   RW          851    .bss                bsp_dr16.o
    0x2000090c        -       0x0000021c   Zero   RW          941    .bss                bsp_motor_encoder.o
    0x20000b28        -       0x00000018   Zero   RW         1073    .bss                can1_send.o
    0x20000b40        -       0x00000018   Zero   RW         1138    .bss                can2_send.o
    0x20000b58        -       0x000004e0   Zero   RW         1170    .bss                gimbal_task.o
    0x20001038        -       0x0000012c   Zero   RW         1296    .bss                imu_task.o
    0x20001164        -       0x00000040   Zero   RW         1449    .bss                bmi088driver.o
    0x200011a4   COMPRESSED   0x00000004   PAD
    0x200011a8        -       0x00000268   Zero   RW         1763    .bss                quaternionekf.o
    0x20001410        -       0x0000072c   Zero   RW         2614    .bss                usbd_conf.o
    0x20001b3c        -       0x000000f0   Zero   RW         7022    .bss                tasks.o
    0x20001c2c        -       0x00003c00   Zero   RW         7685    .bss                heap_4.o
    0x2000582c        -       0x000004b8   Zero   RW         8288    .bss                segger_rtt.o
    0x20005ce4        -       0x0000050b   Zero   RW         8597    .bss                segger_sysview.o
    0x200061ef   COMPRESSED   0x00000001   PAD
    0x200061f0        -       0x000000a0   Zero   RW         9012    .bss                segger_sysview_freertos.o
    0x20006290        -       0x00000060   Zero   RW         9505    .bss                c_w.l(libspace.o)
    0x200062f0        -       0x00002000   Zero   RW         2384    HEAP                startup_stm32f407xx.o
    0x200082f0        -       0x00002000   Zero   RW         2383    STACK               startup_stm32f407xx.o


    Execution Region RW_IRAM2 (Exec base: 0x2001c000, Load base: 0x0800f1b0, Size: 0x00000000, Max: 0x00004000, ABSOLUTE)

    **** No section assigned to this execution region ****


==============================================================================

Image component sizes


      Code (inc. data)   RO Data    RW Data    ZI Data      Debug   Object Name

      2890        176          0         64         64       9849   bmi088driver.o
       116         30          0          4          0       3080   bmi088middleware.o
       762         38          0          6         96       5608   bsp_dr16.o
       580        112          0         64          0       4394   bsp_dwt.o
       518         14          0          0        540       6562   bsp_motor_encoder.o
        58          0          0          0          0        850   bsp_pwm.o
       496         44          0          4         80       2446   can.o
       480         66          0         40          0       5281   can1_receive.o
       180         18          0          0         24       1622   can1_send.o
       132         14          0          0          0       1694   can2_receive.o
        72         12          0          0         24        801   can2_send.o
       142          0          0          0          0      21259   cmsis_os.o
       152          6          0          0          0        838   dma.o
         0          0          0          0          0      12680   event_groups.o
       102         24         80          8        596       2562   freertos.o
       842         76          0         22          0       4198   gimbal_behaviour.o
         0          0          0          0          0      21050   gimbal_struct_variables.o
       692         38          0          0       1248       2535   gimbal_task.o
       396         18          0          0          0       1167   gpio.o
       724         74          0         32      15360       7419   heap_4.o
      2560        194         48         72        300       7399   imu_task.o
       140         24        120         16          0       6398   init_task.o
      3160         26          0          4          0       8695   kalman_filter.o
       148          0          0          0          0       3566   list.o
       290         20          0          0          0     759728   main.o
        96          0          0          0          0        830   maths.o
      1630         30          0          0          0       9832   pid.o
      1014         92          0         12          0      12033   port.o
      4172        232        144        212        616      10015   quaternionekf.o
       744         46         17          0       1208       9712   segger_rtt.o
      2980        202         26         21       1291      30095   segger_sysview.o
       124         82          0          0          0       1042   segger_sysview_config_freertos.o
       640         40         88          4        160       4642   segger_sysview_freertos.o
       416         38          0          0        280       1931   spi.o
        64         26        392          0      16384        812   startup_stm32f407xx.o
       136         24          0          9          0       8730   stm32f4xx_hal.o
      2134          6          0          0          0      14327   stm32f4xx_hal_can.o
       252         22          0          0          0      33682   stm32f4xx_hal_cortex.o
      1246         16          8          0          0       5371   stm32f4xx_hal_dma.o
       542         50          0          0          0       3320   stm32f4xx_hal_gpio.o
        84          6          0          0          0        862   stm32f4xx_hal_msp.o
      3044         16          0          0          0      10710   stm32f4xx_hal_pcd.o
         2          0          0          0          0        985   stm32f4xx_hal_pcd_ex.o
      1888         94          0          0          0       6281   stm32f4xx_hal_rcc.o
      1078         14          0          0          0       4669   stm32f4xx_hal_spi.o
      2006        142          0          0          0      12636   stm32f4xx_hal_tim.o
         4          0          0          0          0       1569   stm32f4xx_hal_tim_ex.o
       160         20          0          0         72       1427   stm32f4xx_hal_timebase_tim.o
      1918         14          0          0          0       9552   stm32f4xx_hal_uart.o
       230         68          0          0          0       9366   stm32f4xx_it.o
      2908         64          0          0          0      15778   stm32f4xx_ll_usb.o
        20          6         24          4          0       1127   system_stm32f4xx.o
        10          0          0          0          0        504   task_safe.o
      2814        342          0         60        240      23900   tasks.o
       284         34          0          0         72       2326   tim.o
       616         62          0          0        424       2672   usart.o
       632          6          0          0       1836      13666   usbd_conf.o
      1104          0          0          0          0      12823   usbd_core.o
      2236         30          0          1          0      16379   usbd_ctlreq.o
       134          0          0          0          0       3964   usbd_ioreq.o
       114         10          0         24          0       8160   user_lib.o

    ----------------------------------------------------------------------
     53162       2858        980        696      40920    1207411   Object Totals
         0          0         32          0          0          0   (incl. Generated)
        54          0          1         13          5          0   (incl. Padding)

    ----------------------------------------------------------------------

      Code (inc. data)   RO Data    RW Data    ZI Data      Debug   Library Member Name

         0          0       2052          0          0       4961   arm_common_tables.o
       168          0          0          0          0        957   arm_cos_f32.o
       148          0          0          0          0       1719   arm_mat_add_f32.o
         8          0          0          0          0        841   arm_mat_init_f32.o
       732          0          0          0          0       3257   arm_mat_inverse_f32.o
       376          0          0          0          0       2510   arm_mat_mult_f32.o
       148          0          0          0          0       1719   arm_mat_sub_f32.o
       178          0          0          0          0       1815   arm_mat_trans_f32.o
       160          0          0          0          0        952   arm_sin_f32.o
        90          0          0          0          0          0   __dczerorl2.o
         8          0          0          0          0         68   __main.o
         0          0          0          0          0          0   __rtentry.o
        12          0          0          0          0          0   __rtentry2.o
         6          0          0          0          0          0   __rtentry4.o
        52          8          0          0          0          0   __scatter.o
        28          0          0          0          0          0   __scatter_zi.o
        22          0          0          0          0        100   _rserrno.o
        10          0          0          0          0         68   defsig_exit.o
        50          0          0          0          0         88   defsig_general.o
        80         58          0          0          0         76   defsig_rtmem_inner.o
        14          0          0          0          0         80   defsig_rtmem_outer.o
        18          0          0          0          0         80   exit.o
        94          0          0          0          0         80   h1_alloc.o
        52          0          0          0          0         68   h1_extend.o
        78          0          0          0          0         80   h1_free.o
        14          0          0          0          0         84   h1_init.o
         6          0          0          0          0        152   heapauxi.o
         4          0          0          0          0        136   hguard.o
         0          0          0          0          0          0   indicate_semi.o
       138          0          0          0          0        168   init_alloc.o
         2          0          0          0          0          0   libinit.o
        14          0          0          0          0          0   libinit2.o
         2          0          0          0          0          0   libshutdown.o
         2          0          0          0          0          0   libshutdown2.o
         8          4          0          0         96         68   libspace.o
       238          0          0          0          0        100   lludivv7m.o
         0          0          0          0          0          0   maybetermalloc1.o
        88          0          0          0          0         76   memcmp.o
         8          4          0          0          0         68   rt_errno_addr_intlibspace.o
         8          4          0          0          0         68   rt_heap_descriptor_intlibspace.o
        68          0          0          0          0         68   rt_memclr.o
        78          0          0          0          0         80   rt_memclr_w.o
       138          0          0          0          0         68   rt_memcpy_v6.o
       100          0          0          0          0         80   rt_memcpy_w.o
         2          0          0          0          0          0   rtexit.o
        10          0          0          0          0          0   rtexit2.o
        12          4          0          0          0         68   sys_exit.o
        74          0          0          0          0         80   sys_stackheap_outer.o
        14          0          0          0          0         76   sys_wrch.o
         2          0          0          0          0         68   use_no_semi.o
        36          0          0          0          0        232   faddsub_clz.o
        84          0          0          0          0        244   fcmp.o
        24          0          0          0          0        116   fcmpi.o
        18          0          0          0          0        116   fdiv.o
        48          4          0          0          0        132   feqf.o
        14          0          0          0          0        116   ffix.o
        14          0          0          0          0        116   ffixu.o
        28          0          0          0          0        232   fflt_clz.o
        48          4          0          0          0        132   fgeqf.o
        48          4          0          0          0        132   fleqf.o
        18          0          0          0          0        116   fmul.o
       140          4          0          0          0        132   fnaninf.o
        10          0          0          0          0        116   fpinit.o
         0          0          0          0          0          0   usenofp.o
       280         46          0          0          0        176   acosf.o
       300         42          0          0          0        176   asinf.o
       684         90          0          0          0        208   atan2f.o
        38          0          0          0          0        116   fpclassifyf.o
        44         12          0          0          0        464   funder.o
       120          0          0          0          0        272   sqrtf.o

    ----------------------------------------------------------------------
      5574        288       2052          0         96      24371   Library Totals
        16          0          0          0          0          0   (incl. Padding)

    ----------------------------------------------------------------------

      Code (inc. data)   RO Data    RW Data    ZI Data      Debug   Library Name

      1918          0       2052          0          0      18731   arm_cortexM4l_math.lib
      1644         82          0          0         96       2296   c_w.l
       530         16          0          0          0       1932   fz_wm.l
      1466        190          0          0          0       1412   m_wm.l

    ----------------------------------------------------------------------
      5574        288       2052          0         96      24371   Library Totals

    ----------------------------------------------------------------------

==============================================================================


      Code (inc. data)   RO Data    RW Data    ZI Data      Debug   

     58736       3146       3032        696      41016    1190722   Grand Totals
     58736       3146       3032        104      41016    1190722   ELF Image Totals (compressed)
     58736       3146       3032        104          0          0   ROM Totals

==============================================================================

    Total RO  Size (Code + RO Data)                61768 (  60.32kB)
    Total RW  Size (RW Data + ZI Data)             41712 (  40.73kB)
    Total ROM Size (Code + RO Data + RW Data)      61872 (  60.42kB)

==============================================================================

