Component: ARM Compiler 5.06 update 7 (build 960) Tool: armlink [4d3601]

==============================================================================

Section Cross References

    main.o(i.HAL_TIM_PeriodElapsedCallback) refers to stm32f4xx_hal.o(i.HAL_IncTick) for HAL_IncTick
    main.o(i.SystemClock_Config) refers to rt_memclr_w.o(.text) for __aeabi_memclr4
    main.o(i.SystemClock_Config) refers to stm32f4xx_hal_rcc.o(i.HAL_RCC_OscConfig) for HAL_RCC_OscConfig
    main.o(i.SystemClock_Config) refers to main.o(i.Error_Handler) for Error_Handler
    main.o(i.SystemClock_Config) refers to stm32f4xx_hal_rcc.o(i.HAL_RCC_ClockConfig) for HAL_RCC_ClockConfig
    main.o(i.main) refers to stm32f4xx_hal.o(i.HAL_Init) for HAL_Init
    main.o(i.main) refers to main.o(i.SystemClock_Config) for SystemClock_Config
    main.o(i.main) refers to gpio.o(i.MX_GPIO_Init) for MX_GPIO_Init
    main.o(i.main) refers to dma.o(i.MX_DMA_Init) for MX_DMA_Init
    main.o(i.main) refers to can.o(i.MX_CAN1_Init) for MX_CAN1_Init
    main.o(i.main) refers to can.o(i.MX_CAN2_Init) for MX_CAN2_Init
    main.o(i.main) refers to spi.o(i.MX_SPI1_Init) for MX_SPI1_Init
    main.o(i.main) refers to usart.o(i.MX_USART3_UART_Init) for MX_USART3_UART_Init
    main.o(i.main) refers to usart.o(i.MX_USART6_UART_Init) for MX_USART6_UART_Init
    main.o(i.main) refers to tim.o(i.MX_TIM10_Init) for MX_TIM10_Init
    main.o(i.main) refers to freertos.o(i.MX_FREERTOS_Init) for MX_FREERTOS_Init
    main.o(i.main) refers to cmsis_os.o(i.osKernelStart) for osKernelStart
    gpio.o(i.MX_GPIO_Init) refers to rt_memclr_w.o(.text) for __aeabi_memclr4
    gpio.o(i.MX_GPIO_Init) refers to stm32f4xx_hal_gpio.o(i.HAL_GPIO_WritePin) for HAL_GPIO_WritePin
    gpio.o(i.MX_GPIO_Init) refers to stm32f4xx_hal_gpio.o(i.HAL_GPIO_Init) for HAL_GPIO_Init
    gpio.o(i.MX_GPIO_Init) refers to stm32f4xx_hal_cortex.o(i.HAL_NVIC_SetPriority) for HAL_NVIC_SetPriority
    gpio.o(i.MX_GPIO_Init) refers to stm32f4xx_hal_cortex.o(i.HAL_NVIC_EnableIRQ) for HAL_NVIC_EnableIRQ
    freertos.o(i.MX_FREERTOS_Init) refers to rt_memcpy_w.o(.text) for __aeabi_memcpy4
    freertos.o(i.MX_FREERTOS_Init) refers to cmsis_os.o(i.osThreadCreate) for osThreadCreate
    freertos.o(i.MX_FREERTOS_Init) refers to freertos.o(.constdata) for .constdata
    freertos.o(i.MX_FREERTOS_Init) refers to freertos.o(.data) for defaultTaskHandle
    freertos.o(i.StartDefaultTask) refers to cmsis_os.o(i.osDelay) for osDelay
    freertos.o(i.vApplicationGetIdleTaskMemory) refers to freertos.o(.bss) for xIdleTaskTCBBuffer
    freertos.o(.constdata) refers to freertos.o(.conststring) for .conststring
    freertos.o(.constdata) refers to freertos.o(i.StartDefaultTask) for StartDefaultTask
    freertos.o(.constdata) refers to init_task.o(i.Init_Task) for Init_Task
    can.o(i.HAL_CAN_MspDeInit) refers to stm32f4xx_hal_gpio.o(i.HAL_GPIO_DeInit) for HAL_GPIO_DeInit
    can.o(i.HAL_CAN_MspDeInit) refers to stm32f4xx_hal_cortex.o(i.HAL_NVIC_DisableIRQ) for HAL_NVIC_DisableIRQ
    can.o(i.HAL_CAN_MspDeInit) refers to can.o(.data) for HAL_RCC_CAN1_CLK_ENABLED
    can.o(i.HAL_CAN_MspInit) refers to rt_memclr_w.o(.text) for __aeabi_memclr4
    can.o(i.HAL_CAN_MspInit) refers to stm32f4xx_hal_gpio.o(i.HAL_GPIO_Init) for HAL_GPIO_Init
    can.o(i.HAL_CAN_MspInit) refers to stm32f4xx_hal_cortex.o(i.HAL_NVIC_SetPriority) for HAL_NVIC_SetPriority
    can.o(i.HAL_CAN_MspInit) refers to stm32f4xx_hal_cortex.o(i.HAL_NVIC_EnableIRQ) for HAL_NVIC_EnableIRQ
    can.o(i.HAL_CAN_MspInit) refers to can.o(.data) for HAL_RCC_CAN1_CLK_ENABLED
    can.o(i.MX_CAN1_Init) refers to stm32f4xx_hal_can.o(i.HAL_CAN_Init) for HAL_CAN_Init
    can.o(i.MX_CAN1_Init) refers to main.o(i.Error_Handler) for Error_Handler
    can.o(i.MX_CAN1_Init) refers to can.o(.bss) for hcan1
    can.o(i.MX_CAN2_Init) refers to stm32f4xx_hal_can.o(i.HAL_CAN_Init) for HAL_CAN_Init
    can.o(i.MX_CAN2_Init) refers to main.o(i.Error_Handler) for Error_Handler
    can.o(i.MX_CAN2_Init) refers to can.o(.bss) for hcan2
    dma.o(i.MX_DMA_Init) refers to stm32f4xx_hal_cortex.o(i.HAL_NVIC_SetPriority) for HAL_NVIC_SetPriority
    dma.o(i.MX_DMA_Init) refers to stm32f4xx_hal_cortex.o(i.HAL_NVIC_EnableIRQ) for HAL_NVIC_EnableIRQ
    spi.o(i.HAL_SPI_MspDeInit) refers to stm32f4xx_hal_gpio.o(i.HAL_GPIO_DeInit) for HAL_GPIO_DeInit
    spi.o(i.HAL_SPI_MspDeInit) refers to stm32f4xx_hal_dma.o(i.HAL_DMA_DeInit) for HAL_DMA_DeInit
    spi.o(i.HAL_SPI_MspInit) refers to rt_memclr_w.o(.text) for __aeabi_memclr4
    spi.o(i.HAL_SPI_MspInit) refers to stm32f4xx_hal_gpio.o(i.HAL_GPIO_Init) for HAL_GPIO_Init
    spi.o(i.HAL_SPI_MspInit) refers to stm32f4xx_hal_dma.o(i.HAL_DMA_Init) for HAL_DMA_Init
    spi.o(i.HAL_SPI_MspInit) refers to main.o(i.Error_Handler) for Error_Handler
    spi.o(i.HAL_SPI_MspInit) refers to spi.o(.bss) for hdma_spi1_rx
    spi.o(i.MX_SPI1_Init) refers to stm32f4xx_hal_spi.o(i.HAL_SPI_Init) for HAL_SPI_Init
[...]
    i.vPortFree                              0x08005fc4   Section        0  heap_4.o(i.vPortFree)
    i.vPortSetupTimerInterrupt               0x08006068   Section        0  port.o(i.vPortSetupTimerInterrupt)
    i.vTaskDelay                             0x08006090   Section        0  tasks.o(i.vTaskDelay)
    i.vTaskDelayUntil                        0x080060ec   Section        0  tasks.o(i.vTaskDelayUntil)
    i.vTaskDelete                            0x080061c0   Section        0  tasks.o(i.vTaskDelete)
    i.vTaskStartScheduler                    0x080062b4   Section        0  tasks.o(i.vTaskStartScheduler)
    i.vTaskSuspendAll                        0x08006364   Section        0  tasks.o(i.vTaskSuspendAll)
    i.vTaskSwitchContext                     0x08006374   Section        0  tasks.o(i.vTaskSwitchContext)
    i.xPortStartScheduler                    0x08006400   Section        0  port.o(i.xPortStartScheduler)
    i.xTaskCreate                            0x08006568   Section        0  tasks.o(i.xTaskCreate)
    i.xTaskCreateStatic                      0x080065cc   Section        0  tasks.o(i.xTaskCreateStatic)
    i.xTaskGetTickCount                      0x08006688   Section        0  tasks.o(i.xTaskGetTickCount)
    i.xTaskIncrementTick                     0x08006694   Section        0  tasks.o(i.xTaskIncrementTick)
    i.xTaskResumeAll                         0x080067dc   Section        0  tasks.o(i.xTaskResumeAll)
    x$fpl$fpinit                             0x080068e0   Section       10  fpinit.o(x$fpl$fpinit)
    $v0                                      0x080068e0   Number         0  fpinit.o(x$fpl$fpinit)
    .constdata                               0x080068ec   Section       56  freertos.o(.constdata)
    .constdata                               0x08006924   Section       56  init_task.o(.constdata)
    .constdata                               0x0800695c   Section     3604  maths.o(.constdata)
    .constdata                               0x08007770   Section        8  stm32f4xx_hal_dma.o(.constdata)
    flagBitshiftOffset                       0x08007770   Data           8  stm32f4xx_hal_dma.o(.constdata)
    .constdata                               0x08007778   Section       24  system_stm32f4xx.o(.constdata)
    .conststring                             0x08007790   Section       24  freertos.o(.conststring)
    .conststring                             0x080077a8   Section       26  init_task.o(.conststring)
    .data                                    0x20000000   Section        8  freertos.o(.data)
    .data                                    0x20000008   Section        4  can.o(.data)
    HAL_RCC_CAN1_CLK_ENABLED                 0x20000008   Data           4  can.o(.data)
    .data                                    0x2000000c   Section       16  init_task.o(.data)
    .data                                    0x2000001c   Section        4  task_safe.o(.data)
    currentTime                              0x2000001c   Data           4  task_safe.o(.data)
    .data                                    0x20000020   Section       30  chassis_behaviour.o(.data)
    rc_behaviour                             0x2000003c   Data           1  chassis_behaviour.o(.data)
    kb_behaviour                             0x2000003d   Data           1  chassis_behaviour.o(.data)
    .data                                    0x20000040   Section        6  bsp_dr16.o(.data)
    RCLostTime                               0x20000040   Data           4  bsp_dr16.o(.data)
    this_time_rx_len                         0x20000044   Data           2  bsp_dr16.o(.data)
    .data                                    0x20000048   Section        9  stm32f4xx_hal.o(.data)
    .data                                    0x20000054   Section        4  system_stm32f4xx.o(.data)
    .data                                    0x20000058   Section       60  tasks.o(.data)
    pxDelayedTaskList                        0x2000005c   Data           4  tasks.o(.data)
    pxOverflowDelayedTaskList                0x20000060   Data           4  tasks.o(.data)
    uxDeletedTasksWaitingCleanUp             0x20000064   Data           4  tasks.o(.data)
    uxCurrentNumberOfTasks                   0x20000068   Data           4  tasks.o(.data)
    xTickCount                               0x2000006c   Data           4  tasks.o(.data)
    uxTopReadyPriority                       0x20000070   Data           4  tasks.o(.data)
    xSchedulerRunning                        0x20000074   Data           4  tasks.o(.data)
    xPendedTicks                             0x20000078   Data           4  tasks.o(.data)
    xYieldPending                            0x2000007c   Data           4  tasks.o(.data)
    xNumOfOverflows                          0x20000080   Data           4  tasks.o(.data)
    uxTaskNumber                             0x20000084   Data           4  tasks.o(.data)
    xNextTaskUnblockTime                     0x20000088   Data           4  tasks.o(.data)
    xIdleTaskHandle                          0x2000008c   Data           4  tasks.o(.data)
    uxSchedulerSuspended                     0x20000090   Data           4  tasks.o(.data)
    .data                                    0x20000094   Section       32  heap_4.o(.data)
    xStart                                   0x20000094   Data           8  heap_4.o(.data)
    pxEnd                                    0x2000009c   Data           4  heap_4.o(.data)
    xFreeBytesRemaining                      0x200000a0   Data           4  heap_4.o(.data)
    xMinimumEverFreeBytesRemaining           0x200000a4   Data           4  heap_4.o(.data)
    xNumberOfSuccessfulAllocations           0x200000a8   Data           4  heap_4.o(.data)
    xNumberOfSuccessfulFrees                 0x200000ac   Data           4  heap_4.o(.data)
    xBlockAllocatedBit                       0x200000b0   Data           4  heap_4.o(.data)
    .data                                    0x200000b4   Section       12  port.o(.data)
    uxCriticalNesting                        0x200000b4   Data           4  port.o(.data)
    ucMaxSysCallPriority                     0x200000b8   Data           1  port.o(.data)
    ulMaxPRIGROUPValue                       0x200000bc   Data           4  port.o(.data)
    .bss                                     0x200000c0   Section      596  freertos.o(.bss)
    xIdleTaskTCBBuffer                       0x200000c0   Data          84  freertos.o(.bss)
    xIdleStack                               0x20000114   Data         512  freertos.o(.bss)
    .bss                                     0x20000314   Section       80  can.o(.bss)
    .bss                                     0x20000364   Section      280  spi.o(.bss)
    .bss                                     0x2000047c   Section       72  tim.o(.bss)
    .bss                                     0x200004c4   Section      424  usart.o(.bss)
    .bss                                     0x2000066c   Section       72  stm32f4xx_hal_timebase_tim.o(.bss)
    .bss                                     0x200006b4   Section       32  can1_receive.o(.bss)
    motor_chassis                            0x200006b4   Data          16  can1_receive.o(.bss)
    Supercap_receive                         0x200006c4   Data          16  can1_receive.o(.bss)
    .bss                                     0x200006d4   Section       24  can1_send.o(.bss)
    Txmessage                                0x200006d4   Data          24  can1_send.o(.bss)
    .bss                                     0x200006ec   Section     1688  chassis_task.o(.bss)
    .bss                                     0x20000d84   Section      540  bsp_motor_encoder.o(.bss)
    .bss                                     0x20000fa0   Section       96  bsp_dr16.o(.bss)
    rc_ctl                                   0x20000fa0   Data          24  bsp_dr16.o(.bss)
    .bss                                     0x20001000   Section      240  tasks.o(.bss)
    pxReadyTasksLists                        0x20001000   Data         140  tasks.o(.bss)
    xDelayedTaskList1                        0x2000108c   Data          20  tasks.o(.bss)
    xDelayedTaskList2                        0x200010a0   Data          20  tasks.o(.bss)
    xPendingReadyList                        0x200010b4   Data          20  tasks.o(.bss)
    xTasksWaitingTermination                 0x200010c8   Data          20  tasks.o(.bss)
    xSuspendedTaskList                       0x200010dc   Data          20  tasks.o(.bss)
    .bss                                     0x200010f0   Section    15360  heap_4.o(.bss)
    ucHeap                                   0x200010f0   Data       15360  heap_4.o(.bss)
    .bss                                     0x20004cf0   Section       96  libspace.o(.bss)
    HEAP                                     0x20004d50   Section     8192  startup_stm32f407xx.o(HEAP)
    Heap_Mem                                 0x20004d50   Data        8192  startup_stm32f407xx.o(HEAP)
    STACK                                    0x20006d50   Section     8192  startup_stm32f407xx.o(STACK)
    Stack_Mem                                0x20006d50   Data        8192  startup_stm32f407xx.o(STACK)
    __initial_sp                             0x20008d50   Data           0  startup_stm32f407xx.o(STACK)

    Global Symbols

    Symbol Name                              Value     Ov Type        Size  Object(Section)

    BuildAttributes$$THM_ISAv4$E$P$D$K$B$S$7EM$VFPi3$EXTD16$VFPS$VFMA$PE$A:L22UL41UL21$X:L11$S22US41US21$IEEE1$IW$USESV6$~STKCKD$USESV7$~SHL$OSPACE$ROPI$EBA8$UX$STANDARDLIB$REQ8$PRES8$EABIv2 0x00000000   Number         0  anon$$obj.o ABSOLUTE
    __ARM_use_no_argv                        0x00000000   Number         0  main.o ABSOLUTE
    __ARM_exceptions_init                     - Undefined Weak Reference
    __alloca_initialize                       - Undefined Weak Reference
    __arm_fini_                               - Undefined Weak Reference
    __arm_preinit_                            - Undefined Weak Reference
    __cpp_initialize__aeabi_                  - Undefined Weak Reference
    __cxa_finalize                            - Undefined Weak Reference
    __rt_locale                               - Undefined Weak Reference
    __sigvec_lookup                           - Undefined Weak Reference
    _atexit_init                              - Undefined Weak Reference
    _call_atexit_fns                          - Undefined Weak Reference
    _clock_init                               - Undefined Weak Reference
    _fp_trap_init                             - Undefined Weak Reference
    _fp_trap_shutdown                         - Undefined Weak Reference
    _get_lc_collate                           - Undefined Weak Reference
    _get_lc_ctype                             - Undefined Weak Reference
    _get_lc_monetary                          - Undefined Weak Reference
    _get_lc_numeric                           - Undefined Weak Reference
    _get_lc_time                              - Undefined Weak Reference
    _getenv_init                              - Undefined Weak Reference
    _handle_redirection                       - Undefined Weak Reference
    _init_alloc                               - Undefined Weak Reference
    _init_user_alloc                          - Undefined Weak Reference
    _initio                                   - Undefined Weak Reference
    _rand_init                                - Undefined Weak Reference
    _signal_finish                            - Undefined Weak Reference
    _signal_init                              - Undefined Weak Reference
    _terminate_alloc                          - Undefined Weak Reference
    _terminate_user_alloc                     - Undefined Weak Reference
    _terminateio                              - Undefined Weak Reference
    __Vectors_Size                           0x00000188   Number         0  startup_stm32f407xx.o ABSOLUTE
    __Vectors                                0x08000000   Data           4  startup_stm32f407xx.o(RESET)
    __Vectors_End                            0x08000188   Data           0  startup_stm32f407xx.o(RESET)
    __main                                   0x08000189   Thumb Code     8  __main.o(!!!main)
    __scatterload                            0x08000191   Thumb Code     0  __scatter.o(!!!scatter)
    __scatterload_rt2                        0x08000191   Thumb Code    44  __scatter.o(!!!scatter)
    __scatterload_rt2_thumb_only             0x08000191   Thumb Code     0  __scatter.o(!!!scatter)
    __scatterload_null                       0x0800019f   Thumb Code     0  __scatter.o(!!!scatter)
    __scatterload_copy                       0x080001c5   Thumb Code    26  __scatter_copy.o(!!handler_copy)
    __scatterload_zeroinit                   0x080001e1   Thumb Code    28  __scatter_zi.o(!!handler_zi)
    __rt_lib_init                            0x080001fd   Thumb Code     0  libinit.o(.ARM.Collect$$libinit$$00000000)
    __rt_lib_init_fp_1                       0x080001ff   Thumb Code     0  libinit2.o(.ARM.Collect$$libinit$$00000001)
    __rt_lib_init_alloca_1                   0x08000203   Thumb Code     0  libinit2.o(.ARM.Collect$$libinit$$0000002E)
    __rt_lib_init_argv_1                     0x08000203   Thumb Code     0  libinit2.o(.ARM.Collect$$libinit$$0000002C)
    __rt_lib_init_atexit_1                   0x08000203   Thumb Code     0  libinit2.o(.ARM.Collect$$libinit$$0000001B)
    __rt_lib_init_clock_1                    0x08000203   Thumb Code     0  libinit2.o(.ARM.Collect$$libinit$$00000021)
    __rt_lib_init_cpp_1                      0x08000203   Thumb Code     0  libinit2.o(.ARM.Collect$$libinit$$00000032)
    __rt_lib_init_exceptions_1               0x08000203   Thumb Code     0  libinit2.o(.ARM.Collect$$libinit$$00000030)
    __rt_lib_init_fp_trap_1                  0x08000203   Thumb Code     0  libinit2.o(.ARM.Collect$$libinit$$0000001F)
    __rt_lib_init_getenv_1                   0x08000203   Thumb Code     0  libinit2.o(.ARM.Collect$$libinit$$00000023)
    __rt_lib_init_heap_1                     0x08000203   Thumb Code     0  libinit2.o(.ARM.Collect$$libinit$$0000000A)
    __rt_lib_init_lc_collate_1               0x08000203   Thumb Code     0  libinit2.o(.ARM.Collect$$libinit$$00000011)
    __rt_lib_init_lc_ctype_1                 0x08000203   Thumb Code     0  libinit2.o(.ARM.Collect$$libinit$$00000013)
    __rt_lib_init_lc_monetary_1              0x08000203   Thumb Code     0  libinit2.o(.ARM.Collect$$libinit$$00000015)
    __rt_lib_init_lc_numeric_1               0x08000203   Thumb Code     0  libinit2.o(.ARM.Collect$$libinit$$00000017)
    __rt_lib_init_lc_time_1                  0x08000203   Thumb Code     0  libinit2.o(.ARM.Collect$$libinit$$00000019)
    __rt_lib_init_preinit_1                  0x08000203   Thumb Code     0  libinit2.o(.ARM.Collect$$libinit$$00000004)
    __rt_lib_init_rand_1                     0x08000203   Thumb Code     0  libinit2.o(.ARM.Collect$$libinit$$0000000E)
    __rt_lib_init_return                     0x08000203   Thumb Code     0  libinit2.o(.ARM.Collect$$libinit$$00000033)
    __rt_lib_init_signal_1                   0x08000203   Thumb Code     0  libinit2.o(.ARM.Collect$$libinit$$0000001D)
    __rt_lib_init_stdio_1                    0x08000203   Thumb Code     0  libinit2.o(.ARM.Collect$$libinit$$00000025)
    __rt_lib_init_user_alloc_1               0x08000203   Thumb Code     0  libinit2.o(.ARM.Collect$$libinit$$0000000C)
    __rt_lib_shutdown                        0x08000205   Thumb Code     0  libshutdown.o(.ARM.Collect$$libshutdown$$00000000)
    __rt_lib_shutdown_cpp_1                  0x08000207   Thumb Code     0  libshutdown2.o(.ARM.Collect$$libshutdown$$00000004)
    __rt_lib_shutdown_fini_1                 0x08000207   Thumb Code     0  libshutdown2.o(.ARM.Collect$$libshutdown$$00000002)
    __rt_lib_shutdown_fp_trap_1              0x08000207   Thumb Code     0  libshutdown2.o(.ARM.Collect$$libshutdown$$00000009)
    __rt_lib_shutdown_heap_1                 0x08000207   Thumb Code     0  libshutdown2.o(.ARM.Collect$$libshutdown$$00000011)
    __rt_lib_shutdown_return                 0x08000207   Thumb Code     0  libshutdown2.o(.ARM.Collect$$libshutdown$$00000012)
    __rt_lib_shutdown_signal_1               0x08000207   Thumb Code     0  libshutdown2.o(.ARM.Collect$$libshutdown$$0000000C)
    __rt_lib_shutdown_stdio_1                0x08000207   Thumb Code     0  libshutdown2.o(.ARM.Collect$$libshutdown$$00000006)
    __rt_lib_shutdown_user_alloc_1           0x08000207   Thumb Code     0  libshutdown2.o(.ARM.Collect$$libshutdown$$0000000E)
    __rt_entry                               0x08000209   Thumb Code     0  __rtentry.o(.ARM.Collect$$rtentry$$00000000)
    __rt_entry_presh_1                       0x08000209   Thumb Code     0  __rtentry2.o(.ARM.Collect$$rtentry$$00000002)
    __rt_entry_sh                            0x08000209   Thumb Code     0  __rtentry4.o(.ARM.Collect$$rtentry$$00000004)
    __rt_entry_li                            0x0800020f   Thumb Code     0  __rtentry2.o(.ARM.Collect$$rtentry$$0000000A)
    __rt_entry_postsh_1                      0x0800020f   Thumb Code     0  __rtentry2.o(.ARM.Collect$$rtentry$$00000009)
    __rt_entry_main                          0x08000213   Thumb Code     0  __rtentry2.o(.ARM.Collect$$rtentry$$0000000D)
    __rt_entry_postli_1                      0x08000213   Thumb Code     0  __rtentry2.o(.ARM.Collect$$rtentry$$0000000C)
    __rt_exit                                0x0800021b   Thumb Code     0  rtexit.o(.ARM.Collect$$rtexit$$00000000)
    __rt_exit_ls                             0x0800021d   Thumb Code     0  rtexit2.o(.ARM.Collect$$rtexit$$00000003)
    __rt_exit_prels_1                        0x0800021d   Thumb Code     0  rtexit2.o(.ARM.Collect$$rtexit$$00000002)
    __rt_exit_exit                           0x08000221   Thumb Code     0  rtexit2.o(.ARM.Collect$$rtexit$$00000004)
    SVC_Handler                              0x08000229   Thumb Code    28  port.o(.emb_text)
    __asm___6_port_c_39a90d8d__prvStartFirstTask 0x08000249   Thumb Code    36  port.o(.emb_text)
    __asm___6_port_c_39a90d8d__prvEnableVFP  0x08000271   Thumb Code    16  port.o(.emb_text)
    PendSV_Handler                           0x08000285   Thumb Code    88  port.o(.emb_text)
    vPortGetIPSR                             0x080002e1   Thumb Code     6  port.o(.emb_text)
    Reset_Handler                            0x080002e9   Thumb Code     8  startup_stm32f407xx.o(.text)
    ADC_IRQHandler                           0x08000303   Thumb Code     0  startup_stm32f407xx.o(.text)
    CAN1_RX1_IRQHandler                      0x08000303   Thumb Code     0  startup_stm32f407xx.o(.text)
    CAN1_SCE_IRQHandler                      0x08000303   Thumb Code     0  startup_stm32f407xx.o(.text)
    CAN1_TX_IRQHandler                       0x08000303   Thumb Code     0  startup_stm32f407xx.o(.text)
    CAN2_RX1_IRQHandler                      0x08000303   Thumb Code     0  startup_stm32f407xx.o(.text)
    CAN2_SCE_IRQHandler                      0x08000303   Thumb Code     0  startup_stm32f407xx.o(.text)
    CAN2_TX_IRQHandler                       0x08000303   Thumb Code     0  startup_stm32f407xx.o(.text)
    DCMI_IRQHandler                          0x08000303   Thumb Code     0  startup_stm32f407xx.o(.text)
    DMA1_Stream0_IRQHandler                  0x08000303   Thumb Code     0  startup_stm32f407xx.o(.text)
    DMA1_Stream2_IRQHandler                  0x08000303   Thumb Code     0  startup_stm32f407xx.o(.text)
    DMA1_Stream3_IRQHandler                  0x08000303   Thumb Code     0  startup_stm32f407xx.o(.text)
    DMA1_Stream4_IRQHandler                  0x08000303   Thumb Code     0  startup_stm32f407xx.o(.text)
    DMA1_Stream5_IRQHandler                  0x08000303   Thumb Code     0  startup_stm32f407xx.o(.text)
    DMA1_Stream6_IRQHandler                  0x08000303   Thumb Code     0  startup_stm32f407xx.o(.text)
    DMA1_Stream7_IRQHandler                  0x08000303   Thumb Code     0  startup_stm32f407xx.o(.text)
    DMA2_Stream2_IRQHandler                  0x08000303   Thumb Code     0  startup_stm32f407xx.o(.text)
    DMA2_Stream4_IRQHandler                  0x08000303   Thumb Code     0  startup_stm32f407xx.o(.text)
    DMA2_Stream5_IRQHandler                  0x08000303   Thumb Code     0  startup_stm32f407xx.o(.text)
    DMA2_Stream7_IRQHandler                  0x08000303   Thumb Code     0  startup_stm32f407xx.o(.text)
    ETH_IRQHandler                           0x08000303   Thumb Code     0  startup_stm32f407xx.o(.text)
    ETH_WKUP_IRQHandler                      0x08000303   Thumb Code     0  startup_stm32f407xx.o(.text)
    EXTI0_IRQHandler                         0x08000303   Thumb Code     0  startup_stm32f407xx.o(.text)
    EXTI15_10_IRQHandler                     0x08000303   Thumb Code     0  startup_stm32f407xx.o(.text)
    EXTI1_IRQHandler                         0x08000303   Thumb Code     0  startup_stm32f407xx.o(.text)
    EXTI2_IRQHandler                         0x08000303   Thumb Code     0  startup_stm32f407xx.o(.text)
    EXTI3_IRQHandler                         0x08000303   Thumb Code     0  startup_stm32f407xx.o(.text)
    FLASH_IRQHandler                         0x08000303   Thumb Code     0  startup_stm32f407xx.o(.text)
    FMC_IRQHandler                           0x08000303   Thumb Code     0  startup_stm32f407xx.o(.text)
    FPU_IRQHandler                           0x08000303   Thumb Code     0  startup_stm32f407xx.o(.text)
    HASH_RNG_IRQHandler                      0x08000303   Thumb Code     0  startup_stm32f407xx.o(.text)
    I2C1_ER_IRQHandler                       0x08000303   Thumb Code     0  startup_stm32f407xx.o(.text)
    I2C1_EV_IRQHandler                       0x08000303   Thumb Code     0  startup_stm32f407xx.o(.text)
    I2C2_ER_IRQHandler                       0x08000303   Thumb Code     0  startup_stm32f407xx.o(.text)
    I2C2_EV_IRQHandler                       0x08000303   Thumb Code     0  startup_stm32f407xx.o(.text)
    I2C3_ER_IRQHandler                       0x08000303   Thumb Code     0  startup_stm32f407xx.o(.text)
    I2C3_EV_IRQHandler                       0x08000303   Thumb Code     0  startup_stm32f407xx.o(.text)
    OTG_FS_IRQHandler                        0x08000303   Thumb Code     0  startup_stm32f407xx.o(.text)
    OTG_FS_WKUP_IRQHandler                   0x08000303   Thumb Code     0  startup_stm32f407xx.o(.text)
    OTG_HS_EP1_IN_IRQHandler                 0x08000303   Thumb Code     0  startup_stm32f407xx.o(.text)
    OTG_HS_EP1_OUT_IRQHandler                0x08000303   Thumb Code     0  startup_stm32f407xx.o(.text)
    OTG_HS_IRQHandler                        0x08000303   Thumb Code     0  startup_stm32f407xx.o(.text)
    OTG_HS_WKUP_IRQHandler                   0x08000303   Thumb Code     0  startup_stm32f407xx.o(.text)
    PVD_IRQHandler                           0x08000303   Thumb Code     0  startup_stm32f407xx.o(.text)
    RCC_IRQHandler                           0x08000303   Thumb Code     0  startup_stm32f407xx.o(.text)
    RTC_Alarm_IRQHandler                     0x08000303   Thumb Code     0  startup_stm32f407xx.o(.text)
    RTC_WKUP_IRQHandler                      0x08000303   Thumb Code     0  startup_stm32f407xx.o(.text)
    SDIO_IRQHandler                          0x08000303   Thumb Code     0  startup_stm32f407xx.o(.text)
    SPI1_IRQHandler                          0x08000303   Thumb Code     0  startup_stm32f407xx.o(.text)
    SPI2_IRQHandler                          0x08000303   Thumb Code     0  startup_stm32f407xx.o(.text)
    SPI3_IRQHandler                          0x08000303   Thumb Code     0  startup_stm32f407xx.o(.text)
    TAMP_STAMP_IRQHandler                    0x08000303   Thumb Code     0  startup_stm32f407xx.o(.text)
    TIM1_BRK_TIM9_IRQHandler                 0x08000303   Thumb Code     0  startup_stm32f407xx.o(.text)
    TIM1_CC_IRQHandler                       0x08000303   Thumb Code     0  startup_stm32f407xx.o(.text)
    TIM1_TRG_COM_TIM11_IRQHandler            0x08000303   Thumb Code     0  startup_stm32f407xx.o(.text)
    TIM2_IRQHandler                          0x08000303   Thumb Code     0  startup_stm32f407xx.o(.text)
    TIM3_IRQHandler                          0x08000303   Thumb Code     0  startup_stm32f407xx.o(.text)
    TIM4_IRQHandler                          0x08000303   Thumb Code     0  startup_stm32f407xx.o(.text)
    TIM5_IRQHandler                          0x08000303   Thumb Code     0  startup_stm32f407xx.o(.text)
    TIM6_DAC_IRQHandler                      0x08000303   Thumb Code     0  startup_stm32f407xx.o(.text)
    TIM7_IRQHandler                          0x08000303   Thumb Code     0  startup_stm32f407xx.o(.text)
    TIM8_BRK_TIM12_IRQHandler                0x08000303   Thumb Code     0  startup_stm32f407xx.o(.text)
    TIM8_CC_IRQHandler                       0x08000303   Thumb Code     0  startup_stm32f407xx.o(.text)
    TIM8_TRG_COM_TIM14_IRQHandler            0x08000303   Thumb Code     0  startup_stm32f407xx.o(.text)
    TIM8_UP_TIM13_IRQHandler                 0x08000303   Thumb Code     0  startup_stm32f407xx.o(.text)
    UART4_IRQHandler                         0x08000303   Thumb Code     0  startup_stm32f407xx.o(.text)
    UART5_IRQHandler                         0x08000303   Thumb Code     0  startup_stm32f407xx.o(.text)
    USART1_IRQHandler                        0x08000303   Thumb Code     0  startup_stm32f407xx.o(.text)
    USART2_IRQHandler                        0x08000303   Thumb Code     0  startup_stm32f407xx.o(.text)
    WWDG_IRQHandler                          0x08000303   Thumb Code     0  startup_stm32f407xx.o(.text)
    __user_initial_stackheap                 0x08000305   Thumb Code     0  startup_stm32f407xx.o(.text)
    __aeabi_uldivmod                         0x08000329   Thumb Code     0  lludivv7m.o(.text)
    _ll_udiv                                 0x08000329   Thumb Code   238  lludivv7m.o(.text)
    __aeabi_memcpy4                          0x08000417   Thumb Code     0  rt_memcpy_w.o(.text)
    __aeabi_memcpy8                          0x08000417   Thumb Code     0  rt_memcpy_w.o(.text)
    __rt_memcpy_w                            0x08000417   Thumb Code   100  rt_memcpy_w.o(.text)
    _memcpy_lastbytes_aligned                0x0800045f   Thumb Code     0  rt_memcpy_w.o(.text)
    __aeabi_memclr                           0x0800047b   Thumb Code     0  rt_memclr.o(.text)
    __rt_memclr                              0x0800047b   Thumb Code    68  rt_memclr.o(.text)
    _memset                                  0x0800047f   Thumb Code     0  rt_memclr.o(.text)
    __aeabi_memclr4                          0x080004bf   Thumb Code     0  rt_memclr_w.o(.text)
    __aeabi_memclr8                          0x080004bf   Thumb Code     0  rt_memclr_w.o(.text)
    __rt_memclr_w                            0x080004bf   Thumb Code    78  rt_memclr_w.o(.text)
    _memset_w                                0x080004c3   Thumb Code     0  rt_memclr_w.o(.text)
    __use_two_region_memory                  0x0800050d   Thumb Code     2  heapauxi.o(.text)
    __rt_heap_escrow$2region                 0x0800050f   Thumb Code     2  heapauxi.o(.text)
    __rt_heap_expand$2region                 0x08000511   Thumb Code     2  heapauxi.o(.text)
    __user_setup_stackheap                   0x08000513   Thumb Code    74  sys_stackheap_outer.o(.text)
    exit                                     0x0800055d   Thumb Code    18  exit.o(.text)
    __user_libspace                          0x08000571   Thumb Code     8  libspace.o(.text)
    __user_perproc_libspace                  0x08000571   Thumb Code     0  libspace.o(.text)
    __user_perthread_libspace                0x08000571   Thumb Code     0  libspace.o(.text)
    _sys_exit                                0x08000579   Thumb Code     8  sys_exit.o(.text)
    __I$use$semihosting                      0x08000585   Thumb Code     0  use_no_semi.o(.text)
    __use_no_semihosting_swi                 0x08000585   Thumb Code     2  use_no_semi.o(.text)
    Block_Detect                             0x08000587   Thumb Code    88  bsp_motor_encoder.o(i.Block_Detect)
    __semihosting_library_function           0x08000587   Thumb Code     0  indicate_semi.o(.text)
    BusFault_Handler                         0x080005df   Thumb Code     4  stm32f4xx_it.o(i.BusFault_Handler)
    CAN1_RX0_IRQHandler                      0x080005e5   Thumb Code    10  stm32f4xx_it.o(i.CAN1_RX0_IRQHandler)
    CAN1_filter_config                       0x080005f5   Thumb Code    56  can1_receive.o(i.CAN1_filter_config)
    CAN2_RX0_IRQHandler                      0x08000631   Thumb Code    10  stm32f4xx_it.o(i.CAN2_RX0_IRQHandler)
    CAN2_filter_config                       0x08000641   Thumb Code    62  can2_receive.o(i.CAN2_filter_config)
    CAN_DATA_Encoder_Deal                    0x08000685   Thumb Code   216  bsp_motor_encoder.o(i.CAN_DATA_Encoder_Deal)
    DMA1_Stream1_IRQHandler                  0x08000aad   Thumb Code    10  stm32f4xx_it.o(i.DMA1_Stream1_IRQHandler)
    DMA2_Stream0_IRQHandler                  0x08000abd   Thumb Code    10  stm32f4xx_it.o(i.DMA2_Stream0_IRQHandler)
    DMA2_Stream1_IRQHandler                  0x08000acd   Thumb Code    10  stm32f4xx_it.o(i.DMA2_Stream1_IRQHandler)
    DMA2_Stream3_IRQHandler                  0x08000add   Thumb Code    10  stm32f4xx_it.o(i.DMA2_Stream3_IRQHandler)
    DMA2_Stream6_IRQHandler                  0x08000aed   Thumb Code    10  stm32f4xx_it.o(i.DMA2_Stream6_IRQHandler)
    DebugMon_Handler                         0x08000bdb   Thumb Code     2  stm32f4xx_it.o(i.DebugMon_Handler)
    ECF_RC_Init                              0x08000bdd   Thumb Code    18  bsp_dr16.o(i.ECF_RC_Init)
    ECF_RC_UART_Handler                      0x08000bf9   Thumb Code    10  bsp_dr16.o(i.ECF_RC_UART_Handler)
    EXTI4_IRQHandler                         0x08000c09   Thumb Code    10  stm32f4xx_it.o(i.EXTI4_IRQHandler)
    EXTI9_5_IRQHandler                       0x08000c13   Thumb Code    10  stm32f4xx_it.o(i.EXTI9_5_IRQHandler)
    EncoderValZero                           0x08000c1d   Thumb Code    28  bsp_motor_encoder.o(i.EncoderValZero)
    Encoder_Init                             0x08000c3d   Thumb Code   118  bsp_motor_encoder.o(i.Encoder_Init)
    Encoder_Struct_Zero                      0x08000cb9   Thumb Code    14  bsp_motor_encoder.o(i.Encoder_Struct_Zero)
    Error_Handler                            0x08000cc7   Thumb Code     6  main.o(i.Error_Handler)
    HAL_CAN_ActivateNotification             0x08000ccd   Thumb Code    42  stm32f4xx_hal_can.o(i.HAL_CAN_ActivateNotification)
    HAL_CAN_AddTxMessage                     0x08000cf7   Thumb Code   342  stm32f4xx_hal_can.o(i.HAL_CAN_AddTxMessage)
    HAL_CAN_ConfigFilter                     0x08000e4d   Thumb Code   286  stm32f4xx_hal_can.o(i.HAL_CAN_ConfigFilter)
    HAL_CAN_ErrorCallback                    0x08000f71   Thumb Code     2  stm32f4xx_hal_can.o(i.HAL_CAN_ErrorCallback)
    HAL_CAN_GetRxMessage                     0x08000f73   Thumb Code   378  stm32f4xx_hal_can.o(i.HAL_CAN_GetRxMessage)
    HAL_CAN_IRQHandler                       0x080010ed   Thumb Code   590  stm32f4xx_hal_can.o(i.HAL_CAN_IRQHandler)
    HAL_CAN_Init                             0x0800133b   Thumb Code   372  stm32f4xx_hal_can.o(i.HAL_CAN_Init)
    HAL_CAN_MspInit                          0x080014b1   Thumb Code   328  can.o(i.HAL_CAN_MspInit)
    HAL_CAN_RxFifo0FullCallback              0x08001611   Thumb Code     2  stm32f4xx_hal_can.o(i.HAL_CAN_RxFifo0FullCallback)
    HAL_CAN_RxFifo0MsgPendingCallback        0x08001615   Thumb Code    30  can1_receive.o(i.HAL_CAN_RxFifo0MsgPendingCallback)
    HAL_CAN_RxFifo1FullCallback              0x0800163d   Thumb Code     2  stm32f4xx_hal_can.o(i.HAL_CAN_RxFifo1FullCallback)
    HAL_CAN_RxFifo1MsgPendingCallback        0x0800163f   Thumb Code     2  stm32f4xx_hal_can.o(i.HAL_CAN_RxFifo1MsgPendingCallback)
    HAL_CAN_SleepCallback                    0x08001641   Thumb Code     2  stm32f4xx_hal_can.o(i.HAL_CAN_SleepCallback)
    HAL_CAN_Start                            0x08001643   Thumb Code    94  stm32f4xx_hal_can.o(i.HAL_CAN_Start)
    HAL_CAN_TxMailbox0AbortCallback          0x080016a1   Thumb Code     2  stm32f4xx_hal_can.o(i.HAL_CAN_TxMailbox0AbortCallback)
    HAL_CAN_TxMailbox0CompleteCallback       0x080016a3   Thumb Code     2  stm32f4xx_hal_can.o(i.HAL_CAN_TxMailbox0CompleteCallback)
    HAL_CAN_TxMailbox1AbortCallback          0x080016a5   Thumb Code     2  stm32f4xx_hal_can.o(i.HAL_CAN_TxMailbox1AbortCallback)
    HAL_CAN_TxMailbox1CompleteCallback       0x080016a7   Thumb Code     2  stm32f4xx_hal_can.o(i.HAL_CAN_TxMailbox1CompleteCallback)
    HAL_CAN_TxMailbox2AbortCallback          0x080016a9   Thumb Code     2  stm32f4xx_hal_can.o(i.HAL_CAN_TxMailbox2AbortCallback)
    HAL_CAN_TxMailbox2CompleteCallback       0x080016ab   Thumb Code     2  stm32f4xx_hal_can.o(i.HAL_CAN_TxMailbox2CompleteCallback)
    HAL_CAN_WakeUpFromRxMsgCallback          0x080016ad   Thumb Code     2  stm32f4xx_hal_can.o(i.HAL_CAN_WakeUpFromRxMsgCallback)
    HAL_DMA_Abort                            0x080016af   Thumb Code   172  stm32f4xx_hal_dma.o(i.HAL_DMA_Abort)
    HAL_DMA_Abort_IT                         0x0800175b   Thumb Code    40  stm32f4xx_hal_dma.o(i.HAL_DMA_Abort_IT)
    HAL_DMA_IRQHandler                       0x08001785   Thumb Code   570  stm32f4xx_hal_dma.o(i.HAL_DMA_IRQHandler)
    HAL_DMA_Init                             0x080019c5   Thumb Code   232  stm32f4xx_hal_dma.o(i.HAL_DMA_Init)
    HAL_GPIO_EXTI_Callback                   0x08001ab1   Thumb Code     2  stm32f4xx_hal_gpio.o(i.HAL_GPIO_EXTI_Callback)
    HAL_GPIO_EXTI_IRQHandler                 0x08001ab5   Thumb Code    24  stm32f4xx_hal_gpio.o(i.HAL_GPIO_EXTI_IRQHandler)
    HAL_GPIO_Init                            0x08001ad1   Thumb Code   454  stm32f4xx_hal_gpio.o(i.HAL_GPIO_Init)
    HAL_GPIO_WritePin                        0x08001cc5   Thumb Code    12  stm32f4xx_hal_gpio.o(i.HAL_GPIO_WritePin)
    HAL_GetTick                              0x08001cd1   Thumb Code     6  stm32f4xx_hal.o(i.HAL_GetTick)
    HAL_IncTick                              0x08001cdd   Thumb Code    16  stm32f4xx_hal.o(i.HAL_IncTick)
    HAL_Init                                 0x08001cf5   Thumb Code    54  stm32f4xx_hal.o(i.HAL_Init)
    HAL_InitTick                             0x08001d31   Thumb Code   140  stm32f4xx_hal_timebase_tim.o(i.HAL_InitTick)
    HAL_MspInit                              0x08001dd1   Thumb Code    78  stm32f4xx_hal_msp.o(i.HAL_MspInit)
    HAL_NVIC_EnableIRQ                       0x08001e25   Thumb Code    32  stm32f4xx_hal_cortex.o(i.HAL_NVIC_EnableIRQ)
    HAL_NVIC_SetPriority                     0x08001e45   Thumb Code   124  stm32f4xx_hal_cortex.o(i.HAL_NVIC_SetPriority)
    HAL_NVIC_SetPriorityGrouping             0x08001ec1   Thumb Code    32  stm32f4xx_hal_cortex.o(i.HAL_NVIC_SetPriorityGrouping)
    HAL_RCC_ClockConfig                      0x08001ee9   Thumb Code   368  stm32f4xx_hal_rcc.o(i.HAL_RCC_ClockConfig)
    HAL_RCC_GetClockConfig                   0x0800206d   Thumb Code    58  stm32f4xx_hal_rcc.o(i.HAL_RCC_GetClockConfig)
    HAL_RCC_GetHCLKFreq                      0x080020b1   Thumb Code     6  stm32f4xx_hal_rcc.o(i.HAL_RCC_GetHCLKFreq)
    HAL_RCC_GetPCLK1Freq                     0x080020bd   Thumb Code    22  stm32f4xx_hal_rcc.o(i.HAL_RCC_GetPCLK1Freq)
    HAL_RCC_GetPCLK2Freq                     0x080020dd   Thumb Code    22  stm32f4xx_hal_rcc.o(i.HAL_RCC_GetPCLK2Freq)
    HAL_RCC_GetSysClockFreq                  0x080020fd   Thumb Code   162  stm32f4xx_hal_rcc.o(i.HAL_RCC_GetSysClockFreq)
    HAL_RCC_OscConfig                        0x080021ad   Thumb Code  1172  stm32f4xx_hal_rcc.o(i.HAL_RCC_OscConfig)
    HAL_SPI_Init                             0x08002649   Thumb Code   200  stm32f4xx_hal_spi.o(i.HAL_SPI_Init)
    HAL_SPI_MspInit                          0x08002711   Thumb Code   316  spi.o(i.HAL_SPI_MspInit)
    HAL_TIMEx_BreakCallback                  0x08002869   Thumb Code     2  stm32f4xx_hal_tim_ex.o(i.HAL_TIMEx_BreakCallback)
    HAL_TIMEx_CommutCallback                 0x0800286b   Thumb Code     2  stm32f4xx_hal_tim_ex.o(i.HAL_TIMEx_CommutCallback)
    HAL_TIM_Base_Init                        0x0800286d   Thumb Code   102  stm32f4xx_hal_tim.o(i.HAL_TIM_Base_Init)
    HAL_TIM_Base_MspInit                     0x080028d5   Thumb Code    62  tim.o(i.HAL_TIM_Base_MspInit)
    HAL_TIM_Base_Start_IT                    0x0800291d   Thumb Code   138  stm32f4xx_hal_tim.o(i.HAL_TIM_Base_Start_IT)
    HAL_TIM_IC_CaptureCallback               0x080029c5   Thumb Code     2  stm32f4xx_hal_tim.o(i.HAL_TIM_IC_CaptureCallback)
    HAL_TIM_IRQHandler                       0x080029c7   Thumb Code   406  stm32f4xx_hal_tim.o(i.HAL_TIM_IRQHandler)
    HAL_TIM_MspPostInit                      0x08002b5d   Thumb Code    86  tim.o(i.HAL_TIM_MspPostInit)
    HAL_TIM_OC_DelayElapsedCallback          0x08002bc1   Thumb Code     2  stm32f4xx_hal_tim.o(i.HAL_TIM_OC_DelayElapsedCallback)
    HAL_TIM_PWM_ConfigChannel                0x08002bc3   Thumb Code   260  stm32f4xx_hal_tim.o(i.HAL_TIM_PWM_ConfigChannel)
    HAL_TIM_PWM_Init                         0x08002cc7   Thumb Code   102  stm32f4xx_hal_tim.o(i.HAL_TIM_PWM_Init)
    HAL_TIM_PWM_MspInit                      0x08002d2d   Thumb Code     2  stm32f4xx_hal_tim.o(i.HAL_TIM_PWM_MspInit)
    HAL_TIM_PWM_PulseFinishedCallback        0x08002d2f   Thumb Code     2  stm32f4xx_hal_tim.o(i.HAL_TIM_PWM_PulseFinishedCallback)
    HAL_TIM_PeriodElapsedCallback            0x08002d31   Thumb Code    18  main.o(i.HAL_TIM_PeriodElapsedCallback)
    HAL_TIM_TriggerCallback                  0x08002d49   Thumb Code     2  stm32f4xx_hal_tim.o(i.HAL_TIM_TriggerCallback)
    HAL_UARTEx_RxEventCallback               0x08002d4b   Thumb Code     2  stm32f4xx_hal_uart.o(i.HAL_UARTEx_RxEventCallback)
    HAL_UART_ErrorCallback                   0x08002d4d   Thumb Code     2  stm32f4xx_hal_uart.o(i.HAL_UART_ErrorCallback)
    HAL_UART_IRQHandler                      0x08002d51   Thumb Code   732  stm32f4xx_hal_uart.o(i.HAL_UART_IRQHandler)
    HAL_UART_Init                            0x08003031   Thumb Code   114  stm32f4xx_hal_uart.o(i.HAL_UART_Init)
    HAL_UART_MspInit                         0x080030a5   Thumb Code   460  usart.o(i.HAL_UART_MspInit)
    HAL_UART_RxCpltCallback                  0x08003299   Thumb Code     2  stm32f4xx_hal_uart.o(i.HAL_UART_RxCpltCallback)
    HAL_UART_TxCpltCallback                  0x0800329b   Thumb Code     2  stm32f4xx_hal_uart.o(i.HAL_UART_TxCpltCallback)
    HardFault_Handler                        0x0800329d   Thumb Code     4  stm32f4xx_it.o(i.HardFault_Handler)
    Init_Task                                0x080032a1   Thumb Code    84  init_task.o(i.Init_Task)
    MX_CAN1_Init                             0x08003305   Thumb Code    62  can.o(i.MX_CAN1_Init)
    MX_CAN2_Init                             0x0800334d   Thumb Code    62  can.o(i.MX_CAN2_Init)
    MX_DMA_Init                              0x08003395   Thumb Code   146  dma.o(i.MX_DMA_Init)
    MX_FREERTOS_Init                         0x0800342d   Thumb Code    54  freertos.o(i.MX_FREERTOS_Init)
    MX_GPIO_Init                             0x08003471   Thumb Code   408  gpio.o(i.MX_GPIO_Init)
    MX_SPI1_Init                             0x08003619   Thumb Code    62  spi.o(i.MX_SPI1_Init)
    MX_TIM10_Init                            0x08003661   Thumb Code   102  tim.o(i.MX_TIM10_Init)
    MX_USART3_UART_Init                      0x080036d1   Thumb Code    48  usart.o(i.MX_USART3_UART_Init)
    MX_USART6_UART_Init                      0x0800370d   Thumb Code    46  usart.o(i.MX_USART6_UART_Init)
    MemManage_Handler                        0x08003745   Thumb Code     4  stm32f4xx_it.o(i.MemManage_Handler)
    NMI_Handler                              0x08003749   Thumb Code     4  stm32f4xx_it.o(i.NMI_Handler)
    PidCalculate                             0x0800374d   Thumb Code   440  pid.o(i.PidCalculate)
    PidInit                                  0x08003905   Thumb Code    62  pid.o(i.PidInit)
    PidInitMode                              0x08003943   Thumb Code   138  pid.o(i.PidInitMode)
    RC_DataProcess                           0x080039cd   Thumb Code   262  bsp_dr16.o(i.RC_DataProcess)
    RC_Get_RC_Pointer                        0x08003ad5   Thumb Code     4  bsp_dr16.o(i.RC_Get_RC_Pointer)
    RC_Init                                  0x08003add   Thumb Code   136  bsp_dr16.o(i.RC_Init)
    RC_UART_IRQHandler                       0x08003b65   Thumb Code   260  bsp_dr16.o(i.RC_UART_IRQHandler)
    Safe_Task                                0x08003c75   Thumb Code    20  task_safe.o(i.Safe_Task)
    StartDefaultTask                         0x08003c8d   Thumb Code    10  freertos.o(i.StartDefaultTask)
    SysTick_Handler                          0x08003c99   Thumb Code    46  port.o(i.SysTick_Handler)
    SystemClock_Config                       0x08003ccd   Thumb Code   170  main.o(i.SystemClock_Config)
    SystemInit                               0x08003d81   Thumb Code    14  system_stm32f4xx.o(i.SystemInit)
    TIM1_UP_TIM10_IRQHandler                 0x08003d95   Thumb Code    16  stm32f4xx_it.o(i.TIM1_UP_TIM10_IRQHandler)
    TIM_Base_SetConfig                       0x08003dad   Thumb Code   170  stm32f4xx_hal_tim.o(i.TIM_Base_SetConfig)
    TIM_OC2_SetConfig                        0x08003ef5   Thumb Code   114  stm32f4xx_hal_tim.o(i.TIM_OC2_SetConfig)
    Task_Chassis                             0x0800403d   Thumb Code    68  chassis_task.o(i.Task_Chassis)
    USART3_IRQHandler                        0x080044a9   Thumb Code    14  stm32f4xx_it.o(i.USART3_IRQHandler)
    USART6_IRQHandler                        0x080044bd   Thumb Code    10  stm32f4xx_it.o(i.USART6_IRQHandler)
    UsageFault_Handler                       0x080044cd   Thumb Code     4  stm32f4xx_it.o(i.UsageFault_Handler)
    angle_limiting_int16                     0x08004509   Thumb Code    36  bsp_motor_encoder.o(i.angle_limiting_int16)
    can1_chassis_setmsg                      0x0800452d   Thumb Code    88  can1_send.o(i.can1_chassis_setmsg)
    chassis_behaviour_choose                 0x0800458d   Thumb Code   152  chassis_behaviour.o(i.chassis_behaviour_choose)
    chassis_behaviour_react                  0x0800462d   Thumb Code   338  chassis_behaviour.o(i.chassis_behaviour_react)
    chassis_can1_callback                    0x08004795   Thumb Code   384  can1_receive.o(i.chassis_can1_callback)
    chassis_can2_callback                    0x08004925   Thumb Code    28  can2_receive.o(i.chassis_can2_callback)
    chassis_motion_decomposition             0x08004945   Thumb Code   178  chassis_behaviour.o(i.chassis_motion_decomposition)
    chassis_speed_pid_calculate              0x08004c55   Thumb Code    82  chassis_behaviour.o(i.chassis_speed_pid_calculate)
    chassis_state_choose                     0x08004cc5   Thumb Code   270  chassis_behaviour.o(i.chassis_state_choose)
    cos_calculate                            0x08004e31   Thumb Code   256  maths.o(i.cos_calculate)
    f_CHASSIS_BATTERY                        0x08004f41   Thumb Code    32  chassis_behaviour.o(i.f_CHASSIS_BATTERY)
    f_CHASSIS_FOLLOW                         0x08004f71   Thumb Code    16  chassis_behaviour.o(i.f_CHASSIS_FOLLOW)
    f_CHASSIS_NO_FOLLOW                      0x08004f85   Thumb Code   150  chassis_behaviour.o(i.f_CHASSIS_NO_FOLLOW)
    f_CHASSIS_ROTATION                       0x0800502d   Thumb Code   150  chassis_behaviour.o(i.f_CHASSIS_ROTATION)
    get_chassis_behaviour_point              0x08005321   Thumb Code     4  chassis_behaviour.o(i.get_chassis_behaviour_point)
    get_chassis_motor_measure_point          0x08005329   Thumb Code    14  can1_receive.o(i.get_chassis_motor_measure_point)
    get_supercap_control_point               0x0800533d   Thumb Code     4  can1_receive.o(i.get_supercap_control_point)
    main                                     0x08005345   Thumb Code    52  main.o(i.main)
    motor_position_speed_control             0x08005387   Thumb Code    74  pid.o(i.motor_position_speed_control)
    motor_speed_control                      0x080054d5   Thumb Code    46  pid.o(i.motor_speed_control)
    osDelay                                  0x080055c1   Thumb Code    24  cmsis_os.o(i.osDelay)
    osKernelStart                            0x080055d9   Thumb Code    10  cmsis_os.o(i.osKernelStart)
    osThreadCreate                           0x080055e3   Thumb Code    94  cmsis_os.o(i.osThreadCreate)
    pid_clear                                0x08005641   Thumb Code    74  pid.o(i.pid_clear)
    pvPortMalloc                             0x08005b11   Thumb Code   306  heap_4.o(i.pvPortMalloc)
    pxPortInitialiseStack                    0x08005c5d   Thumb Code    38  port.o(i.pxPortInitialiseStack)
    rc_deadline_limit                        0x08005c89   Thumb Code    20  bsp_dr16.o(i.rc_deadline_limit)
    rc_lost_time_refresh                     0x08005c9d   Thumb Code    14  bsp_dr16.o(i.rc_lost_time_refresh)
    sin_calculate                            0x08005cb1   Thumb Code   444  maths.o(i.sin_calculate)
    uxListRemove                             0x08005e89   Thumb Code    40  list.o(i.uxListRemove)
    vApplicationGetIdleTaskMemory            0x08005eb1   Thumb Code    14  freertos.o(i.vApplicationGetIdleTaskMemory)
    vListInitialise                          0x08005ec9   Thumb Code    26  list.o(i.vListInitialise)
    vListInitialiseItem                      0x08005ee3   Thumb Code     6  list.o(i.vListInitialiseItem)
    vListInsert                              0x08005ee9   Thumb Code    52  list.o(i.vListInsert)
    vListInsertEnd                           0x08005f1d   Thumb Code    24  list.o(i.vListInsertEnd)
    vPortEnterCritical                       0x08005f35   Thumb Code    76  port.o(i.vPortEnterCritical)
    vPortExitCritical                        0x08005f89   Thumb Code    56  port.o(i.vPortExitCritical)
    vPortFree                                0x08005fc5   Thumb Code   150  heap_4.o(i.vPortFree)
    vPortSetupTimerInterrupt                 0x08006069   Thumb Code    36  port.o(i.vPortSetupTimerInterrupt)
    vTaskDelay                               0x08006091   Thumb Code    82  tasks.o(i.vTaskDelay)
    vTaskDelayUntil                          0x080060ed   Thumb Code   200  tasks.o(i.vTaskDelayUntil)
    vTaskDelete                              0x080061c1   Thumb Code   202  tasks.o(i.vTaskDelete)
    vTaskStartScheduler                      0x080062b5   Thumb Code   146  tasks.o(i.vTaskStartScheduler)
    vTaskSuspendAll                          0x08006365   Thumb Code    12  tasks.o(i.vTaskSuspendAll)
    vTaskSwitchContext                       0x08006375   Thumb Code   118  tasks.o(i.vTaskSwitchContext)
    xPortStartScheduler                      0x08006401   Thumb Code   330  port.o(i.xPortStartScheduler)
    xTaskCreate                              0x08006569   Thumb Code   100  tasks.o(i.xTaskCreate)
    xTaskCreateStatic                        0x080065cd   Thumb Code   186  tasks.o(i.xTaskCreateStatic)
    xTaskGetTickCount                        0x08006689   Thumb Code     6  tasks.o(i.xTaskGetTickCount)
    xTaskIncrementTick                       0x08006695   Thumb Code   282  tasks.o(i.xTaskIncrementTick)
    xTaskResumeAll                           0x080067dd   Thumb Code   224  tasks.o(i.xTaskResumeAll)
    _fp_init                                 0x080068e1   Thumb Code    10  fpinit.o(x$fpl$fpinit)
    __fplib_config_fpu_vfp                   0x080068e9   Thumb Code     0  fpinit.o(x$fpl$fpinit)
    __fplib_config_pureend_doubles           0x080068e9   Thumb Code     0  fpinit.o(x$fpl$fpinit)
    Trigonometric_Functions                  0x0800695c   Data        3604  maths.o(.constdata)
    AHBPrescTable                            0x08007778   Data          16  system_stm32f4xx.o(.constdata)
    APBPrescTable                            0x08007788   Data           8  system_stm32f4xx.o(.constdata)
    Region$$Table$$Base                      0x080077c4   Number         0  anon$$obj.o(Region$$Table)
    Region$$Table$$Limit                     0x080077e4   Number         0  anon$$obj.o(Region$$Table)
    defaultTaskHandle                        0x20000000   Data           4  freertos.o(.data)
    Init_TASKHandle                          0x20000004   Data           4  freertos.o(.data)
    Safe_TASKHandle                          0x2000000c   Data           4  init_task.o(.data)
    UI_TASKHandle                            0x20000010   Data           4  init_task.o(.data)
    TASK_CHASSISHandle                       0x20000014   Data           4  init_task.o(.data)
    ShootTask_Handler                        0x20000018   Data           4  init_task.o(.data)
    Chassis_Behaviour                        0x20000020   Data           1  chassis_behaviour.o(.data)
    Chassis_x                                0x20000024   Data           4  chassis_behaviour.o(.data)
    Chassis_y                                0x20000028   Data           4  chassis_behaviour.o(.data)
    Chassis_yaw                              0x2000002c   Data           4  chassis_behaviour.o(.data)
    Chassis_x_pid_output                     0x20000030   Data           4  chassis_behaviour.o(.data)
    Chassis_y_pid_output                     0x20000034   Data           4  chassis_behaviour.o(.data)
    Chassis_yaw_pid_output                   0x20000038   Data           4  chassis_behaviour.o(.data)
    uwTick                                   0x20000048   Data           4  stm32f4xx_hal.o(.data)
    uwTickPrio                               0x2000004c   Data           4  stm32f4xx_hal.o(.data)
    uwTickFreq                               0x20000050   Data           1  stm32f4xx_hal.o(.data)
    SystemCoreClock                          0x20000054   Data           4  system_stm32f4xx.o(.data)
    pxCurrentTCB                             0x20000058   Data           4  tasks.o(.data)
    hcan1                                    0x20000314   Data          40  can.o(.bss)
    hcan2                                    0x2000033c   Data          40  can.o(.bss)
    hspi1                                    0x20000364   Data          88  spi.o(.bss)
    hdma_spi1_rx                             0x200003bc   Data          96  spi.o(.bss)
    hdma_spi1_tx                             0x2000041c   Data          96  spi.o(.bss)
    htim10                                   0x2000047c   Data          72  tim.o(.bss)
    huart3                                   0x200004c4   Data          68  usart.o(.bss)
    huart6                                   0x20000508   Data          68  usart.o(.bss)
    hdma_usart3_rx                           0x2000054c   Data          96  usart.o(.bss)
    hdma_usart6_rx                           0x200005ac   Data          96  usart.o(.bss)
    hdma_usart6_tx                           0x2000060c   Data          96  usart.o(.bss)
    htim1                                    0x2000066c   Data          72  stm32f4xx_hal_timebase_tim.o(.bss)
    Chassis_Control                          0x200006ec   Data        1688  chassis_task.o(.bss)
    CAN_Encoder                              0x20000d84   Data         540  bsp_motor_encoder.o(.bss)
    Sbus_RX_Buffer                           0x20000fb8   Data          72  bsp_dr16.o(.bss)
    __libspace_start                         0x20004cf0   Data          96  libspace.o(.bss)
    __temporary_stack_top$libspace           0x20004d50   Data           0  libspace.o(.bss)



==============================================================================

Memory Map of the image

  Image Entry point : 0x08000189

  Load Region LR_IROM1 (Base: 0x08000000, Size: 0x000078a4, Max: 0x00100000, ABSOLUTE)

    Execution Region ER_IROM1 (Exec base: 0x08000000, Load base: 0x08000000, Size: 0x000077e4, Max: 0x00100000, ABSOLUTE)

    Exec Addr    Load Addr    Size         Type   Attr      Idx    E Section Name        Object

    0x08000000   0x08000000   0x00000188   Data   RO         1577    RESET               startup_stm32f407xx.o
    0x08000188   0x08000188   0x00000008   Code   RO         6064  * !!!main             c_w.l(__main.o)
    0x08000190   0x08000190   0x00000034   Code   RO         6233    !!!scatter          c_w.l(__scatter.o)
    0x080001c4   0x080001c4   0x0000001a   Code   RO         6235    !!handler_copy      c_w.l(__scatter_copy.o)
    0x080001de   0x080001de   0x00000002   PAD
    0x080001e0   0x080001e0   0x0000001c   Code   RO         6237    !!handler_zi        c_w.l(__scatter_zi.o)
    0x080001fc   0x080001fc   0x00000002   Code   RO         6101    .ARM.Collect$$libinit$$00000000  c_w.l(libinit.o)
    0x080001fe   0x080001fe   0x00000004   Code   RO         6113    .ARM.Collect$$libinit$$00000001  c_w.l(libinit2.o)
    0x08000202   0x08000202   0x00000000   Code   RO         6116    .ARM.Collect$$libinit$$00000004  c_w.l(libinit2.o)
    0x08000202   0x08000202   0x00000000   Code   RO         6119    .ARM.Collect$$libinit$$0000000A  c_w.l(libinit2.o)
    0x08000202   0x08000202   0x00000000   Code   RO         6121    .ARM.Collect$$libinit$$0000000C  c_w.l(libinit2.o)
    0x08000202   0x08000202   0x00000000   Code   RO         6123    .ARM.Collect$$libinit$$0000000E  c_w.l(libinit2.o)
    0x08000202   0x08000202   0x00000000   Code   RO         6126    .ARM.Collect$$libinit$$00000011  c_w.l(libinit2.o)
    0x08000202   0x08000202   0x00000000   Code   RO         6128    .ARM.Collect$$libinit$$00000013  c_w.l(libinit2.o)
    0x08000202   0x08000202   0x00000000   Code   RO         6130    .ARM.Collect$$libinit$$00000015  c_w.l(libinit2.o)
    0x08000202   0x08000202   0x00000000   Code   RO         6132    .ARM.Collect$$libinit$$00000017  c_w.l(libinit2.o)
    0x08000202   0x08000202   0x00000000   Code   RO         6134    .ARM.Collect$$libinit$$00000019  c_w.l(libinit2.o)
    0x08000202   0x08000202   0x00000000   Code   RO         6136    .ARM.Collect$$libinit$$0000001B  c_w.l(libinit2.o)
    0x08000202   0x08000202   0x00000000   Code   RO         6138    .ARM.Collect$$libinit$$0000001D  c_w.l(libinit2.o)
    0x08000202   0x08000202   0x00000000   Code   RO         6140    .ARM.Collect$$libinit$$0000001F  c_w.l(libinit2.o)
    0x08000202   0x08000202   0x00000000   Code   RO         6142    .ARM.Collect$$libinit$$00000021  c_w.l(libinit2.o)
    0x08000202   0x08000202   0x00000000   Code   RO         6144    .ARM.Collect$$libinit$$00000023  c_w.l(libinit2.o)
    0x08000202   0x08000202   0x00000000   Code   RO         6146    .ARM.Collect$$libinit$$00000025  c_w.l(libinit2.o)
    0x08000202   0x08000202   0x00000000   Code   RO         6150    .ARM.Collect$$libinit$$0000002C  c_w.l(libinit2.o)
    0x08000202   0x08000202   0x00000000   Code   RO         6152    .ARM.Collect$$libinit$$0000002E  c_w.l(libinit2.o)
    0x08000202   0x08000202   0x00000000   Code   RO         6154    .ARM.Collect$$libinit$$00000030  c_w.l(libinit2.o)
    0x08000202   0x08000202   0x00000000   Code   RO         6156    .ARM.Collect$$libinit$$00000032  c_w.l(libinit2.o)
    0x08000202   0x08000202   0x00000002   Code   RO         6157    .ARM.Collect$$libinit$$00000033  c_w.l(libinit2.o)
    0x08000204   0x08000204   0x00000002   Code   RO         6188    .ARM.Collect$$libshutdown$$00000000  c_w.l(libshutdown.o)
    0x08000206   0x08000206   0x00000000   Code   RO         6214    .ARM.Collect$$libshutdown$$00000002  c_w.l(libshutdown2.o)
    0x08000206   0x08000206   0x00000000   Code   RO         6216    .ARM.Collect$$libshutdown$$00000004  c_w.l(libshutdown2.o)
    0x08000206   0x08000206   0x00000000   Code   RO         6218    .ARM.Collect$$libshutdown$$00000006  c_w.l(libshutdown2.o)
    0x08000206   0x08000206   0x00000000   Code   RO         6221    .ARM.Collect$$libshutdown$$00000009  c_w.l(libshutdown2.o)
    0x08000206   0x08000206   0x00000000   Code   RO         6224    .ARM.Collect$$libshutdown$$0000000C  c_w.l(libshutdown2.o)
    0x08000206   0x08000206   0x00000000   Code   RO         6226    .ARM.Collect$$libshutdown$$0000000E  c_w.l(libshutdown2.o)
    0x08000206   0x08000206   0x00000000   Code   RO         6229    .ARM.Collect$$libshutdown$$00000011  c_w.l(libshutdown2.o)
    0x08000206   0x08000206   0x00000002   Code   RO         6230    .ARM.Collect$$libshutdown$$00000012  c_w.l(libshutdown2.o)
    0x08000208   0x08000208   0x00000000   Code   RO         6066    .ARM.Collect$$rtentry$$00000000  c_w.l(__rtentry.o)
    0x08000208   0x08000208   0x00000000   Code   RO         6072    .ARM.Collect$$rtentry$$00000002  c_w.l(__rtentry2.o)
    0x08000208   0x08000208   0x00000006   Code   RO         6084    .ARM.Collect$$rtentry$$00000004  c_w.l(__rtentry4.o)
    0x0800020e   0x0800020e   0x00000000   Code   RO         6074    .ARM.Collect$$rtentry$$00000009  c_w.l(__rtentry2.o)
    0x0800020e   0x0800020e   0x00000004   Code   RO         6075    .ARM.Collect$$rtentry$$0000000A  c_w.l(__rtentry2.o)
    0x08000212   0x08000212   0x00000000   Code   RO         6077    .ARM.Collect$$rtentry$$0000000C  c_w.l(__rtentry2.o)
    0x08000212   0x08000212   0x00000008   Code   RO         6078    .ARM.Collect$$rtentry$$0000000D  c_w.l(__rtentry2.o)
    0x0800021a   0x0800021a   0x00000002   Code   RO         6105    .ARM.Collect$$rtexit$$00000000  c_w.l(rtexit.o)
    0x0800021c   0x0800021c   0x00000000   Code   RO         6161    .ARM.Collect$$rtexit$$00000002  c_w.l(rtexit2.o)
    0x0800021c   0x0800021c   0x00000004   Code   RO         6162    .ARM.Collect$$rtexit$$00000003  c_w.l(rtexit2.o)
    0x08000220   0x08000220   0x00000006   Code   RO         6163    .ARM.Collect$$rtexit$$00000004  c_w.l(rtexit2.o)
    0x08000226   0x08000226   0x00000002   PAD
    0x08000228   0x08000228   0x000000be   Code   RO         5952    .emb_text           port.o
    0x080002e6   0x080002e6   0x00000002   PAD
    0x080002e8   0x080002e8   0x00000040   Code   RO         1578    .text               startup_stm32f407xx.o
    0x08000328   0x08000328   0x000000ee   Code   RO         6050    .text               c_w.l(lludivv7m.o)
    0x08000416   0x08000416   0x00000064   Code   RO         6054    .text               c_w.l(rt_memcpy_w.o)
    0x0800047a   0x0800047a   0x00000044   Code   RO         6058    .text               c_w.l(rt_memclr.o)
    0x080004be   0x080004be   0x0000004e   Code   RO         6060    .text               c_w.l(rt_memclr_w.o)
    0x0800050c   0x0800050c   0x00000006   Code   RO         6062    .text               c_w.l(heapauxi.o)
    0x08000512   0x08000512   0x0000004a   Code   RO         6088    .text               c_w.l(sys_stackheap_outer.o)
    0x0800055c   0x0800055c   0x00000012   Code   RO         6090    .text               c_w.l(exit.o)
    0x0800056e   0x0800056e   0x00000002   PAD
    0x08000570   0x08000570   0x00000008   Code   RO         6102    .text               c_w.l(libspace.o)
    0x08000578   0x08000578   0x0000000c   Code   RO         6158    .text               c_w.l(sys_exit.o)
    0x08000584   0x08000584   0x00000002   Code   RO         6177    .text               c_w.l(use_no_semi.o)
    0x08000586   0x08000586   0x00000000   Code   RO         6179    .text               c_w.l(indicate_semi.o)
    0x08000586   0x08000586   0x00000058   Code   RO         1167    i.Block_Detect      bsp_motor_encoder.o
    0x080005de   0x080005de   0x00000004   Code   RO          500    i.BusFault_Handler  stm32f4xx_it.o
    0x080005e2   0x080005e2   0x00000002   PAD
    0x080005e4   0x080005e4   0x00000010   Code   RO          501    i.CAN1_RX0_IRQHandler  stm32f4xx_it.o
    0x080005f4   0x080005f4   0x0000003c   Code   RO          768    i.CAN1_filter_config  can1_receive.o
    0x08000630   0x08000630   0x00000010   Code   RO          502    i.CAN2_RX0_IRQHandler  stm32f4xx_it.o
    0x08000640   0x08000640   0x00000044   Code   RO          836    i.CAN2_filter_config  can2_receive.o
    0x08000684   0x08000684   0x000000dc   Code   RO         1168    i.CAN_DATA_Encoder_Deal  bsp_motor_encoder.o
    0x08000760   0x08000760   0x000000cc   Code   RO         1423    i.Changing_Integration_Rate  pid.o
    0x0800082c   0x0800082c   0x00000254   Code   RO          987    i.Chassis_Init      chassis_task.o
    0x08000a80   0x08000a80   0x0000002a   Code   RO          988    i.Chassis_Work      chassis_task.o
    0x08000aaa   0x08000aaa   0x00000002   PAD
    0x08000aac   0x08000aac   0x00000010   Code   RO          503    i.DMA1_Stream1_IRQHandler  stm32f4xx_it.o
    0x08000abc   0x08000abc   0x00000010   Code   RO          504    i.DMA2_Stream0_IRQHandler  stm32f4xx_it.o
    0x08000acc   0x08000acc   0x00000010   Code   RO          505    i.DMA2_Stream1_IRQHandler  stm32f4xx_it.o
    0x08000adc   0x08000adc   0x00000010   Code   RO          506    i.DMA2_Stream3_IRQHandler  stm32f4xx_it.o
    0x08000aec   0x08000aec   0x00000010   Code   RO          507    i.DMA2_Stream6_IRQHandler  stm32f4xx_it.o
    0x08000afc   0x08000afc   0x00000034   Code   RO         2323    i.DMA_CalcBaseAndBitshift  stm32f4xx_hal_dma.o
    0x08000b30   0x08000b30   0x000000aa   Code   RO         2324    i.DMA_CheckFifoParam  stm32f4xx_hal_dma.o
    0x08000bda   0x08000bda   0x00000002   Code   RO          508    i.DebugMon_Handler  stm32f4xx_it.o
    0x08000bdc   0x08000bdc   0x0000001c   Code   RO         1230    i.ECF_RC_Init       bsp_dr16.o
    0x08000bf8   0x08000bf8   0x00000010   Code   RO         1231    i.ECF_RC_UART_Handler  bsp_dr16.o
    0x08000c08   0x08000c08   0x0000000a   Code   RO          509    i.EXTI4_IRQHandler  stm32f4xx_it.o
    0x08000c12   0x08000c12   0x0000000a   Code   RO          510    i.EXTI9_5_IRQHandler  stm32f4xx_it.o
    0x08000c1c   0x08000c1c   0x00000020   Code   RO         1169    i.EncoderValZero    bsp_motor_encoder.o
    0x08000c3c   0x08000c3c   0x0000007c   Code   RO         1170    i.Encoder_Init      bsp_motor_encoder.o
    0x08000cb8   0x08000cb8   0x0000000e   Code   RO         1171    i.Encoder_Struct_Zero  bsp_motor_encoder.o
    0x08000cc6   0x08000cc6   0x00000006   Code   RO            4    i.Error_Handler     main.o
    0x08000ccc   0x08000ccc   0x0000002a   Code   RO         1586    i.HAL_CAN_ActivateNotification  stm32f4xx_hal_can.o
    0x08000cf6   0x08000cf6   0x00000156   Code   RO         1587    i.HAL_CAN_AddTxMessage  stm32f4xx_hal_can.o
    0x08000e4c   0x08000e4c   0x00000124   Code   RO         1588    i.HAL_CAN_ConfigFilter  stm32f4xx_hal_can.o
    0x08000f70   0x08000f70   0x00000002   Code   RO         1591    i.HAL_CAN_ErrorCallback  stm32f4xx_hal_can.o
    0x08000f72   0x08000f72   0x0000017a   Code   RO         1594    i.HAL_CAN_GetRxMessage  stm32f4xx_hal_can.o
    0x080010ec   0x080010ec   0x0000024e   Code   RO         1598    i.HAL_CAN_IRQHandler  stm32f4xx_hal_can.o
    0x0800133a   0x0800133a   0x00000174   Code   RO         1599    i.HAL_CAN_Init      stm32f4xx_hal_can.o
    0x080014ae   0x080014ae   0x00000002   PAD
    0x080014b0   0x080014b0   0x00000160   Code   RO          290    i.HAL_CAN_MspInit   can.o
    0x08001610   0x08001610   0x00000002   Code   RO         1606    i.HAL_CAN_RxFifo0FullCallback  stm32f4xx_hal_can.o
    0x08001612   0x08001612   0x00000002   PAD
    0x08001614   0x08001614   0x00000028   Code   RO          769    i.HAL_CAN_RxFifo0MsgPendingCallback  can1_receive.o
    0x0800163c   0x0800163c   0x00000002   Code   RO         1608    i.HAL_CAN_RxFifo1FullCallback  stm32f4xx_hal_can.o
    0x0800163e   0x0800163e   0x00000002   Code   RO         1609    i.HAL_CAN_RxFifo1MsgPendingCallback  stm32f4xx_hal_can.o
    0x08001640   0x08001640   0x00000002   Code   RO         1610    i.HAL_CAN_SleepCallback  stm32f4xx_hal_can.o
    0x08001642   0x08001642   0x0000005e   Code   RO         1611    i.HAL_CAN_Start     stm32f4xx_hal_can.o
    0x080016a0   0x080016a0   0x00000002   Code   RO         1613    i.HAL_CAN_TxMailbox0AbortCallback  stm32f4xx_hal_can.o
    0x080016a2   0x080016a2   0x00000002   Code   RO         1614    i.HAL_CAN_TxMailbox0CompleteCallback  stm32f4xx_hal_can.o
    0x080016a4   0x080016a4   0x00000002   Code   RO         1615    i.HAL_CAN_TxMailbox1AbortCallback  stm32f4xx_hal_can.o
    0x080016a6   0x080016a6   0x00000002   Code   RO         1616    i.HAL_CAN_TxMailbox1CompleteCallback  stm32f4xx_hal_can.o
    0x080016a8   0x080016a8   0x00000002   Code   RO         1617    i.HAL_CAN_TxMailbox2AbortCallback  stm32f4xx_hal_can.o
    0x080016aa   0x080016aa   0x00000002   Code   RO         1618    i.HAL_CAN_TxMailbox2CompleteCallback  stm32f4xx_hal_can.o
    0x080016ac   0x080016ac   0x00000002   Code   RO         1620    i.HAL_CAN_WakeUpFromRxMsgCallback  stm32f4xx_hal_can.o
    0x080016ae   0x080016ae   0x000000ac   Code   RO         2326    i.HAL_DMA_Abort     stm32f4xx_hal_dma.o
    0x0800175a   0x0800175a   0x00000028   Code   RO         2327    i.HAL_DMA_Abort_IT  stm32f4xx_hal_dma.o
    0x08001782   0x08001782   0x00000002   PAD
    0x08001784   0x08001784   0x00000240   Code   RO         2331    i.HAL_DMA_IRQHandler  stm32f4xx_hal_dma.o
    0x080019c4   0x080019c4   0x000000ec   Code   RO         2332    i.HAL_DMA_Init      stm32f4xx_hal_dma.o
    0x08001ab0   0x08001ab0   0x00000002   Code   RO         2217    i.HAL_GPIO_EXTI_Callback  stm32f4xx_hal_gpio.o
    0x08001ab2   0x08001ab2   0x00000002   PAD
    0x08001ab4   0x08001ab4   0x0000001c   Code   RO         2218    i.HAL_GPIO_EXTI_IRQHandler  stm32f4xx_hal_gpio.o
    0x08001ad0   0x08001ad0   0x000001f4   Code   RO         2219    i.HAL_GPIO_Init     stm32f4xx_hal_gpio.o
    0x08001cc4   0x08001cc4   0x0000000c   Code   RO         2223    i.HAL_GPIO_WritePin  stm32f4xx_hal_gpio.o
    0x08001cd0   0x08001cd0   0x0000000c   Code   RO         2756    i.HAL_GetTick       stm32f4xx_hal.o
    0x08001cdc   0x08001cdc   0x00000018   Code   RO         2762    i.HAL_IncTick       stm32f4xx_hal.o
    0x08001cf4   0x08001cf4   0x0000003c   Code   RO         2763    i.HAL_Init          stm32f4xx_hal.o
    0x08001d30   0x08001d30   0x000000a0   Code   RO          654    i.HAL_InitTick      stm32f4xx_hal_timebase_tim.o
    0x08001dd0   0x08001dd0   0x00000054   Code   RO          630    i.HAL_MspInit       stm32f4xx_hal_msp.o
    0x08001e24   0x08001e24   0x00000020   Code   RO         2608    i.HAL_NVIC_EnableIRQ  stm32f4xx_hal_cortex.o
    0x08001e44   0x08001e44   0x0000007c   Code   RO         2614    i.HAL_NVIC_SetPriority  stm32f4xx_hal_cortex.o
    0x08001ec0   0x08001ec0   0x00000028   Code   RO         2615    i.HAL_NVIC_SetPriorityGrouping  stm32f4xx_hal_cortex.o
    0x08001ee8   0x08001ee8   0x00000184   Code   RO         1820    i.HAL_RCC_ClockConfig  stm32f4xx_hal_rcc.o
    0x0800206c   0x0800206c   0x00000044   Code   RO         1824    i.HAL_RCC_GetClockConfig  stm32f4xx_hal_rcc.o
    0x080020b0   0x080020b0   0x0000000c   Code   RO         1825    i.HAL_RCC_GetHCLKFreq  stm32f4xx_hal_rcc.o
    0x080020bc   0x080020bc   0x00000020   Code   RO         1827    i.HAL_RCC_GetPCLK1Freq  stm32f4xx_hal_rcc.o
    0x080020dc   0x080020dc   0x00000020   Code   RO         1828    i.HAL_RCC_GetPCLK2Freq  stm32f4xx_hal_rcc.o
    0x080020fc   0x080020fc   0x000000b0   Code   RO         1829    i.HAL_RCC_GetSysClockFreq  stm32f4xx_hal_rcc.o
    0x080021ac   0x080021ac   0x0000049c   Code   RO         1832    i.HAL_RCC_OscConfig  stm32f4xx_hal_rcc.o
    0x08002648   0x08002648   0x000000c8   Code   RO         3012    i.HAL_SPI_Init      stm32f4xx_hal_spi.o
    0x08002710   0x08002710   0x00000158   Code   RO          363    i.HAL_SPI_MspInit   spi.o
    0x08002868   0x08002868   0x00000002   Code   RO         4040    i.HAL_TIMEx_BreakCallback  stm32f4xx_hal_tim_ex.o
    0x0800286a   0x0800286a   0x00000002   Code   RO         4041    i.HAL_TIMEx_CommutCallback  stm32f4xx_hal_tim_ex.o
    0x0800286c   0x0800286c   0x00000066   Code   RO         3325    i.HAL_TIM_Base_Init  stm32f4xx_hal_tim.o
    0x080028d2   0x080028d2   0x00000002   PAD
    0x080028d4   0x080028d4   0x00000048   Code   RO          405    i.HAL_TIM_Base_MspInit  tim.o
    0x0800291c   0x0800291c   0x000000a8   Code   RO         3330    i.HAL_TIM_Base_Start_IT  stm32f4xx_hal_tim.o
    0x080029c4   0x080029c4   0x00000002   Code   RO         3359    i.HAL_TIM_IC_CaptureCallback  stm32f4xx_hal_tim.o
    0x080029c6   0x080029c6   0x00000196   Code   RO         3373    i.HAL_TIM_IRQHandler  stm32f4xx_hal_tim.o
    0x08002b5c   0x08002b5c   0x00000064   Code   RO          406    i.HAL_TIM_MspPostInit  tim.o
    0x08002bc0   0x08002bc0   0x00000002   Code   RO         3376    i.HAL_TIM_OC_DelayElapsedCallback  stm32f4xx_hal_tim.o
    0x08002bc2   0x08002bc2   0x00000104   Code   RO         3397    i.HAL_TIM_PWM_ConfigChannel  stm32f4xx_hal_tim.o
    0x08002cc6   0x08002cc6   0x00000066   Code   RO         3400    i.HAL_TIM_PWM_Init  stm32f4xx_hal_tim.o
    0x08002d2c   0x08002d2c   0x00000002   Code   RO         3402    i.HAL_TIM_PWM_MspInit  stm32f4xx_hal_tim.o
    0x08002d2e   0x08002d2e   0x00000002   Code   RO         3403    i.HAL_TIM_PWM_PulseFinishedCallback  stm32f4xx_hal_tim.o
    0x08002d30   0x08002d30   0x00000018   Code   RO            5    i.HAL_TIM_PeriodElapsedCallback  main.o
    0x08002d48   0x08002d48   0x00000002   Code   RO         3416    i.HAL_TIM_TriggerCallback  stm32f4xx_hal_tim.o
    0x08002d4a   0x08002d4a   0x00000002   Code   RO         4318    i.HAL_UARTEx_RxEventCallback  stm32f4xx_hal_uart.o
    0x08002d4c   0x08002d4c   0x00000002   Code   RO         4332    i.HAL_UART_ErrorCallback  stm32f4xx_hal_uart.o
    0x08002d4e   0x08002d4e   0x00000002   PAD
    0x08002d50   0x08002d50   0x000002e0   Code   RO         4335    i.HAL_UART_IRQHandler  stm32f4xx_hal_uart.o
    0x08003030   0x08003030   0x00000072   Code   RO         4336    i.HAL_UART_Init     stm32f4xx_hal_uart.o
    0x080030a2   0x080030a2   0x00000002   PAD
    0x080030a4   0x080030a4   0x000001f4   Code   RO          453    i.HAL_UART_MspInit  usart.o
    0x08003298   0x08003298   0x00000002   Code   RO         4342    i.HAL_UART_RxCpltCallback  stm32f4xx_hal_uart.o
    0x0800329a   0x0800329a   0x00000002   Code   RO         4347    i.HAL_UART_TxCpltCallback  stm32f4xx_hal_uart.o
    0x0800329c   0x0800329c   0x00000004   Code   RO          511    i.HardFault_Handler  stm32f4xx_it.o
    0x080032a0   0x080032a0   0x00000064   Code   RO          930    i.Init_Task         init_task.o
    0x08003304   0x08003304   0x00000048   Code   RO          291    i.MX_CAN1_Init      can.o
    0x0800334c   0x0800334c   0x00000048   Code   RO          292    i.MX_CAN2_Init      can.o
    0x08003394   0x08003394   0x00000098   Code   RO          338    i.MX_DMA_Init       dma.o
    0x0800342c   0x0800342c   0x00000044   Code   RO          239    i.MX_FREERTOS_Init  freertos.o
    0x08003470   0x08003470   0x000001a8   Code   RO          215    i.MX_GPIO_Init      gpio.o
    0x08003618   0x08003618   0x00000048   Code   RO          364    i.MX_SPI1_Init      spi.o
    0x08003660   0x08003660   0x00000070   Code   RO          407    i.MX_TIM10_Init     tim.o
    0x080036d0   0x080036d0   0x0000003c   Code   RO          454    i.MX_USART3_UART_Init  usart.o
    0x0800370c   0x0800370c   0x00000038   Code   RO          455    i.MX_USART6_UART_Init  usart.o
    0x08003744   0x08003744   0x00000004   Code   RO          512    i.MemManage_Handler  stm32f4xx_it.o
    0x08003748   0x08003748   0x00000004   Code   RO          513    i.NMI_Handler       stm32f4xx_it.o
    0x0800374c   0x0800374c   0x000001b8   Code   RO         1424    i.PidCalculate      pid.o
    0x08003904   0x08003904   0x0000003e   Code   RO         1425    i.PidInit           pid.o
    0x08003942   0x08003942   0x0000008a   Code   RO         1426    i.PidInitMode       pid.o
    0x080039cc   0x080039cc   0x00000106   Code   RO         1233    i.RC_DataProcess    bsp_dr16.o
    0x08003ad2   0x08003ad2   0x00000002   PAD
    0x08003ad4   0x08003ad4   0x00000008   Code   RO         1235    i.RC_Get_RC_Pointer  bsp_dr16.o
    0x08003adc   0x08003adc   0x00000088   Code   RO         1236    i.RC_Init           bsp_dr16.o
    0x08003b64   0x08003b64   0x00000110   Code   RO         1238    i.RC_UART_IRQHandler  bsp_dr16.o
    0x08003c74   0x08003c74   0x00000018   Code   RO         1058    i.Safe_Task         task_safe.o
    0x08003c8c   0x08003c8c   0x0000000a   Code   RO          240    i.StartDefaultTask  freertos.o
    0x08003c96   0x08003c96   0x00000002   PAD
    0x08003c98   0x08003c98   0x00000034   Code   RO         5953    i.SysTick_Handler   port.o
    0x08003ccc   0x08003ccc   0x000000b4   Code   RO            6    i.SystemClock_Config  main.o
    0x08003d80   0x08003d80   0x00000014   Code   RO         4675    i.SystemInit        system_stm32f4xx.o
    0x08003d94   0x08003d94   0x00000018   Code   RO          514    i.TIM1_UP_TIM10_IRQHandler  stm32f4xx_it.o
    0x08003dac   0x08003dac   0x000000d8   Code   RO         3418    i.TIM_Base_SetConfig  stm32f4xx_hal_tim.o
    0x08003e84   0x08003e84   0x00000070   Code   RO         3431    i.TIM_OC1_SetConfig  stm32f4xx_hal_tim.o
    0x08003ef4   0x08003ef4   0x0000007c   Code   RO         3432    i.TIM_OC2_SetConfig  stm32f4xx_hal_tim.o
    0x08003f70   0x08003f70   0x00000078   Code   RO         3433    i.TIM_OC3_SetConfig  stm32f4xx_hal_tim.o
    0x08003fe8   0x08003fe8   0x00000054   Code   RO         3434    i.TIM_OC4_SetConfig  stm32f4xx_hal_tim.o
    0x0800403c   0x0800403c   0x00000048   Code   RO          989    i.Task_Chassis      chassis_task.o
    0x08004084   0x08004084   0x00000014   Code   RO         4349    i.UART_DMAAbortOnError  stm32f4xx_hal_uart.o
    0x08004098   0x08004098   0x0000006c   Code   RO         4359    i.UART_EndRxTransfer  stm32f4xx_hal_uart.o
    0x08004104   0x08004104   0x00000020   Code   RO         4360    i.UART_EndTransmit_IT  stm32f4xx_hal_uart.o
    0x08004124   0x08004124   0x000000f8   Code   RO         4362    i.UART_Receive_IT   stm32f4xx_hal_uart.o
    0x0800421c   0x0800421c   0x0000022c   Code   RO         4363    i.UART_SetConfig    stm32f4xx_hal_uart.o
    0x08004448   0x08004448   0x00000060   Code   RO         4366    i.UART_Transmit_IT  stm32f4xx_hal_uart.o
    0x080044a8   0x080044a8   0x00000014   Code   RO          515    i.USART3_IRQHandler  stm32f4xx_it.o
    0x080044bc   0x080044bc   0x00000010   Code   RO          516    i.USART6_IRQHandler  stm32f4xx_it.o
    0x080044cc   0x080044cc   0x00000004   Code   RO          517    i.UsageFault_Handler  stm32f4xx_it.o
    0x080044d0   0x080044d0   0x00000010   Code   RO         2621    i.__NVIC_GetPriorityGrouping  stm32f4xx_hal_cortex.o
    0x080044e0   0x080044e0   0x00000028   Code   RO         2622    i.__NVIC_SetPriority  stm32f4xx_hal_cortex.o
    0x08004508   0x08004508   0x00000024   Code   RO         1172    i.angle_limiting_int16  bsp_motor_encoder.o
    0x0800452c   0x0800452c   0x00000060   Code   RO          867    i.can1_chassis_setmsg  can1_send.o
    0x0800458c   0x0800458c   0x000000a0   Code   RO         1083    i.chassis_behaviour_choose  chassis_behaviour.o
    0x0800462c   0x0800462c   0x00000168   Code   RO         1084    i.chassis_behaviour_react  chassis_behaviour.o
    0x08004794   0x08004794   0x00000190   Code   RO          770    i.chassis_can1_callback  can1_receive.o
    0x08004924   0x08004924   0x00000020   Code   RO          837    i.chassis_can2_callback  can2_receive.o
    0x08004944   0x08004944   0x000000c0   Code   RO         1085    i.chassis_motion_decomposition  chassis_behaviour.o
    0x08004a04   0x08004a04   0x00000250   Code   RO          990    i.chassis_prevent_motion_distortion  chassis_task.o
    0x08004c54   0x08004c54   0x00000070   Code   RO         1086    i.chassis_speed_pid_calculate  chassis_behaviour.o
    0x08004cc4   0x08004cc4   0x0000010e   Code   RO         1087    i.chassis_state_choose  chassis_behaviour.o
    0x08004dd2   0x08004dd2   0x00000036   Code   RO          991    i.chassis_state_react  chassis_task.o
    0x08004e08   0x08004e08   0x00000028   Code   RO          992    i.chassis_zero_fore_react  chassis_task.o
    0x08004e30   0x08004e30   0x00000110   Code   RO         1329    i.cos_calculate     maths.o
    0x08004f40   0x08004f40   0x00000030   Code   RO         1088    i.f_CHASSIS_BATTERY  chassis_behaviour.o
    0x08004f70   0x08004f70   0x00000014   Code   RO         1089    i.f_CHASSIS_FOLLOW  chassis_behaviour.o
    0x08004f84   0x08004f84   0x000000a8   Code   RO         1090    i.f_CHASSIS_NO_FOLLOW  chassis_behaviour.o
    0x0800502c   0x0800502c   0x000000a8   Code   RO         1091    i.f_CHASSIS_ROTATION  chassis_behaviour.o
    0x080050d4   0x080050d4   0x00000074   Code   RO         1428    i.f_Derivative_On_Measurement  pid.o
    0x08005148   0x08005148   0x00000046   Code   RO         1429    i.f_Integral_Limit  pid.o
    0x0800518e   0x0800518e   0x00000046   Code   RO         1430    i.f_Output_Limit    pid.o
    0x080051d4   0x080051d4   0x0000003c   Code   RO         1431    i.f_Separated_Integral  pid.o
    0x08005210   0x08005210   0x000000cc   Code   RO         1432    i.f_StepIn          pid.o
    0x080052dc   0x080052dc   0x00000042   Code   RO         1433    i.first_order_filter  pid.o
    0x0800531e   0x0800531e   0x00000002   PAD
    0x08005320   0x08005320   0x00000008   Code   RO         1092    i.get_chassis_behaviour_point  chassis_behaviour.o
    0x08005328   0x08005328   0x00000014   Code   RO          771    i.get_chassis_motor_measure_point  can1_receive.o
    0x0800533c   0x0800533c   0x00000008   Code   RO          772    i.get_supercap_control_point  can1_receive.o
    0x08005344   0x08005344   0x00000034   Code   RO            7    i.main              main.o
    0x08005378   0x08005378   0x0000000e   Code   RO         5518    i.makeFreeRtosPriority  cmsis_os.o
    0x08005386   0x08005386   0x0000004a   Code   RO         1434    i.motor_position_speed_control  pid.o
    0x080053d0   0x080053d0   0x00000104   Code   RO          993    i.motor_position_speed_pid_calculate  chassis_task.o
    0x080054d4   0x080054d4   0x0000002e   Code   RO         1435    i.motor_speed_control  pid.o
    0x08005502   0x08005502   0x000000be   Code   RO          994    i.motor_speed_pid_calculate  chassis_task.o
    0x080055c0   0x080055c0   0x00000018   Code   RO         5520    i.osDelay           cmsis_os.o
    0x080055d8   0x080055d8   0x0000000a   Code   RO         5523    i.osKernelStart     cmsis_os.o
    0x080055e2   0x080055e2   0x0000005e   Code   RO         5557    i.osThreadCreate    cmsis_os.o
    0x08005640   0x08005640   0x00000050   Code   RO         1436    i.pid_clear         pid.o
    0x08005690   0x08005690   0x00000098   Code   RO         5183    i.prvAddCurrentTaskToDelayedList  tasks.o
    0x08005728   0x08005728   0x000000b4   Code   RO         5184    i.prvAddNewTaskToReadyList  tasks.o
    0x080057dc   0x080057dc   0x00000048   Code   RO         5185    i.prvCheckTasksWaitingTermination  tasks.o
    0x08005824   0x08005824   0x00000050   Code   RO         5186    i.prvDeleteTCB      tasks.o
    0x08005874   0x08005874   0x0000007c   Code   RO         5885    i.prvHeapInit       heap_4.o
    0x080058f0   0x080058f0   0x00000028   Code   RO         5187    i.prvIdleTask       tasks.o
    0x08005918   0x08005918   0x000000b4   Code   RO         5188    i.prvInitialiseNewTask  tasks.o
    0x080059cc   0x080059cc   0x00000068   Code   RO         5189    i.prvInitialiseTaskLists  tasks.o
    0x08005a34   0x08005a34   0x00000068   Code   RO         5886    i.prvInsertBlockIntoFreeList  heap_4.o
    0x08005a9c   0x08005a9c   0x00000034   Code   RO         5190    i.prvResetNextTaskUnblockTime  tasks.o
    0x08005ad0   0x08005ad0   0x00000040   Code   RO         5954    i.prvTaskExitError  port.o
    0x08005b10   0x08005b10   0x0000014c   Code   RO         5887    i.pvPortMalloc      heap_4.o
    0x08005c5c   0x08005c5c   0x0000002c   Code   RO         5955    i.pxPortInitialiseStack  port.o
    0x08005c88   0x08005c88   0x00000014   Code   RO         1241    i.rc_deadline_limit  bsp_dr16.o
    0x08005c9c   0x08005c9c   0x00000014   Code   RO         1242    i.rc_lost_time_refresh  bsp_dr16.o
    0x08005cb0   0x08005cb0   0x000001d8   Code   RO         1338    i.sin_calculate     maths.o
    0x08005e88   0x08005e88   0x00000028   Code   RO         4812    i.uxListRemove      list.o
    0x08005eb0   0x08005eb0   0x00000018   Code   RO          241    i.vApplicationGetIdleTaskMemory  freertos.o
    0x08005ec8   0x08005ec8   0x0000001a   Code   RO         4813    i.vListInitialise   list.o
    0x08005ee2   0x08005ee2   0x00000006   Code   RO         4814    i.vListInitialiseItem  list.o
    0x08005ee8   0x08005ee8   0x00000034   Code   RO         4815    i.vListInsert       list.o
    0x08005f1c   0x08005f1c   0x00000018   Code   RO         4816    i.vListInsertEnd    list.o
    0x08005f34   0x08005f34   0x00000054   Code   RO         5957    i.vPortEnterCritical  port.o
    0x08005f88   0x08005f88   0x0000003c   Code   RO         5958    i.vPortExitCritical  port.o
    0x08005fc4   0x08005fc4   0x000000a4   Code   RO         5888    i.vPortFree         heap_4.o
    0x08006068   0x08006068   0x00000028   Code   RO         5959    i.vPortSetupTimerInterrupt  port.o
    0x08006090   0x08006090   0x0000005c   Code   RO         5199    i.vTaskDelay        tasks.o
    0x080060ec   0x080060ec   0x000000d4   Code   RO         5200    i.vTaskDelayUntil   tasks.o
    0x080061c0   0x080061c0   0x000000f4   Code   RO         5201    i.vTaskDelete       tasks.o
    0x080062b4   0x080062b4   0x000000b0   Code   RO         5213    i.vTaskStartScheduler  tasks.o
    0x08006364   0x08006364   0x00000010   Code   RO         5215    i.vTaskSuspendAll   tasks.o
    0x08006374   0x08006374   0x0000008c   Code   RO         5216    i.vTaskSwitchContext  tasks.o
    0x08006400   0x08006400   0x00000168   Code   RO         5961    i.xPortStartScheduler  port.o
    0x08006568   0x08006568   0x00000064   Code   RO         5219    i.xTaskCreate       tasks.o
    0x080065cc   0x080065cc   0x000000ba   Code   RO         5220    i.xTaskCreateStatic  tasks.o
    0x08006686   0x08006686   0x00000002   PAD
    0x08006688   0x08006688   0x0000000c   Code   RO         5225    i.xTaskGetTickCount  tasks.o
    0x08006694   0x08006694   0x00000148   Code   RO         5227    i.xTaskIncrementTick  tasks.o
    0x080067dc   0x080067dc   0x00000104   Code   RO         5233    i.xTaskResumeAll    tasks.o
    0x080068e0   0x080068e0   0x0000000a   Code   RO         6173    x$fpl$fpinit        fz_wm.l(fpinit.o)
    0x080068ea   0x080068ea   0x00000002   PAD
    0x080068ec   0x080068ec   0x00000038   Data   RO          243    .constdata          freertos.o
    0x08006924   0x08006924   0x00000038   Data   RO          933    .constdata          init_task.o
    0x0800695c   0x0800695c   0x00000e14   Data   RO         1339    .constdata          maths.o
    0x08007770   0x08007770   0x00000008   Data   RO         2338    .constdata          stm32f4xx_hal_dma.o
    0x08007778   0x08007778   0x00000018   Data   RO         4676    .constdata          system_stm32f4xx.o
    0x08007790   0x08007790   0x00000018   Data   RO          244    .conststring        freertos.o
    0x080077a8   0x080077a8   0x0000001a   Data   RO          934    .conststring        init_task.o
    0x080077c2   0x080077c2   0x00000002   PAD
    0x080077c4   0x080077c4   0x00000020   Data   RO         6231    Region$$Table       anon$$obj.o


    Execution Region RW_IRAM1 (Exec base: 0x20000000, Load base: 0x080077e4, Size: 0x00008d50, Max: 0x0001c000, ABSOLUTE)

    Exec Addr    Load Addr    Size         Type   Attr      Idx    E Section Name        Object

    0x20000000   0x080077e4   0x00000008   Data   RW          245    .data               freertos.o
    0x20000008   0x080077ec   0x00000004   Data   RW          294    .data               can.o
    0x2000000c   0x080077f0   0x00000010   Data   RW          935    .data               init_task.o
    0x2000001c   0x08007800   0x00000004   Data   RW         1059    .data               task_safe.o
    0x20000020   0x08007804   0x0000001e   Data   RW         1093    .data               chassis_behaviour.o
    0x2000003e   0x08007822   0x00000002   PAD
    0x20000040   0x08007824   0x00000006   Data   RW         1244    .data               bsp_dr16.o
    0x20000046   0x0800782a   0x00000002   PAD
    0x20000048   0x0800782c   0x00000009   Data   RW         2770    .data               stm32f4xx_hal.o
    0x20000051   0x08007835   0x00000003   PAD
    0x20000054   0x08007838   0x00000004   Data   RW         4677    .data               system_stm32f4xx.o
    0x20000058   0x0800783c   0x0000003c   Data   RW         5236    .data               tasks.o
    0x20000094   0x08007878   0x00000020   Data   RW         5894    .data               heap_4.o
    0x200000b4   0x08007898   0x0000000c   Data   RW         5962    .data               port.o
    0x200000c0        -       0x00000254   Zero   RW          242    .bss                freertos.o
    0x20000314        -       0x00000050   Zero   RW          293    .bss                can.o
    0x20000364        -       0x00000118   Zero   RW          365    .bss                spi.o
    0x2000047c        -       0x00000048   Zero   RW          408    .bss                tim.o
    0x200004c4        -       0x000001a8   Zero   RW          456    .bss                usart.o
    0x2000066c        -       0x00000048   Zero   RW          657    .bss                stm32f4xx_hal_timebase_tim.o
    0x200006b4        -       0x00000020   Zero   RW          774    .bss                can1_receive.o
    0x200006d4        -       0x00000018   Zero   RW          868    .bss                can1_send.o
    0x200006ec        -       0x00000698   Zero   RW          995    .bss                chassis_task.o
    0x20000d84        -       0x0000021c   Zero   RW         1174    .bss                bsp_motor_encoder.o
    0x20000fa0        -       0x00000060   Zero   RW         1243    .bss                bsp_dr16.o
    0x20001000        -       0x000000f0   Zero   RW         5235    .bss                tasks.o
    0x200010f0        -       0x00003c00   Zero   RW         5893    .bss                heap_4.o
    0x20004cf0        -       0x00000060   Zero   RW         6103    .bss                c_w.l(libspace.o)
    0x20004d50        -       0x00002000   Zero   RW         1576    HEAP                startup_stm32f407xx.o
    0x20006d50        -       0x00002000   Zero   RW         1575    STACK               startup_stm32f407xx.o


    Execution Region RW_IRAM2 (Exec base: 0x2001c000, Load base: 0x080078a4, Size: 0x00000000, Max: 0x00004000, ABSOLUTE)

    **** No section assigned to this execution region ****


==============================================================================

Image component sizes


      Code (inc. data)   RO Data    RW Data    ZI Data      Debug   Object Name

       762         38          0          6         96       5760   bsp_dr16.o
       514         14          0          0        540       6706   bsp_motor_encoder.o
       496         44          0          4         80       2522   can.o
       528         40          0          0         32       5496   can1_receive.o
        96          8          0          0         24       1014   can1_send.o
       100         10          0          0          0       1677   can2_receive.o
      1506        134          0         30          0       7478   chassis_behaviour.o
      1846         50          0          0       1688       5537   chassis_task.o
       142          0          0          0          0      23147   cmsis_os.o
       152          6          0          0          0        866   dma.o
         0          0          0          0          0      16956   event_groups.o
       102         24         80          8        596       2626   freertos.o
       424         16          0          0          0       1215   gpio.o
       724         74          0         32      15360       7519   heap_4.o
       100         16         82         16          0       6315   init_task.o
       148          0          0          0          0       3654   list.o
       262         16          0          0          0     742628   main.o
       744         44       3604          0          0       2150   maths.o
      1630         30          0          0          0      10048   pid.o
       894         78          0         12          0      11308   port.o
       416         38          0          0        280       1991   spi.o
        64         26        392          0      16384        828   startup_stm32f407xx.o
        96         20          0          9          0       8166   stm32f4xx_hal.o
      2134          6          0          0          0      14603   stm32f4xx_hal_can.o
       252         22          0          0          0      33766   stm32f4xx_hal_cortex.o
      1246         16          8          0          0       5471   stm32f4xx_hal_dma.o
       542         50          0          0          0       3396   stm32f4xx_hal_gpio.o
        84          6          0          0          0        890   stm32f4xx_hal_msp.o
      1888         94          0          0          0       6385   stm32f4xx_hal_rcc.o
       200          0          0          0          0       1215   stm32f4xx_hal_spi.o
      1704        112          0          0          0      11276   stm32f4xx_hal_tim.o
         4          0          0          0          0       1609   stm32f4xx_hal_tim_ex.o
       160         20          0          0         72       1471   stm32f4xx_hal_timebase_tim.o
      1918         14          0          0          0       9732   stm32f4xx_hal_uart.o
       214         62          0          0          0       9110   stm32f4xx_it.o
         0          0          0          0          0       4608   struct_variables.o
        20          6         24          4          0       1175   system_stm32f4xx.o
        24          4          0          4          0        544   task_safe.o
      2626        330          0         60        240      23469   tasks.o
       284         34          0          0         72       2402   tim.o
       616         62          0          0        424       2736   usart.o

    ----------------------------------------------------------------------
     25690       1564       4224        192      35888    1009465   Object Totals
         0          0         32          0          0          0   (incl. Generated)
        28          0          2          7          0          0   (incl. Padding)

    ----------------------------------------------------------------------

      Code (inc. data)   RO Data    RW Data    ZI Data      Debug   Library Member Name

         8          0          0          0          0         68   __main.o
         0          0          0          0          0          0   __rtentry.o
        12          0          0          0          0          0   __rtentry2.o
         6          0          0          0          0          0   __rtentry4.o
        52          8          0          0          0          0   __scatter.o
        26          0          0          0          0          0   __scatter_copy.o
        28          0          0          0          0          0   __scatter_zi.o
        18          0          0          0          0         80   exit.o
         6          0          0          0          0        152   heapauxi.o
         0          0          0          0          0          0   indicate_semi.o
         2          0          0          0          0          0   libinit.o
         6          0          0          0          0          0   libinit2.o
         2          0          0          0          0          0   libshutdown.o
         2          0          0          0          0          0   libshutdown2.o
         8          4          0          0         96         68   libspace.o
       238          0          0          0          0        100   lludivv7m.o
        68          0          0          0          0         68   rt_memclr.o
        78          0          0          0          0         80   rt_memclr_w.o
       100          0          0          0          0         80   rt_memcpy_w.o
         2          0          0          0          0          0   rtexit.o
        10          0          0          0          0          0   rtexit2.o
        12          4          0          0          0         68   sys_exit.o
        74          0          0          0          0         80   sys_stackheap_outer.o
         2          0          0          0          0         68   use_no_semi.o
        10          0          0          0          0        116   fpinit.o

    ----------------------------------------------------------------------
       778         16          0          0         96       1028   Library Totals
         8          0          0          0          0          0   (incl. Padding)

    ----------------------------------------------------------------------

      Code (inc. data)   RO Data    RW Data    ZI Data      Debug   Library Name

       760         16          0          0         96        912   c_w.l
        10          0          0          0          0        116   fz_wm.l

    ----------------------------------------------------------------------
       778         16          0          0         96       1028   Library Totals

    ----------------------------------------------------------------------

==============================================================================


      Code (inc. data)   RO Data    RW Data    ZI Data      Debug   

     26468       1580       4224        192      35984     989929   Grand Totals
     26468       1580       4224        192      35984     989929   ELF Image Totals
     26468       1580       4224        192          0          0   ROM Totals

==============================================================================

    Total RO  Size (Code + RO Data)                30692 (  29.97kB)
    Total RW  Size (RW Data + ZI Data)             36176 (  35.33kB)
    Total ROM Size (Code + RO Data + RW Data)      30884 (  30.16kB)

==============================================================================

