<html>
<body>
<pre>
<h1>µVision Build Log</h1>
<h2>Tool Versions:</h2>
IDE-Version: ¦ÌVision V5.35.0.0
Copyright (C) 2021 ARM Ltd and ARM Germany GmbH. All rights reserved.
License Information: 123 123, 12312, LIC=14HV2-9PL8C-30YNC-77NSR-88HHT-V5F33
 
Tool Versions:
Toolchain:       MDK-ARM Plus  Version: 5.35.0.2
Toolchain Path:  D:\KEIL5\Core\ARM\ARMCC\Bin
C Compiler:      Armcc.exe V5.06 update 7 (build 960)
Assembler:       Armasm.exe V5.06 update 7 (build 960)
Linker/Locator:  ArmLink.exe V5.06 update 7 (build 960)
Library Manager: ArmAr.exe V5.06 update 7 (build 960)
Hex Converter:   FromElf.exe V5.06 update 7 (build 960)
CPU DLL:         SARMCM3.DLL V5.35.0.2
Dialog DLL:      DCM.DLL V1.17.3.0
Target DLL:      Segger\JL2CM3.dll V2.99.40.0
Dialog DLL:      TCM.DLL V1.53.0.0
 
<h2>Project:</h2>
G:\daima\NEW_INFANTRY\CHASSIS\MDK-ARM\NEW_INFANTRY.uvprojx
Project File Date:  04/08/2023

<h2>Output:</h2>
*** Using Compiler 'V5.06 update 7 (build 960)', folder: 'D:\KEIL5\Core\ARM\ARMCC\Bin'
Rebuild target 'NEW_INFANTRY'
compiling stm32f4xx_hal_timebase_tim.c...
compiling bsp_Motor_Encoder.c...
compiling tim.c...
compiling stm32f4xx_hal_msp.c...
compiling dma.c...
compiling usart.c...
compiling stm32f4xx_it.c...
compiling freertos.c...
compiling can.c...
compiling spi.c...
compiling main.c...
compiling CRC.c...
compiling gpio.c...
compiling Task_Safe.c...
compiling bsp_referee.c...
compiling bsp_dr16.c...
compiling rm_cilent_ui.c...
compiling can2_receive.c...
compiling imu_task.c...
compiling can1_receive.c...
compiling can2_send.c...
compiling Init_Task.c...
compiling pid.c...
compiling Ui_task.c...
compiling can1_send.c...
compiling maths.c...
compiling chassis_task.c...
..\TASK\chassis_task.c(29): warning:  #550-D: variable "currentTime"  was set but never used
  		static TickType_t currentTime;
..\TASK\chassis_task.c(213): warning:  #177-D: function "chassis_accel_control_calculate"  was declared but never referenced
  void chassis_accel_control_calculate(chassis_control_t *chassis_accel_control_calculate_f)
..\TASK\chassis_task.c: 2 warnings, 0 errors
compiling filter.c...
assembling startup_stm32f407xx.s...
compiling kalman_filter.c...
compiling QuaternionEKF.c...
compiling bsp_dwt.c...
compiling BMI088driver.c...
compiling BMI088Middleware.c...
compiling stm32f4xx_hal_can.c...
compiling bsp_PWM.c...
compiling stm32f4xx_hal_flash.c...
compiling stm32f4xx_hal_rcc_ex.c...
compiling stm32f4xx_hal_rcc.c...
compiling user_lib.c...
compiling chassis_behaviour.c...
compiling stm32f4xx_hal_flash_ramfunc.c...
compiling stm32f4xx_hal_flash_ex.c...
compiling stm32f4xx_hal_pwr.c...
compiling stm32f4xx_hal_gpio.c...
compiling stm32f4xx_hal_dma.c...
compiling stm32f4xx_hal_dma_ex.c...
compiling croutine.c...
compiling stm32f4xx_hal.c...
compiling stm32f4xx_hal_pwr_ex.c...
compiling stm32f4xx_hal_cortex.c...
compiling event_groups.c...
compiling stm32f4xx_hal_exti.c...
compiling list.c...
compiling timers.c...
compiling queue.c...
compiling stm32f4xx_hal_spi.c...
compiling stream_buffer.c...
compiling heap_4.c...
compiling tasks.c...
compiling cmsis_os.c...
compiling SEGGER_RTT.c...
compiling port.c...
compiling SEGGER_RTT_printf.c...
compiling SEGGER_SYSVIEW_Config_FreeRTOS.c...
compiling SEGGER_SYSVIEW_FreeRTOS.c...
compiling stm32f4xx_hal_tim.c...
compiling SEGGER_SYSVIEW.c...
compiling stm32f4xx_hal_tim_ex.c...
compiling stm32f4xx_hal_uart.c...
compiling system_stm32f4xx.c...
linking...
Program Size: Code=39492 RO-data=5204 RW-data=276 ZI-data=40396  
FromELF: creating hex file...
"NEW_INFANTRY\NEW_INFANTRY.axf" - 0 Error(s), 2 Warning(s).

<h2>Software Packages used:</h2>

Package Vendor: ARM
                http://www.keil.com/pack/ARM.CMSIS.5.8.0.pack
                ARM.CMSIS.5.8.0
                CMSIS (Common Microcontroller Software Interface Standard)
   * Component: CORE Version: 5.5.0

Package Vendor: Keil
                http://www.keil.com/pack/Keil.STM32F4xx_DFP.2.15.0.pack
                Keil.STM32F4xx_DFP.2.15.0
                STMicroelectronics STM32F4 Series Device Support, Drivers and Examples

<h2>Collection of Component include folders:</h2>
  .\RTE\_NEW_INFANTRY
  D:\KEIL5\Pack\ARM\CMSIS\5.8.0\CMSIS\Core\Include
  D:\KEIL5\Pack\Keil\STM32F4xx_DFP\2.15.0\Drivers\CMSIS\Device\ST\STM32F4xx\Include

<h2>Collection of Component Files used:</h2>

   * Component: ARM::CMSIS:CORE:5.5.0
      Include file:  CMSIS\Core\Include\tz_context.h
Build Time Elapsed:  00:00:13
</pre>
</body>
</html>
